
--- 2026-05-25T18:36:35.074Z debug
🪵  Writing logs to "D:\Ai reel Agent\.wrangler-tmp\.wrangler\logs\wrangler-2026-05-25_18-36-34_834.log"
---

--- 2026-05-25T18:36:35.073Z debug
.env file not found at "D:\Ai reel Agent\divine-compass-antigravity-recovered\.env". Continuing... For more details, refer to https://developers.cloudflare.com/workers/wrangler/system-environment-variables/
---

--- 2026-05-25T18:36:35.074Z debug
.env file not found at "D:\Ai reel Agent\divine-compass-antigravity-recovered\.env.local". Continuing... For more details, refer to https://developers.cloudflare.com/workers/wrangler/system-environment-variables/
---

--- 2026-05-25T18:36:35.084Z log

 ⛅️ wrangler 4.92.0 (update available 4.94.0)
─────────────────────────────────────────────
---

--- 2026-05-25T18:36:35.088Z debug
Metrics dispatcher: Posting data {"deviceId":"db2a9084-803f-4f5f-a7bf-10025247991f","event":"wrangler command started","timestamp":1779734195087,"properties":{"amplitude_session_id":1779734195086,"amplitude_event_id":0,"wranglerVersion":"4.92.0","wranglerMajorVersion":4,"wranglerMinorVersion":92,"wranglerPatchVersion":0,"osPlatform":"Windows","osVersion":"Windows 10 Home Single Language","nodeVersion":24,"isFirstUsage":false,"configFileType":"none","isCI":false,"isPagesCI":false,"isWorkersCI":false,"isInteractive":true,"hasAssets":false,"agent":null,"argsUsed":["projectName"],"argsCombination":"projectName","sanitizedCommand":"pages deploy","sanitizedArgs":{}}}
---

--- 2026-05-25T18:36:35.111Z debug
Retrieving cached values for account_id and project_name from node_modules\.cache\wrangler
---

--- 2026-05-25T18:36:35.122Z debug
-- START CF API REQUEST: GET https://api.cloudflare.com/client/v4/accounts/8a97ba904bc5bcdb34042cf2f5443825/pages/projects/divine-compass
---

--- 2026-05-25T18:36:35.122Z debug
QUERY STRING: omitted; set WRANGLER_LOG_SANITIZE=false to include sanitized data
---

--- 2026-05-25T18:36:35.123Z debug
HEADERS: omitted; set WRANGLER_LOG_SANITIZE=false to include sanitized data
---

--- 2026-05-25T18:36:35.123Z debug
INIT: omitted; set WRANGLER_LOG_SANITIZE=false to include sanitized data
---

--- 2026-05-25T18:36:35.123Z debug
-- END CF API REQUEST
---

--- 2026-05-25T18:36:37.689Z debug
-- START CF API RESPONSE: OK 200
---

--- 2026-05-25T18:36:37.689Z debug
HEADERS: omitted; set WRANGLER_LOG_SANITIZE=false to include sanitized data
---

--- 2026-05-25T18:36:37.689Z debug
RESPONSE: omitted; set WRANGLER_LOG_SANITIZE=false to include sanitized data
---

--- 2026-05-25T18:36:37.689Z debug
-- END CF API RESPONSE
---

--- 2026-05-25T18:36:37.693Z debug
pages deploy: Detecting git repository information...
---

--- 2026-05-25T18:36:37.761Z debug
pages deploy: Git repository detected
---

--- 2026-05-25T18:36:37.823Z debug
pages deploy: Working directory dirty status: true
---

--- 2026-05-25T18:36:37.878Z debug
pages deploy: Detected branch: "main"
---

--- 2026-05-25T18:36:37.940Z debug
pages deploy: Detected commit hash: "d8d3f7ebc71d2e2641914c21ceb8504588455a8d"
---

--- 2026-05-25T18:36:37.979Z debug
pages deploy: Detected commit message: "Updated premium AI reel app"
---

--- 2026-05-25T18:36:37.980Z debug
pages deploy: Git information summary - branch: main, commitHash: d8d3f7ebc71d2e2641914c21ceb8504588455a8d, commitDirty: true
---

--- 2026-05-25T18:36:37.982Z debug
-- START CF API REQUEST: GET https://api.cloudflare.com/client/v4/accounts/8a97ba904bc5bcdb34042cf2f5443825/pages/projects/divine-compass
---

--- 2026-05-25T18:36:37.982Z debug
QUERY STRING: omitted; set WRANGLER_LOG_SANITIZE=false to include sanitized data
---

--- 2026-05-25T18:36:37.983Z debug
HEADERS: omitted; set WRANGLER_LOG_SANITIZE=false to include sanitized data
---

--- 2026-05-25T18:36:37.983Z debug
INIT: omitted; set WRANGLER_LOG_SANITIZE=false to include sanitized data
---

--- 2026-05-25T18:36:37.983Z debug
-- END CF API REQUEST
---

--- 2026-05-25T18:36:39.918Z debug
-- START CF API RESPONSE: OK 200
---

--- 2026-05-25T18:36:39.919Z debug
HEADERS: omitted; set WRANGLER_LOG_SANITIZE=false to include sanitized data
---

--- 2026-05-25T18:36:39.919Z debug
RESPONSE: omitted; set WRANGLER_LOG_SANITIZE=false to include sanitized data
---

--- 2026-05-25T18:36:39.919Z debug
-- END CF API RESPONSE
---

--- 2026-05-25T18:36:39.923Z debug
-- START CF API REQUEST: GET https://api.cloudflare.com/client/v4/accounts/8a97ba904bc5bcdb34042cf2f5443825/pages/projects/divine-compass/upload-token
---

--- 2026-05-25T18:36:39.923Z debug
QUERY STRING: omitted; set WRANGLER_LOG_SANITIZE=false to include sanitized data
---

--- 2026-05-25T18:36:39.924Z debug
HEADERS: omitted; set WRANGLER_LOG_SANITIZE=false to include sanitized data
---

--- 2026-05-25T18:36:39.924Z debug
INIT: omitted; set WRANGLER_LOG_SANITIZE=false to include sanitized data
---

--- 2026-05-25T18:36:39.924Z debug
-- END CF API REQUEST
---

--- 2026-05-25T18:36:41.886Z debug
-- START CF API RESPONSE: OK 200
---

--- 2026-05-25T18:36:41.886Z debug
HEADERS: omitted; set WRANGLER_LOG_SANITIZE=false to include sanitized data
---

--- 2026-05-25T18:36:41.886Z debug
RESPONSE: omitted; set WRANGLER_LOG_SANITIZE=false to include sanitized data
---

--- 2026-05-25T18:36:41.886Z debug
-- END CF API RESPONSE
---

--- 2026-05-25T18:36:41.915Z debug
-- START CF API REQUEST: GET https://api.cloudflare.com/client/v4/accounts/8a97ba904bc5bcdb34042cf2f5443825/pages/projects/divine-compass/upload-token
---

--- 2026-05-25T18:36:41.916Z debug
QUERY STRING: omitted; set WRANGLER_LOG_SANITIZE=false to include sanitized data
---

--- 2026-05-25T18:36:41.916Z debug
HEADERS: omitted; set WRANGLER_LOG_SANITIZE=false to include sanitized data
---

--- 2026-05-25T18:36:41.916Z debug
INIT: omitted; set WRANGLER_LOG_SANITIZE=false to include sanitized data
---

--- 2026-05-25T18:36:41.916Z debug
-- END CF API REQUEST
---

--- 2026-05-25T18:36:43.972Z debug
-- START CF API RESPONSE: OK 200
---

--- 2026-05-25T18:36:43.972Z debug
HEADERS: omitted; set WRANGLER_LOG_SANITIZE=false to include sanitized data
---

--- 2026-05-25T18:36:43.972Z debug
RESPONSE: omitted; set WRANGLER_LOG_SANITIZE=false to include sanitized data
---

--- 2026-05-25T18:36:43.973Z debug
-- END CF API RESPONSE
---

--- 2026-05-25T18:36:43.973Z debug
-- START CF API REQUEST: POST https://api.cloudflare.com/client/v4/pages/assets/check-missing
---

--- 2026-05-25T18:36:43.973Z debug
QUERY STRING: omitted; set WRANGLER_LOG_SANITIZE=false to include sanitized data
---

--- 2026-05-25T18:36:43.974Z debug
HEADERS: omitted; set WRANGLER_LOG_SANITIZE=false to include sanitized data
---

--- 2026-05-25T18:36:43.974Z debug
INIT: omitted; set WRANGLER_LOG_SANITIZE=false to include sanitized data
---

--- 2026-05-25T18:36:43.974Z debug
-- END CF API REQUEST
---

--- 2026-05-25T18:36:44.480Z debug
-- START CF API RESPONSE: OK 200
---

--- 2026-05-25T18:36:44.480Z debug
HEADERS: omitted; set WRANGLER_LOG_SANITIZE=false to include sanitized data
---

--- 2026-05-25T18:36:44.480Z debug
RESPONSE: omitted; set WRANGLER_LOG_SANITIZE=false to include sanitized data
---

--- 2026-05-25T18:36:44.480Z debug
-- END CF API RESPONSE
---

--- 2026-05-25T18:36:44.482Z log
✨ Success! Uploaded 0 files (12 already uploaded) (0.51 sec)

---

--- 2026-05-25T18:36:44.482Z debug
-- START CF API REQUEST: POST https://api.cloudflare.com/client/v4/pages/assets/upsert-hashes
---

--- 2026-05-25T18:36:44.482Z debug
QUERY STRING: omitted; set WRANGLER_LOG_SANITIZE=false to include sanitized data
---

--- 2026-05-25T18:36:44.483Z debug
HEADERS: omitted; set WRANGLER_LOG_SANITIZE=false to include sanitized data
---

--- 2026-05-25T18:36:44.483Z debug
INIT: omitted; set WRANGLER_LOG_SANITIZE=false to include sanitized data
---

--- 2026-05-25T18:36:44.483Z debug
-- END CF API REQUEST
---

--- 2026-05-25T18:36:45.081Z debug
-- START CF API RESPONSE: OK 200
---

--- 2026-05-25T18:36:45.081Z debug
HEADERS: omitted; set WRANGLER_LOG_SANITIZE=false to include sanitized data
---

--- 2026-05-25T18:36:45.082Z debug
RESPONSE: omitted; set WRANGLER_LOG_SANITIZE=false to include sanitized data
---

--- 2026-05-25T18:36:45.082Z debug
-- END CF API RESPONSE
---

--- 2026-05-25T18:36:45.083Z log
✨ Uploading _redirects
---

--- 2026-05-25T18:36:45.083Z debug
-- START CF API REQUEST: POST https://api.cloudflare.com/client/v4/accounts/8a97ba904bc5bcdb34042cf2f5443825/pages/projects/divine-compass/deployments
---

--- 2026-05-25T18:36:45.083Z debug
QUERY STRING: omitted; set WRANGLER_LOG_SANITIZE=false to include sanitized data
---

--- 2026-05-25T18:36:45.083Z debug
HEADERS: omitted; set WRANGLER_LOG_SANITIZE=false to include sanitized data
---

--- 2026-05-25T18:36:45.084Z debug
INIT: omitted; set WRANGLER_LOG_SANITIZE=false to include sanitized data
---

--- 2026-05-25T18:36:45.085Z debug
BODY: omitted; set WRANGLER_LOG_SANITIZE=false to include sanitized data
---

--- 2026-05-25T18:36:45.086Z debug
-- END CF API REQUEST
---

--- 2026-05-25T18:36:47.603Z debug
-- START CF API RESPONSE: OK 200
---

--- 2026-05-25T18:36:47.604Z debug
HEADERS: omitted; set WRANGLER_LOG_SANITIZE=false to include sanitized data
---

--- 2026-05-25T18:36:47.604Z debug
RESPONSE: omitted; set WRANGLER_LOG_SANITIZE=false to include sanitized data
---

--- 2026-05-25T18:36:47.604Z debug
-- END CF API RESPONSE
---

--- 2026-05-25T18:36:47.605Z debug
Saving to cache: {"account_id":"8a97ba904bc5bcdb34042cf2f5443825","project_name":"divine-compass"}
---

--- 2026-05-25T18:36:47.605Z log
🌎 Deploying...
---

--- 2026-05-25T18:36:48.617Z debug
attempt #1: Attempting to fetch status for deployment with id "d9491b68-b037-4b19-b966-04172f2eb98c" ...
---

--- 2026-05-25T18:36:48.617Z debug
-- START CF API REQUEST: GET https://api.cloudflare.com/client/v4/accounts/8a97ba904bc5bcdb34042cf2f5443825/pages/projects/divine-compass/deployments/d9491b68-b037-4b19-b966-04172f2eb98c
---

--- 2026-05-25T18:36:48.617Z debug
QUERY STRING: omitted; set WRANGLER_LOG_SANITIZE=false to include sanitized data
---

--- 2026-05-25T18:36:48.617Z debug
HEADERS: omitted; set WRANGLER_LOG_SANITIZE=false to include sanitized data
---

--- 2026-05-25T18:36:48.617Z debug
INIT: omitted; set WRANGLER_LOG_SANITIZE=false to include sanitized data
---

--- 2026-05-25T18:36:48.617Z debug
-- END CF API REQUEST
---

--- 2026-05-25T18:36:50.676Z debug
-- START CF API RESPONSE: OK 200
---

--- 2026-05-25T18:36:50.676Z debug
HEADERS: omitted; set WRANGLER_LOG_SANITIZE=false to include sanitized data
---

--- 2026-05-25T18:36:50.676Z debug
RESPONSE: omitted; set WRANGLER_LOG_SANITIZE=false to include sanitized data
---

--- 2026-05-25T18:36:50.676Z debug
-- END CF API RESPONSE
---

--- 2026-05-25T18:36:50.677Z log
✨ Deployment complete! Take a peek over at https://d9491b68.divine-compass.pages.dev
✨ Deployment alias URL: https://main.divine-compass.pages.dev
---

--- 2026-05-25T18:36:50.678Z debug
Metrics dispatcher: Posting data {"deviceId":"db2a9084-803f-4f5f-a7bf-10025247991f","event":"create pages deployment","timestamp":1779734210678,"properties":{"amplitude_session_id":1779734210677,"amplitude_event_id":0,"wranglerVersion":"4.92.0","wranglerMajorVersion":4,"wranglerMinorVersion":92,"wranglerPatchVersion":0,"osPlatform":"Windows","osVersion":"Windows 10 Home Single Language","nodeVersion":24,"isFirstUsage":false,"configFileType":"none","isCI":false,"isPagesCI":false,"isWorkersCI":false,"isInteractive":true,"hasAssets":false,"agent":null,"category":"Workers","os":"win32:x64"}}
---

--- 2026-05-25T18:36:50.681Z debug
Metrics dispatcher: Posting data {"deviceId":"db2a9084-803f-4f5f-a7bf-10025247991f","event":"wrangler command completed","timestamp":1779734210681,"properties":{"amplitude_session_id":1779734195086,"amplitude_event_id":1,"wranglerVersion":"4.92.0","wranglerMajorVersion":4,"wranglerMinorVersion":92,"wranglerPatchVersion":0,"osPlatform":"Windows","osVersion":"Windows 10 Home Single Language","nodeVersion":24,"isFirstUsage":false,"configFileType":"none","isCI":false,"isPagesCI":false,"isWorkersCI":false,"isInteractive":true,"hasAssets":false,"agent":null,"argsUsed":["projectName"],"argsCombination":"projectName","sanitizedCommand":"pages deploy","sanitizedArgs":{},"durationMs":15604}}
---
