
--- 2026-05-26T11:58:31.154Z debug
🪵  Writing logs to "D:\Ai reel Agent\.wrangler-tmp\.wrangler\logs\wrangler-2026-05-26_11-58-30_880.log"
---

--- 2026-05-26T11:58:31.153Z debug
.env file not found at "D:\Ai reel Agent\divine-compass-main\.env". Continuing... For more details, refer to https://developers.cloudflare.com/workers/wrangler/system-environment-variables/
---

--- 2026-05-26T11:58:31.154Z debug
.env file not found at "D:\Ai reel Agent\divine-compass-main\.env.local". Continuing... For more details, refer to https://developers.cloudflare.com/workers/wrangler/system-environment-variables/
---

--- 2026-05-26T11:58:31.164Z log

 ⛅️ wrangler 4.92.0 (update available 4.94.0)
─────────────────────────────────────────────
---

--- 2026-05-26T11:58:31.167Z debug
Metrics dispatcher: Posting data {"deviceId":"db2a9084-803f-4f5f-a7bf-10025247991f","event":"wrangler command started","timestamp":1779796711167,"properties":{"amplitude_session_id":1779796711165,"amplitude_event_id":0,"wranglerVersion":"4.92.0","wranglerMajorVersion":4,"wranglerMinorVersion":92,"wranglerPatchVersion":0,"osPlatform":"Windows","osVersion":"Windows 10 Home Single Language","nodeVersion":24,"packageManager":"npm","isFirstUsage":false,"configFileType":"none","isCI":false,"isPagesCI":false,"isWorkersCI":false,"isInteractive":false,"hasAssets":false,"agent":null,"argsUsed":["projectName"],"argsCombination":"projectName","sanitizedCommand":"pages deploy","sanitizedArgs":{}}}
---

--- 2026-05-26T11:58:31.203Z debug
-- START CF API REQUEST: GET https://api.cloudflare.com/client/v4/accounts/8a97ba904bc5bcdb34042cf2f5443825/pages/projects/divine-compass
---

--- 2026-05-26T11:58:31.204Z debug
QUERY STRING: omitted; set WRANGLER_LOG_SANITIZE=false to include sanitized data
---

--- 2026-05-26T11:58:31.204Z debug
HEADERS: omitted; set WRANGLER_LOG_SANITIZE=false to include sanitized data
---

--- 2026-05-26T11:58:31.204Z debug
INIT: omitted; set WRANGLER_LOG_SANITIZE=false to include sanitized data
---

--- 2026-05-26T11:58:31.205Z debug
-- END CF API REQUEST
---

--- 2026-05-26T11:58:33.528Z debug
-- START CF API RESPONSE: OK 200
---

--- 2026-05-26T11:58:33.529Z debug
HEADERS: omitted; set WRANGLER_LOG_SANITIZE=false to include sanitized data
---

--- 2026-05-26T11:58:33.529Z debug
RESPONSE: omitted; set WRANGLER_LOG_SANITIZE=false to include sanitized data
---

--- 2026-05-26T11:58:33.529Z debug
-- END CF API RESPONSE
---

--- 2026-05-26T11:58:33.533Z debug
pages deploy: Detecting git repository information...
---

--- 2026-05-26T11:58:33.595Z debug
pages deploy: Git repository detected
---

--- 2026-05-26T11:58:33.656Z debug
pages deploy: Working directory dirty status: true
---

--- 2026-05-26T11:58:33.710Z debug
pages deploy: Detected branch: "main"
---

--- 2026-05-26T11:58:33.766Z debug
pages deploy: Detected commit hash: "d8d3f7ebc71d2e2641914c21ceb8504588455a8d"
---

--- 2026-05-26T11:58:33.806Z debug
pages deploy: Detected commit message: "Updated premium AI reel app"
---

--- 2026-05-26T11:58:33.806Z debug
pages deploy: Git information summary - branch: main, commitHash: d8d3f7ebc71d2e2641914c21ceb8504588455a8d, commitDirty: true
---

--- 2026-05-26T11:58:33.808Z debug
-- START CF API REQUEST: GET https://api.cloudflare.com/client/v4/accounts/8a97ba904bc5bcdb34042cf2f5443825/pages/projects/divine-compass
---

--- 2026-05-26T11:58:33.808Z debug
QUERY STRING: omitted; set WRANGLER_LOG_SANITIZE=false to include sanitized data
---

--- 2026-05-26T11:58:33.808Z debug
HEADERS: omitted; set WRANGLER_LOG_SANITIZE=false to include sanitized data
---

--- 2026-05-26T11:58:33.809Z debug
INIT: omitted; set WRANGLER_LOG_SANITIZE=false to include sanitized data
---

--- 2026-05-26T11:58:33.809Z debug
-- END CF API REQUEST
---

--- 2026-05-26T11:58:35.627Z debug
-- START CF API RESPONSE: OK 200
---

--- 2026-05-26T11:58:35.627Z debug
HEADERS: omitted; set WRANGLER_LOG_SANITIZE=false to include sanitized data
---

--- 2026-05-26T11:58:35.627Z debug
RESPONSE: omitted; set WRANGLER_LOG_SANITIZE=false to include sanitized data
---

--- 2026-05-26T11:58:35.627Z debug
-- END CF API RESPONSE
---

--- 2026-05-26T11:58:35.822Z log
✨ Compiled Worker successfully
---

--- 2026-05-26T11:58:35.824Z debug
-- START CF API REQUEST: GET https://api.cloudflare.com/client/v4/accounts/8a97ba904bc5bcdb34042cf2f5443825/pages/projects/divine-compass/upload-token
---

--- 2026-05-26T11:58:35.824Z debug
QUERY STRING: omitted; set WRANGLER_LOG_SANITIZE=false to include sanitized data
---

--- 2026-05-26T11:58:35.824Z debug
HEADERS: omitted; set WRANGLER_LOG_SANITIZE=false to include sanitized data
---

--- 2026-05-26T11:58:35.824Z debug
INIT: omitted; set WRANGLER_LOG_SANITIZE=false to include sanitized data
---

--- 2026-05-26T11:58:35.824Z debug
-- END CF API REQUEST
---

--- 2026-05-26T11:58:37.729Z debug
-- START CF API RESPONSE: OK 200
---

--- 2026-05-26T11:58:37.729Z debug
HEADERS: omitted; set WRANGLER_LOG_SANITIZE=false to include sanitized data
---

--- 2026-05-26T11:58:37.729Z debug
RESPONSE: omitted; set WRANGLER_LOG_SANITIZE=false to include sanitized data
---

--- 2026-05-26T11:58:37.729Z debug
-- END CF API RESPONSE
---

--- 2026-05-26T11:58:37.813Z debug
-- START CF API REQUEST: GET https://api.cloudflare.com/client/v4/accounts/8a97ba904bc5bcdb34042cf2f5443825/pages/projects/divine-compass/upload-token
---

--- 2026-05-26T11:58:37.813Z debug
QUERY STRING: omitted; set WRANGLER_LOG_SANITIZE=false to include sanitized data
---

--- 2026-05-26T11:58:37.813Z debug
HEADERS: omitted; set WRANGLER_LOG_SANITIZE=false to include sanitized data
---

--- 2026-05-26T11:58:37.813Z debug
INIT: omitted; set WRANGLER_LOG_SANITIZE=false to include sanitized data
---

--- 2026-05-26T11:58:37.813Z debug
-- END CF API REQUEST
---

--- 2026-05-26T11:58:39.951Z debug
-- START CF API RESPONSE: OK 200
---

--- 2026-05-26T11:58:39.952Z debug
HEADERS: omitted; set WRANGLER_LOG_SANITIZE=false to include sanitized data
---

--- 2026-05-26T11:58:39.952Z debug
RESPONSE: omitted; set WRANGLER_LOG_SANITIZE=false to include sanitized data
---

--- 2026-05-26T11:58:39.952Z debug
-- END CF API RESPONSE
---

--- 2026-05-26T11:58:39.953Z debug
-- START CF API REQUEST: POST https://api.cloudflare.com/client/v4/pages/assets/check-missing
---

--- 2026-05-26T11:58:39.953Z debug
QUERY STRING: omitted; set WRANGLER_LOG_SANITIZE=false to include sanitized data
---

--- 2026-05-26T11:58:39.953Z debug
HEADERS: omitted; set WRANGLER_LOG_SANITIZE=false to include sanitized data
---

--- 2026-05-26T11:58:39.953Z debug
INIT: omitted; set WRANGLER_LOG_SANITIZE=false to include sanitized data
---

--- 2026-05-26T11:58:39.953Z debug
-- END CF API REQUEST
---

--- 2026-05-26T11:58:40.221Z debug
-- START CF API RESPONSE: OK 200
---

--- 2026-05-26T11:58:40.221Z debug
HEADERS: omitted; set WRANGLER_LOG_SANITIZE=false to include sanitized data
---

--- 2026-05-26T11:58:40.221Z debug
RESPONSE: omitted; set WRANGLER_LOG_SANITIZE=false to include sanitized data
---

--- 2026-05-26T11:58:40.222Z debug
-- END CF API RESPONSE
---

--- 2026-05-26T11:58:40.222Z log
Uploading... (42/42)
---

--- 2026-05-26T11:58:40.223Z log
✨ Success! Uploaded 0 files (42 already uploaded) (0.27 sec)

---

--- 2026-05-26T11:58:40.223Z debug
-- START CF API REQUEST: POST https://api.cloudflare.com/client/v4/pages/assets/upsert-hashes
---

--- 2026-05-26T11:58:40.224Z debug
QUERY STRING: omitted; set WRANGLER_LOG_SANITIZE=false to include sanitized data
---

--- 2026-05-26T11:58:40.224Z debug
HEADERS: omitted; set WRANGLER_LOG_SANITIZE=false to include sanitized data
---

--- 2026-05-26T11:58:40.224Z debug
INIT: omitted; set WRANGLER_LOG_SANITIZE=false to include sanitized data
---

--- 2026-05-26T11:58:40.224Z debug
-- END CF API REQUEST
---

--- 2026-05-26T11:58:42.606Z debug
-- START CF API RESPONSE: OK 200
---

--- 2026-05-26T11:58:42.607Z debug
HEADERS: omitted; set WRANGLER_LOG_SANITIZE=false to include sanitized data
---

--- 2026-05-26T11:58:42.607Z debug
RESPONSE: omitted; set WRANGLER_LOG_SANITIZE=false to include sanitized data
---

--- 2026-05-26T11:58:42.607Z debug
-- END CF API RESPONSE
---

--- 2026-05-26T11:58:42.609Z log
✨ Uploading _redirects
---

--- 2026-05-26T11:58:42.614Z log
✨ Uploading Functions bundle
---

--- 2026-05-26T11:58:42.615Z debug
-- START CF API REQUEST: POST https://api.cloudflare.com/client/v4/accounts/8a97ba904bc5bcdb34042cf2f5443825/pages/projects/divine-compass/deployments
---

--- 2026-05-26T11:58:42.615Z debug
QUERY STRING: omitted; set WRANGLER_LOG_SANITIZE=false to include sanitized data
---

--- 2026-05-26T11:58:42.615Z debug
HEADERS: omitted; set WRANGLER_LOG_SANITIZE=false to include sanitized data
---

--- 2026-05-26T11:58:42.615Z debug
INIT: omitted; set WRANGLER_LOG_SANITIZE=false to include sanitized data
---

--- 2026-05-26T11:58:42.617Z debug
BODY: omitted; set WRANGLER_LOG_SANITIZE=false to include sanitized data
---

--- 2026-05-26T11:58:42.617Z debug
-- END CF API REQUEST
---

--- 2026-05-26T11:58:45.571Z debug
-- START CF API RESPONSE: OK 200
---

--- 2026-05-26T11:58:45.571Z debug
HEADERS: omitted; set WRANGLER_LOG_SANITIZE=false to include sanitized data
---

--- 2026-05-26T11:58:45.571Z debug
RESPONSE: omitted; set WRANGLER_LOG_SANITIZE=false to include sanitized data
---

--- 2026-05-26T11:58:45.571Z debug
-- END CF API RESPONSE
---

--- 2026-05-26T11:58:45.572Z debug
Saving to cache: {"account_id":"8a97ba904bc5bcdb34042cf2f5443825","project_name":"divine-compass"}
---

--- 2026-05-26T11:58:45.573Z log
🌎 Deploying...
---

--- 2026-05-26T11:58:46.586Z debug
attempt #1: Attempting to fetch status for deployment with id "889b0869-9c22-4097-a241-fdc76c79a08c" ...
---

--- 2026-05-26T11:58:46.586Z debug
-- START CF API REQUEST: GET https://api.cloudflare.com/client/v4/accounts/8a97ba904bc5bcdb34042cf2f5443825/pages/projects/divine-compass/deployments/889b0869-9c22-4097-a241-fdc76c79a08c
---

--- 2026-05-26T11:58:46.586Z debug
QUERY STRING: omitted; set WRANGLER_LOG_SANITIZE=false to include sanitized data
---

--- 2026-05-26T11:58:46.586Z debug
HEADERS: omitted; set WRANGLER_LOG_SANITIZE=false to include sanitized data
---

--- 2026-05-26T11:58:46.586Z debug
INIT: omitted; set WRANGLER_LOG_SANITIZE=false to include sanitized data
---

--- 2026-05-26T11:58:46.586Z debug
-- END CF API REQUEST
---

--- 2026-05-26T11:58:48.617Z debug
-- START CF API RESPONSE: OK 200
---

--- 2026-05-26T11:58:48.617Z debug
HEADERS: omitted; set WRANGLER_LOG_SANITIZE=false to include sanitized data
---

--- 2026-05-26T11:58:48.618Z debug
RESPONSE: omitted; set WRANGLER_LOG_SANITIZE=false to include sanitized data
---

--- 2026-05-26T11:58:48.618Z debug
-- END CF API RESPONSE
---

--- 2026-05-26T11:58:48.619Z log
✨ Deployment complete! Take a peek over at https://889b0869.divine-compass.pages.dev
---

--- 2026-05-26T11:58:48.620Z debug
Metrics dispatcher: Posting data {"deviceId":"db2a9084-803f-4f5f-a7bf-10025247991f","event":"create pages deployment","timestamp":1779796728620,"properties":{"amplitude_session_id":1779796728619,"amplitude_event_id":0,"wranglerVersion":"4.92.0","wranglerMajorVersion":4,"wranglerMinorVersion":92,"wranglerPatchVersion":0,"osPlatform":"Windows","osVersion":"Windows 10 Home Single Language","nodeVersion":24,"packageManager":"npm","isFirstUsage":false,"configFileType":"none","isCI":false,"isPagesCI":false,"isWorkersCI":false,"isInteractive":false,"hasAssets":false,"agent":null,"category":"Workers","os":"win32:x64"}}
---

--- 2026-05-26T11:58:48.622Z debug
Metrics dispatcher: Posting data {"deviceId":"db2a9084-803f-4f5f-a7bf-10025247991f","event":"wrangler command completed","timestamp":1779796728622,"properties":{"amplitude_session_id":1779796711165,"amplitude_event_id":1,"wranglerVersion":"4.92.0","wranglerMajorVersion":4,"wranglerMinorVersion":92,"wranglerPatchVersion":0,"osPlatform":"Windows","osVersion":"Windows 10 Home Single Language","nodeVersion":24,"packageManager":"npm","isFirstUsage":false,"configFileType":"none","isCI":false,"isPagesCI":false,"isWorkersCI":false,"isInteractive":false,"hasAssets":false,"agent":null,"argsUsed":["projectName"],"argsCombination":"projectName","sanitizedCommand":"pages deploy","sanitizedArgs":{},"durationMs":17466}}
---
