
--- 2026-05-25T19:05:20.864Z debug
🪵  Writing logs to "D:\Ai reel Agent\.wrangler-tmp\.wrangler\logs\wrangler-2026-05-25_19-05-20_626.log"
---

--- 2026-05-25T19:05:20.863Z debug
.env file not found at "D:\Ai reel Agent\divine-compass-antigravity-recovered\.env". Continuing... For more details, refer to https://developers.cloudflare.com/workers/wrangler/system-environment-variables/
---

--- 2026-05-25T19:05:20.864Z debug
.env file not found at "D:\Ai reel Agent\divine-compass-antigravity-recovered\.env.local". Continuing... For more details, refer to https://developers.cloudflare.com/workers/wrangler/system-environment-variables/
---

--- 2026-05-25T19:05:20.873Z log

 ⛅️ wrangler 4.92.0 (update available 4.94.0)
─────────────────────────────────────────────
---

--- 2026-05-25T19:05:20.877Z debug
Metrics dispatcher: Posting data {"deviceId":"db2a9084-803f-4f5f-a7bf-10025247991f","event":"wrangler command started","timestamp":1779735920877,"properties":{"amplitude_session_id":1779735920875,"amplitude_event_id":0,"wranglerVersion":"4.92.0","wranglerMajorVersion":4,"wranglerMinorVersion":92,"wranglerPatchVersion":0,"osPlatform":"Windows","osVersion":"Windows 10 Home Single Language","nodeVersion":24,"isFirstUsage":false,"configFileType":"none","isCI":false,"isPagesCI":false,"isWorkersCI":false,"isInteractive":true,"hasAssets":false,"agent":null,"argsUsed":["branch","projectName"],"argsCombination":"branch, projectName","sanitizedCommand":"pages deploy","sanitizedArgs":{}}}
---

--- 2026-05-25T19:05:20.900Z debug
Retrieving cached values for account_id and project_name from node_modules\.cache\wrangler
---

--- 2026-05-25T19:05:20.911Z debug
-- START CF API REQUEST: GET https://api.cloudflare.com/client/v4/accounts/8a97ba904bc5bcdb34042cf2f5443825/pages/projects/divine-compass
---

--- 2026-05-25T19:05:20.912Z debug
QUERY STRING: omitted; set WRANGLER_LOG_SANITIZE=false to include sanitized data
---

--- 2026-05-25T19:05:20.912Z debug
HEADERS: omitted; set WRANGLER_LOG_SANITIZE=false to include sanitized data
---

--- 2026-05-25T19:05:20.912Z debug
INIT: omitted; set WRANGLER_LOG_SANITIZE=false to include sanitized data
---

--- 2026-05-25T19:05:20.913Z debug
-- END CF API REQUEST
---

--- 2026-05-25T19:05:23.432Z debug
-- START CF API RESPONSE: OK 200
---

--- 2026-05-25T19:05:23.433Z debug
HEADERS: omitted; set WRANGLER_LOG_SANITIZE=false to include sanitized data
---

--- 2026-05-25T19:05:23.433Z debug
RESPONSE: omitted; set WRANGLER_LOG_SANITIZE=false to include sanitized data
---

--- 2026-05-25T19:05:23.433Z debug
-- END CF API RESPONSE
---

--- 2026-05-25T19:05:23.436Z debug
pages deploy: Detecting git repository information...
---

--- 2026-05-25T19:05:23.488Z debug
pages deploy: Git repository detected
---

--- 2026-05-25T19:05:23.542Z debug
pages deploy: Working directory dirty status: true
---

--- 2026-05-25T19:05:23.542Z debug
pages deploy: Using provided branch: "production"
---

--- 2026-05-25T19:05:23.592Z debug
pages deploy: Detected commit hash: "d8d3f7ebc71d2e2641914c21ceb8504588455a8d"
---

--- 2026-05-25T19:05:23.626Z debug
pages deploy: Detected commit message: "Updated premium AI reel app"
---

--- 2026-05-25T19:05:23.627Z debug
pages deploy: Git information summary - branch: production, commitHash: d8d3f7ebc71d2e2641914c21ceb8504588455a8d, commitDirty: true
---

--- 2026-05-25T19:05:23.628Z debug
-- START CF API REQUEST: GET https://api.cloudflare.com/client/v4/accounts/8a97ba904bc5bcdb34042cf2f5443825/pages/projects/divine-compass
---

--- 2026-05-25T19:05:23.628Z debug
QUERY STRING: omitted; set WRANGLER_LOG_SANITIZE=false to include sanitized data
---

--- 2026-05-25T19:05:23.628Z debug
HEADERS: omitted; set WRANGLER_LOG_SANITIZE=false to include sanitized data
---

--- 2026-05-25T19:05:23.628Z debug
INIT: omitted; set WRANGLER_LOG_SANITIZE=false to include sanitized data
---

--- 2026-05-25T19:05:23.628Z debug
-- END CF API REQUEST
---

--- 2026-05-25T19:05:25.643Z debug
-- START CF API RESPONSE: OK 200
---

--- 2026-05-25T19:05:25.643Z debug
HEADERS: omitted; set WRANGLER_LOG_SANITIZE=false to include sanitized data
---

--- 2026-05-25T19:05:25.643Z debug
RESPONSE: omitted; set WRANGLER_LOG_SANITIZE=false to include sanitized data
---

--- 2026-05-25T19:05:25.643Z debug
-- END CF API RESPONSE
---

--- 2026-05-25T19:05:25.647Z debug
-- START CF API REQUEST: GET https://api.cloudflare.com/client/v4/accounts/8a97ba904bc5bcdb34042cf2f5443825/pages/projects/divine-compass/upload-token
---

--- 2026-05-25T19:05:25.647Z debug
QUERY STRING: omitted; set WRANGLER_LOG_SANITIZE=false to include sanitized data
---

--- 2026-05-25T19:05:25.647Z debug
HEADERS: omitted; set WRANGLER_LOG_SANITIZE=false to include sanitized data
---

--- 2026-05-25T19:05:25.648Z debug
INIT: omitted; set WRANGLER_LOG_SANITIZE=false to include sanitized data
---

--- 2026-05-25T19:05:25.648Z debug
-- END CF API REQUEST
---

--- 2026-05-25T19:05:27.525Z debug
-- START CF API RESPONSE: OK 200
---

--- 2026-05-25T19:05:27.525Z debug
HEADERS: omitted; set WRANGLER_LOG_SANITIZE=false to include sanitized data
---

--- 2026-05-25T19:05:27.525Z debug
RESPONSE: omitted; set WRANGLER_LOG_SANITIZE=false to include sanitized data
---

--- 2026-05-25T19:05:27.525Z debug
-- END CF API RESPONSE
---

--- 2026-05-25T19:05:27.554Z debug
-- START CF API REQUEST: GET https://api.cloudflare.com/client/v4/accounts/8a97ba904bc5bcdb34042cf2f5443825/pages/projects/divine-compass/upload-token
---

--- 2026-05-25T19:05:27.554Z debug
QUERY STRING: omitted; set WRANGLER_LOG_SANITIZE=false to include sanitized data
---

--- 2026-05-25T19:05:27.555Z debug
HEADERS: omitted; set WRANGLER_LOG_SANITIZE=false to include sanitized data
---

--- 2026-05-25T19:05:27.555Z debug
INIT: omitted; set WRANGLER_LOG_SANITIZE=false to include sanitized data
---

--- 2026-05-25T19:05:27.555Z debug
-- END CF API REQUEST
---

--- 2026-05-25T19:05:29.554Z debug
-- START CF API RESPONSE: OK 200
---

--- 2026-05-25T19:05:29.554Z debug
HEADERS: omitted; set WRANGLER_LOG_SANITIZE=false to include sanitized data
---

--- 2026-05-25T19:05:29.554Z debug
RESPONSE: omitted; set WRANGLER_LOG_SANITIZE=false to include sanitized data
---

--- 2026-05-25T19:05:29.555Z debug
-- END CF API RESPONSE
---

--- 2026-05-25T19:05:29.555Z debug
-- START CF API REQUEST: POST https://api.cloudflare.com/client/v4/pages/assets/check-missing
---

--- 2026-05-25T19:05:29.555Z debug
QUERY STRING: omitted; set WRANGLER_LOG_SANITIZE=false to include sanitized data
---

--- 2026-05-25T19:05:29.556Z debug
HEADERS: omitted; set WRANGLER_LOG_SANITIZE=false to include sanitized data
---

--- 2026-05-25T19:05:29.556Z debug
INIT: omitted; set WRANGLER_LOG_SANITIZE=false to include sanitized data
---

--- 2026-05-25T19:05:29.556Z debug
-- END CF API REQUEST
---

--- 2026-05-25T19:05:29.838Z debug
-- START CF API RESPONSE: OK 200
---

--- 2026-05-25T19:05:29.838Z debug
HEADERS: omitted; set WRANGLER_LOG_SANITIZE=false to include sanitized data
---

--- 2026-05-25T19:05:29.838Z debug
RESPONSE: omitted; set WRANGLER_LOG_SANITIZE=false to include sanitized data
---

--- 2026-05-25T19:05:29.838Z debug
-- END CF API RESPONSE
---

--- 2026-05-25T19:05:29.841Z debug
POST /pages/assets/upload
---

--- 2026-05-25T19:05:29.841Z debug
-- START CF API REQUEST: POST https://api.cloudflare.com/client/v4/pages/assets/upload
---

--- 2026-05-25T19:05:29.841Z debug
QUERY STRING: omitted; set WRANGLER_LOG_SANITIZE=false to include sanitized data
---

--- 2026-05-25T19:05:29.841Z debug
HEADERS: omitted; set WRANGLER_LOG_SANITIZE=false to include sanitized data
---

--- 2026-05-25T19:05:29.842Z debug
INIT: omitted; set WRANGLER_LOG_SANITIZE=false to include sanitized data
---

--- 2026-05-25T19:05:29.842Z debug
-- END CF API REQUEST
---

--- 2026-05-25T19:05:30.497Z debug
-- START CF API RESPONSE: OK 200
---

--- 2026-05-25T19:05:30.497Z debug
HEADERS: omitted; set WRANGLER_LOG_SANITIZE=false to include sanitized data
---

--- 2026-05-25T19:05:30.498Z debug
RESPONSE: omitted; set WRANGLER_LOG_SANITIZE=false to include sanitized data
---

--- 2026-05-25T19:05:30.498Z debug
-- END CF API RESPONSE
---

--- 2026-05-25T19:05:30.498Z debug
result: { successful_key_count: 1, unsuccessful_keys: [] }
---

--- 2026-05-25T19:05:30.499Z log
✨ Success! Uploaded 1 files (12 already uploaded) (0.94 sec)

---

--- 2026-05-25T19:05:30.499Z debug
-- START CF API REQUEST: POST https://api.cloudflare.com/client/v4/pages/assets/upsert-hashes
---

--- 2026-05-25T19:05:30.500Z debug
QUERY STRING: omitted; set WRANGLER_LOG_SANITIZE=false to include sanitized data
---

--- 2026-05-25T19:05:30.500Z debug
HEADERS: omitted; set WRANGLER_LOG_SANITIZE=false to include sanitized data
---

--- 2026-05-25T19:05:30.500Z debug
INIT: omitted; set WRANGLER_LOG_SANITIZE=false to include sanitized data
---

--- 2026-05-25T19:05:30.500Z debug
-- END CF API REQUEST
---

--- 2026-05-25T19:05:30.769Z debug
-- START CF API RESPONSE: OK 200
---

--- 2026-05-25T19:05:30.769Z debug
HEADERS: omitted; set WRANGLER_LOG_SANITIZE=false to include sanitized data
---

--- 2026-05-25T19:05:30.769Z debug
RESPONSE: omitted; set WRANGLER_LOG_SANITIZE=false to include sanitized data
---

--- 2026-05-25T19:05:30.769Z debug
-- END CF API RESPONSE
---

--- 2026-05-25T19:05:30.770Z log
✨ Uploading _redirects
---

--- 2026-05-25T19:05:30.770Z debug
-- START CF API REQUEST: POST https://api.cloudflare.com/client/v4/accounts/8a97ba904bc5bcdb34042cf2f5443825/pages/projects/divine-compass/deployments
---

--- 2026-05-25T19:05:30.770Z debug
QUERY STRING: omitted; set WRANGLER_LOG_SANITIZE=false to include sanitized data
---

--- 2026-05-25T19:05:30.770Z debug
HEADERS: omitted; set WRANGLER_LOG_SANITIZE=false to include sanitized data
---

--- 2026-05-25T19:05:30.771Z debug
INIT: omitted; set WRANGLER_LOG_SANITIZE=false to include sanitized data
---

--- 2026-05-25T19:05:30.772Z debug
BODY: omitted; set WRANGLER_LOG_SANITIZE=false to include sanitized data
---

--- 2026-05-25T19:05:30.772Z debug
-- END CF API REQUEST
---

--- 2026-05-25T19:05:33.080Z debug
-- START CF API RESPONSE: OK 200
---

--- 2026-05-25T19:05:33.080Z debug
HEADERS: omitted; set WRANGLER_LOG_SANITIZE=false to include sanitized data
---

--- 2026-05-25T19:05:33.080Z debug
RESPONSE: omitted; set WRANGLER_LOG_SANITIZE=false to include sanitized data
---

--- 2026-05-25T19:05:33.080Z debug
-- END CF API RESPONSE
---

--- 2026-05-25T19:05:33.081Z debug
Saving to cache: {"account_id":"8a97ba904bc5bcdb34042cf2f5443825","project_name":"divine-compass"}
---

--- 2026-05-25T19:05:33.082Z log
🌎 Deploying...
---

--- 2026-05-25T19:05:34.087Z debug
attempt #1: Attempting to fetch status for deployment with id "43a27150-d948-4790-b77e-1630cf908deb" ...
---

--- 2026-05-25T19:05:34.087Z debug
-- START CF API REQUEST: GET https://api.cloudflare.com/client/v4/accounts/8a97ba904bc5bcdb34042cf2f5443825/pages/projects/divine-compass/deployments/43a27150-d948-4790-b77e-1630cf908deb
---

--- 2026-05-25T19:05:34.087Z debug
QUERY STRING: omitted; set WRANGLER_LOG_SANITIZE=false to include sanitized data
---

--- 2026-05-25T19:05:34.087Z debug
HEADERS: omitted; set WRANGLER_LOG_SANITIZE=false to include sanitized data
---

--- 2026-05-25T19:05:34.088Z debug
INIT: omitted; set WRANGLER_LOG_SANITIZE=false to include sanitized data
---

--- 2026-05-25T19:05:34.088Z debug
-- END CF API REQUEST
---

--- 2026-05-25T19:05:36.082Z debug
-- START CF API RESPONSE: OK 200
---

--- 2026-05-25T19:05:36.083Z debug
HEADERS: omitted; set WRANGLER_LOG_SANITIZE=false to include sanitized data
---

--- 2026-05-25T19:05:36.083Z debug
RESPONSE: omitted; set WRANGLER_LOG_SANITIZE=false to include sanitized data
---

--- 2026-05-25T19:05:36.083Z debug
-- END CF API RESPONSE
---

--- 2026-05-25T19:05:36.084Z log
✨ Deployment complete! Take a peek over at https://43a27150.divine-compass.pages.dev
---

--- 2026-05-25T19:05:36.085Z debug
Metrics dispatcher: Posting data {"deviceId":"db2a9084-803f-4f5f-a7bf-10025247991f","event":"create pages deployment","timestamp":1779735936085,"properties":{"amplitude_session_id":1779735936084,"amplitude_event_id":0,"wranglerVersion":"4.92.0","wranglerMajorVersion":4,"wranglerMinorVersion":92,"wranglerPatchVersion":0,"osPlatform":"Windows","osVersion":"Windows 10 Home Single Language","nodeVersion":24,"isFirstUsage":false,"configFileType":"none","isCI":false,"isPagesCI":false,"isWorkersCI":false,"isInteractive":true,"hasAssets":false,"agent":null,"category":"Workers","os":"win32:x64"}}
---

--- 2026-05-25T19:05:36.087Z debug
Metrics dispatcher: Posting data {"deviceId":"db2a9084-803f-4f5f-a7bf-10025247991f","event":"wrangler command completed","timestamp":1779735936087,"properties":{"amplitude_session_id":1779735920875,"amplitude_event_id":1,"wranglerVersion":"4.92.0","wranglerMajorVersion":4,"wranglerMinorVersion":92,"wranglerPatchVersion":0,"osPlatform":"Windows","osVersion":"Windows 10 Home Single Language","nodeVersion":24,"isFirstUsage":false,"configFileType":"none","isCI":false,"isPagesCI":false,"isWorkersCI":false,"isInteractive":true,"hasAssets":false,"agent":null,"argsUsed":["branch","projectName"],"argsCombination":"branch, projectName","sanitizedCommand":"pages deploy","sanitizedArgs":{},"durationMs":15221}}
---
