
--- 2026-05-25T18:35:06.458Z debug
🪵  Writing logs to "D:\Ai reel Agent\.wrangler-tmp\.wrangler\logs\wrangler-2026-05-25_18-35-06_209.log"
---

--- 2026-05-25T18:35:06.458Z debug
.env file not found at "D:\Ai reel Agent\divine-compass-main\.env". Continuing... For more details, refer to https://developers.cloudflare.com/workers/wrangler/system-environment-variables/
---

--- 2026-05-25T18:35:06.459Z debug
.env file not found at "D:\Ai reel Agent\divine-compass-main\.env.local". Continuing... For more details, refer to https://developers.cloudflare.com/workers/wrangler/system-environment-variables/
---

--- 2026-05-25T18:35:06.468Z log

 ⛅️ wrangler 4.92.0 (update available 4.94.0)
─────────────────────────────────────────────
---

--- 2026-05-25T18:35:06.471Z debug
Metrics dispatcher: Posting data {"deviceId":"db2a9084-803f-4f5f-a7bf-10025247991f","event":"wrangler command started","timestamp":1779734106471,"properties":{"amplitude_session_id":1779734106469,"amplitude_event_id":0,"wranglerVersion":"4.92.0","wranglerMajorVersion":4,"wranglerMinorVersion":92,"wranglerPatchVersion":0,"osPlatform":"Windows","osVersion":"Windows 10 Home Single Language","nodeVersion":24,"isFirstUsage":false,"configFileType":"none","isCI":false,"isPagesCI":false,"isWorkersCI":false,"isInteractive":false,"hasAssets":false,"agent":null,"argsUsed":["projectName"],"argsCombination":"projectName","sanitizedCommand":"pages secret list","sanitizedArgs":{}}}
---

--- 2026-05-25T18:35:06.506Z debug
-- START CF API REQUEST: GET https://api.cloudflare.com/client/v4/accounts/8a97ba904bc5bcdb34042cf2f5443825/pages/projects/divine-compass
---

--- 2026-05-25T18:35:06.506Z debug
QUERY STRING: omitted; set WRANGLER_LOG_SANITIZE=false to include sanitized data
---

--- 2026-05-25T18:35:06.507Z debug
HEADERS: omitted; set WRANGLER_LOG_SANITIZE=false to include sanitized data
---

--- 2026-05-25T18:35:06.507Z debug
INIT: omitted; set WRANGLER_LOG_SANITIZE=false to include sanitized data
---

--- 2026-05-25T18:35:06.507Z debug
-- END CF API REQUEST
---

--- 2026-05-25T18:35:08.440Z debug
-- START CF API RESPONSE: OK 200
---

--- 2026-05-25T18:35:08.441Z debug
HEADERS: omitted; set WRANGLER_LOG_SANITIZE=false to include sanitized data
---

--- 2026-05-25T18:35:08.441Z debug
RESPONSE: omitted; set WRANGLER_LOG_SANITIZE=false to include sanitized data
---

--- 2026-05-25T18:35:08.441Z debug
-- END CF API RESPONSE
---

--- 2026-05-25T18:35:08.444Z log
The "production" environment of your Pages project "divine-compass" has access to the following secrets:
---

--- 2026-05-25T18:35:08.445Z debug
Metrics dispatcher: Posting data {"deviceId":"db2a9084-803f-4f5f-a7bf-10025247991f","event":"list pages encrypted variables","timestamp":1779734108445,"properties":{"amplitude_session_id":1779734108444,"amplitude_event_id":0,"wranglerVersion":"4.92.0","wranglerMajorVersion":4,"wranglerMinorVersion":92,"wranglerPatchVersion":0,"osPlatform":"Windows","osVersion":"Windows 10 Home Single Language","nodeVersion":24,"isFirstUsage":false,"configFileType":"none","isCI":false,"isPagesCI":false,"isWorkersCI":false,"isInteractive":false,"hasAssets":false,"agent":null,"category":"Workers","os":"win32:x64"}}
---

--- 2026-05-25T18:35:08.447Z debug
Metrics dispatcher: Posting data {"deviceId":"db2a9084-803f-4f5f-a7bf-10025247991f","event":"wrangler command completed","timestamp":1779734108447,"properties":{"amplitude_session_id":1779734106469,"amplitude_event_id":1,"wranglerVersion":"4.92.0","wranglerMajorVersion":4,"wranglerMinorVersion":92,"wranglerPatchVersion":0,"osPlatform":"Windows","osVersion":"Windows 10 Home Single Language","nodeVersion":24,"isFirstUsage":false,"configFileType":"none","isCI":false,"isPagesCI":false,"isWorkersCI":false,"isInteractive":false,"hasAssets":false,"agent":null,"argsUsed":["projectName"],"argsCombination":"projectName","sanitizedCommand":"pages secret list","sanitizedArgs":{},"durationMs":1986}}
---
