
--- 2026-05-26T08:18:06.603Z debug
🪵  Writing logs to "D:\Ai reel Agent\.wrangler-tmp\.wrangler\logs\wrangler-2026-05-26_08-18-06_351.log"
---

--- 2026-05-26T08:18:06.603Z debug
.env file not found at "D:\Ai reel Agent\divine-compass-antigravity-recovered\.env". Continuing... For more details, refer to https://developers.cloudflare.com/workers/wrangler/system-environment-variables/
---

--- 2026-05-26T08:18:06.604Z debug
.env file not found at "D:\Ai reel Agent\divine-compass-antigravity-recovered\.env.local". Continuing... For more details, refer to https://developers.cloudflare.com/workers/wrangler/system-environment-variables/
---

--- 2026-05-26T08:18:06.707Z log

 ⛅️ wrangler 4.92.0
───────────────────
---

--- 2026-05-26T08:18:06.711Z debug
Metrics dispatcher: Posting data {"deviceId":"db2a9084-803f-4f5f-a7bf-10025247991f","event":"wrangler command started","timestamp":1779783486711,"properties":{"amplitude_session_id":1779783486708,"amplitude_event_id":0,"wranglerVersion":"4.92.0","wranglerMajorVersion":4,"wranglerMinorVersion":92,"wranglerPatchVersion":0,"osPlatform":"Windows","osVersion":"Windows 10 Home Single Language","nodeVersion":24,"packageManager":"npm","isFirstUsage":false,"configFileType":"none","isCI":false,"isPagesCI":false,"isWorkersCI":false,"isInteractive":true,"hasAssets":false,"agent":null,"argsUsed":["projectName"],"argsCombination":"projectName","sanitizedCommand":"pages deploy","sanitizedArgs":{}}}
---

--- 2026-05-26T08:18:06.736Z debug
Retrieving cached values for account_id and project_name from node_modules\.cache\wrangler
---

--- 2026-05-26T08:18:06.738Z debug
fetching auth token grant_type=refresh_token&refresh_token=dnlMSpFyS60ojS0SJUr2JM5IAvwQLI5mdPBpNNYmFl0.ap_lof-QZ3Qf12nrMKM1Y_WY_rThw0LpmG9kdoeXk-o&client_id=54d11594-84e4-41aa-b438-e81b8fa78ee7
---

--- 2026-05-26T08:18:06.738Z debug
Checking if domain has Access enabled: dash.cloudflare.com
---

--- 2026-05-26T08:18:06.738Z debug
Access switch not cached for: dash.cloudflare.com
---

--- 2026-05-26T08:18:07.061Z debug
Caching access switch for: dash.cloudflare.com
---

--- 2026-05-26T08:18:07.062Z debug
Fetching auth token from https://dash.cloudflare.com/oauth2/token
---

--- 2026-05-26T08:18:08.379Z debug
-- START CF API REQUEST: GET https://api.cloudflare.com/client/v4/accounts/8a97ba904bc5bcdb34042cf2f5443825/pages/projects/divine-compass
---

--- 2026-05-26T08:18:08.379Z debug
QUERY STRING: omitted; set WRANGLER_LOG_SANITIZE=false to include sanitized data
---

--- 2026-05-26T08:18:08.380Z debug
HEADERS: omitted; set WRANGLER_LOG_SANITIZE=false to include sanitized data
---

--- 2026-05-26T08:18:08.380Z debug
INIT: omitted; set WRANGLER_LOG_SANITIZE=false to include sanitized data
---

--- 2026-05-26T08:18:08.380Z debug
-- END CF API REQUEST
---

--- 2026-05-26T08:18:10.490Z debug
-- START CF API RESPONSE: OK 200
---

--- 2026-05-26T08:18:10.490Z debug
HEADERS: omitted; set WRANGLER_LOG_SANITIZE=false to include sanitized data
---

--- 2026-05-26T08:18:10.491Z debug
RESPONSE: omitted; set WRANGLER_LOG_SANITIZE=false to include sanitized data
---

--- 2026-05-26T08:18:10.491Z debug
-- END CF API RESPONSE
---

--- 2026-05-26T08:18:10.494Z debug
pages deploy: Detecting git repository information...
---

--- 2026-05-26T08:18:10.544Z debug
pages deploy: Git repository detected
---

--- 2026-05-26T08:18:10.604Z debug
pages deploy: Working directory dirty status: true
---

--- 2026-05-26T08:18:10.656Z debug
pages deploy: Detected branch: "main"
---

--- 2026-05-26T08:18:10.736Z debug
pages deploy: Detected commit hash: "d8d3f7ebc71d2e2641914c21ceb8504588455a8d"
---

--- 2026-05-26T08:18:10.806Z debug
pages deploy: Detected commit message: "Updated premium AI reel app"
---

--- 2026-05-26T08:18:10.806Z debug
pages deploy: Git information summary - branch: main, commitHash: d8d3f7ebc71d2e2641914c21ceb8504588455a8d, commitDirty: true
---

--- 2026-05-26T08:18:10.807Z debug
-- START CF API REQUEST: GET https://api.cloudflare.com/client/v4/accounts/8a97ba904bc5bcdb34042cf2f5443825/pages/projects/divine-compass
---

--- 2026-05-26T08:18:10.807Z debug
QUERY STRING: omitted; set WRANGLER_LOG_SANITIZE=false to include sanitized data
---

--- 2026-05-26T08:18:10.807Z debug
HEADERS: omitted; set WRANGLER_LOG_SANITIZE=false to include sanitized data
---

--- 2026-05-26T08:18:10.807Z debug
INIT: omitted; set WRANGLER_LOG_SANITIZE=false to include sanitized data
---

--- 2026-05-26T08:18:10.808Z debug
-- END CF API REQUEST
---

--- 2026-05-26T08:18:12.764Z debug
-- START CF API RESPONSE: OK 200
---

--- 2026-05-26T08:18:12.764Z debug
HEADERS: omitted; set WRANGLER_LOG_SANITIZE=false to include sanitized data
---

--- 2026-05-26T08:18:12.764Z debug
RESPONSE: omitted; set WRANGLER_LOG_SANITIZE=false to include sanitized data
---

--- 2026-05-26T08:18:12.764Z debug
-- END CF API RESPONSE
---

--- 2026-05-26T08:18:13.049Z log
✨ Compiled Worker successfully
---

--- 2026-05-26T08:18:13.051Z debug
-- START CF API REQUEST: GET https://api.cloudflare.com/client/v4/accounts/8a97ba904bc5bcdb34042cf2f5443825/pages/projects/divine-compass/upload-token
---

--- 2026-05-26T08:18:13.051Z debug
QUERY STRING: omitted; set WRANGLER_LOG_SANITIZE=false to include sanitized data
---

--- 2026-05-26T08:18:13.051Z debug
HEADERS: omitted; set WRANGLER_LOG_SANITIZE=false to include sanitized data
---

--- 2026-05-26T08:18:13.052Z debug
INIT: omitted; set WRANGLER_LOG_SANITIZE=false to include sanitized data
---

--- 2026-05-26T08:18:13.052Z debug
-- END CF API REQUEST
---

--- 2026-05-26T08:18:14.978Z debug
-- START CF API RESPONSE: OK 200
---

--- 2026-05-26T08:18:14.978Z debug
HEADERS: omitted; set WRANGLER_LOG_SANITIZE=false to include sanitized data
---

--- 2026-05-26T08:18:14.978Z debug
RESPONSE: omitted; set WRANGLER_LOG_SANITIZE=false to include sanitized data
---

--- 2026-05-26T08:18:14.978Z debug
-- END CF API RESPONSE
---

--- 2026-05-26T08:18:15.023Z debug
-- START CF API REQUEST: GET https://api.cloudflare.com/client/v4/accounts/8a97ba904bc5bcdb34042cf2f5443825/pages/projects/divine-compass/upload-token
---

--- 2026-05-26T08:18:15.023Z debug
QUERY STRING: omitted; set WRANGLER_LOG_SANITIZE=false to include sanitized data
---

--- 2026-05-26T08:18:15.023Z debug
HEADERS: omitted; set WRANGLER_LOG_SANITIZE=false to include sanitized data
---

--- 2026-05-26T08:18:15.023Z debug
INIT: omitted; set WRANGLER_LOG_SANITIZE=false to include sanitized data
---

--- 2026-05-26T08:18:15.023Z debug
-- END CF API REQUEST
---

--- 2026-05-26T08:18:17.091Z debug
-- START CF API RESPONSE: OK 200
---

--- 2026-05-26T08:18:17.091Z debug
HEADERS: omitted; set WRANGLER_LOG_SANITIZE=false to include sanitized data
---

--- 2026-05-26T08:18:17.091Z debug
RESPONSE: omitted; set WRANGLER_LOG_SANITIZE=false to include sanitized data
---

--- 2026-05-26T08:18:17.092Z debug
-- END CF API RESPONSE
---

--- 2026-05-26T08:18:17.092Z debug
-- START CF API REQUEST: POST https://api.cloudflare.com/client/v4/pages/assets/check-missing
---

--- 2026-05-26T08:18:17.092Z debug
QUERY STRING: omitted; set WRANGLER_LOG_SANITIZE=false to include sanitized data
---

--- 2026-05-26T08:18:17.093Z debug
HEADERS: omitted; set WRANGLER_LOG_SANITIZE=false to include sanitized data
---

--- 2026-05-26T08:18:17.093Z debug
INIT: omitted; set WRANGLER_LOG_SANITIZE=false to include sanitized data
---

--- 2026-05-26T08:18:17.093Z debug
-- END CF API REQUEST
---

--- 2026-05-26T08:18:17.417Z debug
-- START CF API RESPONSE: OK 200
---

--- 2026-05-26T08:18:17.417Z debug
HEADERS: omitted; set WRANGLER_LOG_SANITIZE=false to include sanitized data
---

--- 2026-05-26T08:18:17.417Z debug
RESPONSE: omitted; set WRANGLER_LOG_SANITIZE=false to include sanitized data
---

--- 2026-05-26T08:18:17.417Z debug
-- END CF API RESPONSE
---

--- 2026-05-26T08:18:17.423Z debug
POST /pages/assets/upload
---

--- 2026-05-26T08:18:17.423Z debug
-- START CF API REQUEST: POST https://api.cloudflare.com/client/v4/pages/assets/upload
---

--- 2026-05-26T08:18:17.424Z debug
QUERY STRING: omitted; set WRANGLER_LOG_SANITIZE=false to include sanitized data
---

--- 2026-05-26T08:18:17.424Z debug
HEADERS: omitted; set WRANGLER_LOG_SANITIZE=false to include sanitized data
---

--- 2026-05-26T08:18:17.424Z debug
INIT: omitted; set WRANGLER_LOG_SANITIZE=false to include sanitized data
---

--- 2026-05-26T08:18:17.424Z debug
-- END CF API REQUEST
---

--- 2026-05-26T08:18:17.426Z debug
POST /pages/assets/upload
---

--- 2026-05-26T08:18:17.426Z debug
-- START CF API REQUEST: POST https://api.cloudflare.com/client/v4/pages/assets/upload
---

--- 2026-05-26T08:18:17.426Z debug
QUERY STRING: omitted; set WRANGLER_LOG_SANITIZE=false to include sanitized data
---

--- 2026-05-26T08:18:17.426Z debug
HEADERS: omitted; set WRANGLER_LOG_SANITIZE=false to include sanitized data
---

--- 2026-05-26T08:18:17.427Z debug
INIT: omitted; set WRANGLER_LOG_SANITIZE=false to include sanitized data
---

--- 2026-05-26T08:18:17.427Z debug
-- END CF API REQUEST
---

--- 2026-05-26T08:18:17.429Z debug
POST /pages/assets/upload
---

--- 2026-05-26T08:18:17.431Z debug
-- START CF API REQUEST: POST https://api.cloudflare.com/client/v4/pages/assets/upload
---

--- 2026-05-26T08:18:17.431Z debug
QUERY STRING: omitted; set WRANGLER_LOG_SANITIZE=false to include sanitized data
---

--- 2026-05-26T08:18:17.431Z debug
HEADERS: omitted; set WRANGLER_LOG_SANITIZE=false to include sanitized data
---

--- 2026-05-26T08:18:17.433Z debug
INIT: omitted; set WRANGLER_LOG_SANITIZE=false to include sanitized data
---

--- 2026-05-26T08:18:17.433Z debug
-- END CF API REQUEST
---

--- 2026-05-26T08:18:18.246Z debug
-- START CF API RESPONSE: OK 200
---

--- 2026-05-26T08:18:18.246Z debug
HEADERS: omitted; set WRANGLER_LOG_SANITIZE=false to include sanitized data
---

--- 2026-05-26T08:18:18.246Z debug
RESPONSE: omitted; set WRANGLER_LOG_SANITIZE=false to include sanitized data
---

--- 2026-05-26T08:18:18.246Z debug
-- END CF API RESPONSE
---

--- 2026-05-26T08:18:18.246Z debug
result: { successful_key_count: 10, unsuccessful_keys: [] }
---

--- 2026-05-26T08:18:18.383Z debug
-- START CF API RESPONSE: OK 200
---

--- 2026-05-26T08:18:18.384Z debug
HEADERS: omitted; set WRANGLER_LOG_SANITIZE=false to include sanitized data
---

--- 2026-05-26T08:18:18.384Z debug
RESPONSE: omitted; set WRANGLER_LOG_SANITIZE=false to include sanitized data
---

--- 2026-05-26T08:18:18.384Z debug
-- END CF API RESPONSE
---

--- 2026-05-26T08:18:18.384Z debug
result: { successful_key_count: 11, unsuccessful_keys: [] }
---

--- 2026-05-26T08:18:18.557Z debug
-- START CF API RESPONSE: OK 200
---

--- 2026-05-26T08:18:18.557Z debug
HEADERS: omitted; set WRANGLER_LOG_SANITIZE=false to include sanitized data
---

--- 2026-05-26T08:18:18.557Z debug
RESPONSE: omitted; set WRANGLER_LOG_SANITIZE=false to include sanitized data
---

--- 2026-05-26T08:18:18.557Z debug
-- END CF API RESPONSE
---

--- 2026-05-26T08:18:18.558Z debug
result: { successful_key_count: 11, unsuccessful_keys: [] }
---

--- 2026-05-26T08:18:18.559Z log
✨ Success! Uploaded 32 files (5 already uploaded) (1.47 sec)

---

--- 2026-05-26T08:18:18.560Z debug
-- START CF API REQUEST: POST https://api.cloudflare.com/client/v4/pages/assets/upsert-hashes
---

--- 2026-05-26T08:18:18.561Z debug
QUERY STRING: omitted; set WRANGLER_LOG_SANITIZE=false to include sanitized data
---

--- 2026-05-26T08:18:18.561Z debug
HEADERS: omitted; set WRANGLER_LOG_SANITIZE=false to include sanitized data
---

--- 2026-05-26T08:18:18.561Z debug
INIT: omitted; set WRANGLER_LOG_SANITIZE=false to include sanitized data
---

--- 2026-05-26T08:18:18.562Z debug
-- END CF API REQUEST
---

--- 2026-05-26T08:18:18.830Z debug
-- START CF API RESPONSE: OK 200
---

--- 2026-05-26T08:18:18.830Z debug
HEADERS: omitted; set WRANGLER_LOG_SANITIZE=false to include sanitized data
---

--- 2026-05-26T08:18:18.831Z debug
RESPONSE: omitted; set WRANGLER_LOG_SANITIZE=false to include sanitized data
---

--- 2026-05-26T08:18:18.831Z debug
-- END CF API RESPONSE
---

--- 2026-05-26T08:18:18.832Z log
✨ Uploading _redirects
---

--- 2026-05-26T08:18:18.836Z log
✨ Uploading Functions bundle
---

--- 2026-05-26T08:18:18.837Z debug
-- START CF API REQUEST: POST https://api.cloudflare.com/client/v4/accounts/8a97ba904bc5bcdb34042cf2f5443825/pages/projects/divine-compass/deployments
---

--- 2026-05-26T08:18:18.837Z debug
QUERY STRING: omitted; set WRANGLER_LOG_SANITIZE=false to include sanitized data
---

--- 2026-05-26T08:18:18.837Z debug
HEADERS: omitted; set WRANGLER_LOG_SANITIZE=false to include sanitized data
---

--- 2026-05-26T08:18:18.838Z debug
INIT: omitted; set WRANGLER_LOG_SANITIZE=false to include sanitized data
---

--- 2026-05-26T08:18:18.839Z debug
BODY: omitted; set WRANGLER_LOG_SANITIZE=false to include sanitized data
---

--- 2026-05-26T08:18:18.839Z debug
-- END CF API REQUEST
---

--- 2026-05-26T08:18:22.418Z debug
-- START CF API RESPONSE: OK 200
---

--- 2026-05-26T08:18:22.419Z debug
HEADERS: omitted; set WRANGLER_LOG_SANITIZE=false to include sanitized data
---

--- 2026-05-26T08:18:22.419Z debug
RESPONSE: omitted; set WRANGLER_LOG_SANITIZE=false to include sanitized data
---

--- 2026-05-26T08:18:22.419Z debug
-- END CF API RESPONSE
---

--- 2026-05-26T08:18:22.420Z debug
Saving to cache: {"account_id":"8a97ba904bc5bcdb34042cf2f5443825","project_name":"divine-compass"}
---

--- 2026-05-26T08:18:22.420Z log
🌎 Deploying...
---

--- 2026-05-26T08:18:23.422Z debug
attempt #1: Attempting to fetch status for deployment with id "70b24439-48cc-464a-8c44-d2d12e240bd0" ...
---

--- 2026-05-26T08:18:23.422Z debug
-- START CF API REQUEST: GET https://api.cloudflare.com/client/v4/accounts/8a97ba904bc5bcdb34042cf2f5443825/pages/projects/divine-compass/deployments/70b24439-48cc-464a-8c44-d2d12e240bd0
---

--- 2026-05-26T08:18:23.422Z debug
QUERY STRING: omitted; set WRANGLER_LOG_SANITIZE=false to include sanitized data
---

--- 2026-05-26T08:18:23.422Z debug
HEADERS: omitted; set WRANGLER_LOG_SANITIZE=false to include sanitized data
---

--- 2026-05-26T08:18:23.423Z debug
INIT: omitted; set WRANGLER_LOG_SANITIZE=false to include sanitized data
---

--- 2026-05-26T08:18:23.423Z debug
-- END CF API REQUEST
---

--- 2026-05-26T08:18:25.378Z debug
-- START CF API RESPONSE: OK 200
---

--- 2026-05-26T08:18:25.379Z debug
HEADERS: omitted; set WRANGLER_LOG_SANITIZE=false to include sanitized data
---

--- 2026-05-26T08:18:25.379Z debug
RESPONSE: omitted; set WRANGLER_LOG_SANITIZE=false to include sanitized data
---

--- 2026-05-26T08:18:25.379Z debug
-- END CF API RESPONSE
---

--- 2026-05-26T08:18:25.381Z log
✨ Deployment complete! Take a peek over at https://70b24439.divine-compass.pages.dev
✨ Deployment alias URL: https://main.divine-compass.pages.dev
---

--- 2026-05-26T08:18:25.382Z debug
Metrics dispatcher: Posting data {"deviceId":"db2a9084-803f-4f5f-a7bf-10025247991f","event":"create pages deployment","timestamp":1779783505382,"properties":{"amplitude_session_id":1779783505381,"amplitude_event_id":0,"wranglerVersion":"4.92.0","wranglerMajorVersion":4,"wranglerMinorVersion":92,"wranglerPatchVersion":0,"osPlatform":"Windows","osVersion":"Windows 10 Home Single Language","nodeVersion":24,"packageManager":"npm","isFirstUsage":false,"configFileType":"none","isCI":false,"isPagesCI":false,"isWorkersCI":false,"isInteractive":true,"hasAssets":false,"agent":null,"category":"Workers","os":"win32:x64"}}
---

--- 2026-05-26T08:18:25.385Z debug
Metrics dispatcher: Posting data {"deviceId":"db2a9084-803f-4f5f-a7bf-10025247991f","event":"wrangler command completed","timestamp":1779783505384,"properties":{"amplitude_session_id":1779783486708,"amplitude_event_id":1,"wranglerVersion":"4.92.0","wranglerMajorVersion":4,"wranglerMinorVersion":92,"wranglerPatchVersion":0,"osPlatform":"Windows","osVersion":"Windows 10 Home Single Language","nodeVersion":24,"packageManager":"npm","isFirstUsage":false,"configFileType":"none","isCI":false,"isPagesCI":false,"isWorkersCI":false,"isInteractive":true,"hasAssets":false,"agent":null,"argsUsed":["projectName"],"argsCombination":"projectName","sanitizedCommand":"pages deploy","sanitizedArgs":{},"durationMs":18778}}
---
