
--- 2026-05-25T13:02:47.629Z debug
🪵  Writing logs to "D:\Ai reel Agent\.wrangler-tmp\.wrangler\logs\wrangler-2026-05-25_13-02-47_367.log"
---

--- 2026-05-25T13:02:47.628Z debug
.env file not found at "D:\Ai reel Agent\divine-compass-pages-test\.env". Continuing... For more details, refer to https://developers.cloudflare.com/workers/wrangler/system-environment-variables/
---

--- 2026-05-25T13:02:47.630Z debug
.env file not found at "D:\Ai reel Agent\divine-compass-pages-test\.env.local". Continuing... For more details, refer to https://developers.cloudflare.com/workers/wrangler/system-environment-variables/
---

--- 2026-05-25T13:02:47.642Z log

 ⛅️ wrangler 4.92.0 (update available 4.94.0)
─────────────────────────────────────────────
---

--- 2026-05-25T13:02:47.646Z debug
Metrics dispatcher: Posting data {"deviceId":"db2a9084-803f-4f5f-a7bf-10025247991f","event":"wrangler command started","timestamp":1779714167646,"properties":{"amplitude_session_id":1779714167644,"amplitude_event_id":0,"wranglerVersion":"4.92.0","wranglerMajorVersion":4,"wranglerMinorVersion":92,"wranglerPatchVersion":0,"osPlatform":"Windows","osVersion":"Windows 10 Home Single Language","nodeVersion":24,"isFirstUsage":false,"configFileType":"none","isCI":false,"isPagesCI":false,"isWorkersCI":false,"isInteractive":true,"hasAssets":false,"agent":null,"argsUsed":["projectName"],"argsCombination":"projectName","sanitizedCommand":"pages deploy","sanitizedArgs":{}}}
---

--- 2026-05-25T13:02:47.672Z debug
Retrieving cached values for account_id and project_name from node_modules\.cache\wrangler
---

--- 2026-05-25T13:02:47.691Z debug
-- START CF API REQUEST: GET https://api.cloudflare.com/client/v4/accounts/8a97ba904bc5bcdb34042cf2f5443825/pages/projects/divine-compass-staging
---

--- 2026-05-25T13:02:47.691Z debug
QUERY STRING: omitted; set WRANGLER_LOG_SANITIZE=false to include sanitized data
---

--- 2026-05-25T13:02:47.692Z debug
HEADERS: omitted; set WRANGLER_LOG_SANITIZE=false to include sanitized data
---

--- 2026-05-25T13:02:47.692Z debug
INIT: omitted; set WRANGLER_LOG_SANITIZE=false to include sanitized data
---

--- 2026-05-25T13:02:47.693Z debug
-- END CF API REQUEST
---

--- 2026-05-25T13:02:50.006Z debug
-- START CF API RESPONSE: OK 200
---

--- 2026-05-25T13:02:50.007Z debug
HEADERS: omitted; set WRANGLER_LOG_SANITIZE=false to include sanitized data
---

--- 2026-05-25T13:02:50.007Z debug
RESPONSE: omitted; set WRANGLER_LOG_SANITIZE=false to include sanitized data
---

--- 2026-05-25T13:02:50.007Z debug
-- END CF API RESPONSE
---

--- 2026-05-25T13:02:50.011Z debug
pages deploy: Detecting git repository information...
---

--- 2026-05-25T13:02:50.075Z debug
pages deploy: Git repository detected
---

--- 2026-05-25T13:02:50.137Z debug
pages deploy: Working directory dirty status: true
---

--- 2026-05-25T13:02:50.191Z debug
pages deploy: Detected branch: "main"
---

--- 2026-05-25T13:02:50.254Z debug
pages deploy: Detected commit hash: "d8d3f7ebc71d2e2641914c21ceb8504588455a8d"
---

--- 2026-05-25T13:02:50.290Z debug
pages deploy: Detected commit message: "Updated premium AI reel app"
---

--- 2026-05-25T13:02:50.366Z warn
▲ [WARNING] Warning: Your working directory is a git repo and has uncommitted changes

  To silence this warning, pass in --commit-dirty=true


---

--- 2026-05-25T13:02:50.367Z debug
pages deploy: Git information summary - branch: main, commitHash: d8d3f7ebc71d2e2641914c21ceb8504588455a8d, commitDirty: true
---

--- 2026-05-25T13:02:50.368Z debug
-- START CF API REQUEST: GET https://api.cloudflare.com/client/v4/accounts/8a97ba904bc5bcdb34042cf2f5443825/pages/projects/divine-compass-staging
---

--- 2026-05-25T13:02:50.368Z debug
QUERY STRING: omitted; set WRANGLER_LOG_SANITIZE=false to include sanitized data
---

--- 2026-05-25T13:02:50.369Z debug
HEADERS: omitted; set WRANGLER_LOG_SANITIZE=false to include sanitized data
---

--- 2026-05-25T13:02:50.369Z debug
INIT: omitted; set WRANGLER_LOG_SANITIZE=false to include sanitized data
---

--- 2026-05-25T13:02:50.369Z debug
-- END CF API REQUEST
---

--- 2026-05-25T13:02:52.290Z debug
-- START CF API RESPONSE: OK 200
---

--- 2026-05-25T13:02:52.291Z debug
HEADERS: omitted; set WRANGLER_LOG_SANITIZE=false to include sanitized data
---

--- 2026-05-25T13:02:52.291Z debug
RESPONSE: omitted; set WRANGLER_LOG_SANITIZE=false to include sanitized data
---

--- 2026-05-25T13:02:52.291Z debug
-- END CF API RESPONSE
---

--- 2026-05-25T13:02:52.373Z log
✨ Compiled Worker successfully
---

--- 2026-05-25T13:02:52.374Z debug
-- START CF API REQUEST: GET https://api.cloudflare.com/client/v4/accounts/8a97ba904bc5bcdb34042cf2f5443825/pages/projects/divine-compass-staging/upload-token
---

--- 2026-05-25T13:02:52.375Z debug
QUERY STRING: omitted; set WRANGLER_LOG_SANITIZE=false to include sanitized data
---

--- 2026-05-25T13:02:52.375Z debug
HEADERS: omitted; set WRANGLER_LOG_SANITIZE=false to include sanitized data
---

--- 2026-05-25T13:02:52.375Z debug
INIT: omitted; set WRANGLER_LOG_SANITIZE=false to include sanitized data
---

--- 2026-05-25T13:02:52.375Z debug
-- END CF API REQUEST
---

--- 2026-05-25T13:02:54.357Z debug
-- START CF API RESPONSE: OK 200
---

--- 2026-05-25T13:02:54.358Z debug
HEADERS: omitted; set WRANGLER_LOG_SANITIZE=false to include sanitized data
---

--- 2026-05-25T13:02:54.358Z debug
RESPONSE: omitted; set WRANGLER_LOG_SANITIZE=false to include sanitized data
---

--- 2026-05-25T13:02:54.358Z debug
-- END CF API RESPONSE
---

--- 2026-05-25T13:02:54.381Z debug
-- START CF API REQUEST: GET https://api.cloudflare.com/client/v4/accounts/8a97ba904bc5bcdb34042cf2f5443825/pages/projects/divine-compass-staging/upload-token
---

--- 2026-05-25T13:02:54.381Z debug
QUERY STRING: omitted; set WRANGLER_LOG_SANITIZE=false to include sanitized data
---

--- 2026-05-25T13:02:54.381Z debug
HEADERS: omitted; set WRANGLER_LOG_SANITIZE=false to include sanitized data
---

--- 2026-05-25T13:02:54.381Z debug
INIT: omitted; set WRANGLER_LOG_SANITIZE=false to include sanitized data
---

--- 2026-05-25T13:02:54.382Z debug
-- END CF API REQUEST
---

--- 2026-05-25T13:02:56.294Z debug
-- START CF API RESPONSE: OK 200
---

--- 2026-05-25T13:02:56.294Z debug
HEADERS: omitted; set WRANGLER_LOG_SANITIZE=false to include sanitized data
---

--- 2026-05-25T13:02:56.294Z debug
RESPONSE: omitted; set WRANGLER_LOG_SANITIZE=false to include sanitized data
---

--- 2026-05-25T13:02:56.294Z debug
-- END CF API RESPONSE
---

--- 2026-05-25T13:02:56.295Z debug
-- START CF API REQUEST: POST https://api.cloudflare.com/client/v4/pages/assets/check-missing
---

--- 2026-05-25T13:02:56.295Z debug
QUERY STRING: omitted; set WRANGLER_LOG_SANITIZE=false to include sanitized data
---

--- 2026-05-25T13:02:56.295Z debug
HEADERS: omitted; set WRANGLER_LOG_SANITIZE=false to include sanitized data
---

--- 2026-05-25T13:02:56.296Z debug
INIT: omitted; set WRANGLER_LOG_SANITIZE=false to include sanitized data
---

--- 2026-05-25T13:02:56.296Z debug
-- END CF API REQUEST
---

--- 2026-05-25T13:02:56.556Z debug
-- START CF API RESPONSE: OK 200
---

--- 2026-05-25T13:02:56.556Z debug
HEADERS: omitted; set WRANGLER_LOG_SANITIZE=false to include sanitized data
---

--- 2026-05-25T13:02:56.556Z debug
RESPONSE: omitted; set WRANGLER_LOG_SANITIZE=false to include sanitized data
---

--- 2026-05-25T13:02:56.556Z debug
-- END CF API RESPONSE
---

--- 2026-05-25T13:02:56.558Z log
✨ Success! Uploaded 0 files (7 already uploaded) (0.26 sec)

---

--- 2026-05-25T13:02:56.558Z debug
-- START CF API REQUEST: POST https://api.cloudflare.com/client/v4/pages/assets/upsert-hashes
---

--- 2026-05-25T13:02:56.558Z debug
QUERY STRING: omitted; set WRANGLER_LOG_SANITIZE=false to include sanitized data
---

--- 2026-05-25T13:02:56.558Z debug
HEADERS: omitted; set WRANGLER_LOG_SANITIZE=false to include sanitized data
---

--- 2026-05-25T13:02:56.558Z debug
INIT: omitted; set WRANGLER_LOG_SANITIZE=false to include sanitized data
---

--- 2026-05-25T13:02:56.559Z debug
-- END CF API REQUEST
---

--- 2026-05-25T13:02:56.848Z debug
-- START CF API RESPONSE: OK 200
---

--- 2026-05-25T13:02:56.848Z debug
HEADERS: omitted; set WRANGLER_LOG_SANITIZE=false to include sanitized data
---

--- 2026-05-25T13:02:56.848Z debug
RESPONSE: omitted; set WRANGLER_LOG_SANITIZE=false to include sanitized data
---

--- 2026-05-25T13:02:56.849Z debug
-- END CF API RESPONSE
---

--- 2026-05-25T13:02:56.854Z log
✨ Uploading Functions bundle
---

--- 2026-05-25T13:02:56.854Z debug
-- START CF API REQUEST: POST https://api.cloudflare.com/client/v4/accounts/8a97ba904bc5bcdb34042cf2f5443825/pages/projects/divine-compass-staging/deployments
---

--- 2026-05-25T13:02:56.854Z debug
QUERY STRING: omitted; set WRANGLER_LOG_SANITIZE=false to include sanitized data
---

--- 2026-05-25T13:02:56.854Z debug
HEADERS: omitted; set WRANGLER_LOG_SANITIZE=false to include sanitized data
---

--- 2026-05-25T13:02:56.854Z debug
INIT: omitted; set WRANGLER_LOG_SANITIZE=false to include sanitized data
---

--- 2026-05-25T13:02:56.856Z debug
BODY: omitted; set WRANGLER_LOG_SANITIZE=false to include sanitized data
---

--- 2026-05-25T13:02:56.857Z debug
-- END CF API REQUEST
---

--- 2026-05-25T13:02:59.926Z debug
-- START CF API RESPONSE: OK 200
---

--- 2026-05-25T13:02:59.926Z debug
HEADERS: omitted; set WRANGLER_LOG_SANITIZE=false to include sanitized data
---

--- 2026-05-25T13:02:59.927Z debug
RESPONSE: omitted; set WRANGLER_LOG_SANITIZE=false to include sanitized data
---

--- 2026-05-25T13:02:59.927Z debug
-- END CF API RESPONSE
---

--- 2026-05-25T13:02:59.930Z debug
Saving to cache: {"account_id":"8a97ba904bc5bcdb34042cf2f5443825","project_name":"divine-compass-staging"}
---

--- 2026-05-25T13:02:59.933Z log
🌎 Deploying...
---

--- 2026-05-25T13:03:00.953Z debug
attempt #1: Attempting to fetch status for deployment with id "e2c95e2e-11e5-4454-be6f-034b2821cc49" ...
---

--- 2026-05-25T13:03:00.954Z debug
-- START CF API REQUEST: GET https://api.cloudflare.com/client/v4/accounts/8a97ba904bc5bcdb34042cf2f5443825/pages/projects/divine-compass-staging/deployments/e2c95e2e-11e5-4454-be6f-034b2821cc49
---

--- 2026-05-25T13:03:00.954Z debug
QUERY STRING: omitted; set WRANGLER_LOG_SANITIZE=false to include sanitized data
---

--- 2026-05-25T13:03:00.954Z debug
HEADERS: omitted; set WRANGLER_LOG_SANITIZE=false to include sanitized data
---

--- 2026-05-25T13:03:00.955Z debug
INIT: omitted; set WRANGLER_LOG_SANITIZE=false to include sanitized data
---

--- 2026-05-25T13:03:00.955Z debug
-- END CF API REQUEST
---

--- 2026-05-25T13:03:02.937Z debug
-- START CF API RESPONSE: OK 200
---

--- 2026-05-25T13:03:02.937Z debug
HEADERS: omitted; set WRANGLER_LOG_SANITIZE=false to include sanitized data
---

--- 2026-05-25T13:03:02.937Z debug
RESPONSE: omitted; set WRANGLER_LOG_SANITIZE=false to include sanitized data
---

--- 2026-05-25T13:03:02.938Z debug
-- END CF API RESPONSE
---

--- 2026-05-25T13:03:02.938Z log
✨ Deployment complete! Take a peek over at https://e2c95e2e.divine-compass-staging.pages.dev
---

--- 2026-05-25T13:03:02.940Z debug
Metrics dispatcher: Posting data {"deviceId":"db2a9084-803f-4f5f-a7bf-10025247991f","event":"create pages deployment","timestamp":1779714182940,"properties":{"amplitude_session_id":1779714182939,"amplitude_event_id":0,"wranglerVersion":"4.92.0","wranglerMajorVersion":4,"wranglerMinorVersion":92,"wranglerPatchVersion":0,"osPlatform":"Windows","osVersion":"Windows 10 Home Single Language","nodeVersion":24,"isFirstUsage":false,"configFileType":"none","isCI":false,"isPagesCI":false,"isWorkersCI":false,"isInteractive":true,"hasAssets":false,"agent":null,"category":"Workers","os":"win32:x64"}}
---

--- 2026-05-25T13:03:02.943Z debug
Metrics dispatcher: Posting data {"deviceId":"db2a9084-803f-4f5f-a7bf-10025247991f","event":"wrangler command completed","timestamp":1779714182943,"properties":{"amplitude_session_id":1779714167644,"amplitude_event_id":1,"wranglerVersion":"4.92.0","wranglerMajorVersion":4,"wranglerMinorVersion":92,"wranglerPatchVersion":0,"osPlatform":"Windows","osVersion":"Windows 10 Home Single Language","nodeVersion":24,"isFirstUsage":false,"configFileType":"none","isCI":false,"isPagesCI":false,"isWorkersCI":false,"isInteractive":true,"hasAssets":false,"agent":null,"argsUsed":["projectName"],"argsCombination":"projectName","sanitizedCommand":"pages deploy","sanitizedArgs":{},"durationMs":15311}}
---
