
--- 2026-05-26T08:28:53.067Z debug
🪵  Writing logs to "D:\Ai reel Agent\.wrangler-tmp\.wrangler\logs\wrangler-2026-05-26_08-28-52_821.log"
---

--- 2026-05-26T08:28:53.067Z debug
.env file not found at "D:\Ai reel Agent\divine-compass-antigravity-recovered\.env". Continuing... For more details, refer to https://developers.cloudflare.com/workers/wrangler/system-environment-variables/
---

--- 2026-05-26T08:28:53.068Z debug
.env file not found at "D:\Ai reel Agent\divine-compass-antigravity-recovered\.env.local". Continuing... For more details, refer to https://developers.cloudflare.com/workers/wrangler/system-environment-variables/
---

--- 2026-05-26T08:28:53.077Z log

 ⛅️ wrangler 4.92.0 (update available 4.94.0)
─────────────────────────────────────────────
---

--- 2026-05-26T08:28:53.080Z debug
Metrics dispatcher: Posting data {"deviceId":"db2a9084-803f-4f5f-a7bf-10025247991f","event":"wrangler command started","timestamp":1779784133080,"properties":{"amplitude_session_id":1779784133078,"amplitude_event_id":0,"wranglerVersion":"4.92.0","wranglerMajorVersion":4,"wranglerMinorVersion":92,"wranglerPatchVersion":0,"osPlatform":"Windows","osVersion":"Windows 10 Home Single Language","nodeVersion":24,"packageManager":"npm","isFirstUsage":false,"configFileType":"none","isCI":false,"isPagesCI":false,"isWorkersCI":false,"isInteractive":true,"hasAssets":false,"agent":null,"argsUsed":["projectName"],"argsCombination":"projectName","sanitizedCommand":"pages deploy","sanitizedArgs":{}}}
---

--- 2026-05-26T08:28:53.104Z debug
Retrieving cached values for account_id and project_name from node_modules\.cache\wrangler
---

--- 2026-05-26T08:28:53.115Z debug
-- START CF API REQUEST: GET https://api.cloudflare.com/client/v4/accounts/8a97ba904bc5bcdb34042cf2f5443825/pages/projects/divine-compass
---

--- 2026-05-26T08:28:53.115Z debug
QUERY STRING: omitted; set WRANGLER_LOG_SANITIZE=false to include sanitized data
---

--- 2026-05-26T08:28:53.115Z debug
HEADERS: omitted; set WRANGLER_LOG_SANITIZE=false to include sanitized data
---

--- 2026-05-26T08:28:53.116Z debug
INIT: omitted; set WRANGLER_LOG_SANITIZE=false to include sanitized data
---

--- 2026-05-26T08:28:53.116Z debug
-- END CF API REQUEST
---

--- 2026-05-26T08:28:55.340Z debug
-- START CF API RESPONSE: OK 200
---

--- 2026-05-26T08:28:55.341Z debug
HEADERS: omitted; set WRANGLER_LOG_SANITIZE=false to include sanitized data
---

--- 2026-05-26T08:28:55.341Z debug
RESPONSE: omitted; set WRANGLER_LOG_SANITIZE=false to include sanitized data
---

--- 2026-05-26T08:28:55.341Z debug
-- END CF API RESPONSE
---

--- 2026-05-26T08:28:55.344Z debug
pages deploy: Detecting git repository information...
---

--- 2026-05-26T08:28:55.395Z debug
pages deploy: Git repository detected
---

--- 2026-05-26T08:28:55.450Z debug
pages deploy: Working directory dirty status: true
---

--- 2026-05-26T08:28:55.495Z debug
pages deploy: Detected branch: "main"
---

--- 2026-05-26T08:28:55.542Z debug
pages deploy: Detected commit hash: "d8d3f7ebc71d2e2641914c21ceb8504588455a8d"
---

--- 2026-05-26T08:28:55.575Z debug
pages deploy: Detected commit message: "Updated premium AI reel app"
---

--- 2026-05-26T08:28:55.575Z debug
pages deploy: Git information summary - branch: main, commitHash: d8d3f7ebc71d2e2641914c21ceb8504588455a8d, commitDirty: true
---

--- 2026-05-26T08:28:55.576Z debug
-- START CF API REQUEST: GET https://api.cloudflare.com/client/v4/accounts/8a97ba904bc5bcdb34042cf2f5443825/pages/projects/divine-compass
---

--- 2026-05-26T08:28:55.576Z debug
QUERY STRING: omitted; set WRANGLER_LOG_SANITIZE=false to include sanitized data
---

--- 2026-05-26T08:28:55.576Z debug
HEADERS: omitted; set WRANGLER_LOG_SANITIZE=false to include sanitized data
---

--- 2026-05-26T08:28:55.577Z debug
INIT: omitted; set WRANGLER_LOG_SANITIZE=false to include sanitized data
---

--- 2026-05-26T08:28:55.577Z debug
-- END CF API REQUEST
---

--- 2026-05-26T08:28:57.590Z debug
-- START CF API RESPONSE: OK 200
---

--- 2026-05-26T08:28:57.590Z debug
HEADERS: omitted; set WRANGLER_LOG_SANITIZE=false to include sanitized data
---

--- 2026-05-26T08:28:57.590Z debug
RESPONSE: omitted; set WRANGLER_LOG_SANITIZE=false to include sanitized data
---

--- 2026-05-26T08:28:57.590Z debug
-- END CF API RESPONSE
---

--- 2026-05-26T08:28:57.639Z log
✨ Compiled Worker successfully
---

--- 2026-05-26T08:28:57.641Z debug
-- START CF API REQUEST: GET https://api.cloudflare.com/client/v4/accounts/8a97ba904bc5bcdb34042cf2f5443825/pages/projects/divine-compass/upload-token
---

--- 2026-05-26T08:28:57.641Z debug
QUERY STRING: omitted; set WRANGLER_LOG_SANITIZE=false to include sanitized data
---

--- 2026-05-26T08:28:57.641Z debug
HEADERS: omitted; set WRANGLER_LOG_SANITIZE=false to include sanitized data
---

--- 2026-05-26T08:28:57.641Z debug
INIT: omitted; set WRANGLER_LOG_SANITIZE=false to include sanitized data
---

--- 2026-05-26T08:28:57.642Z debug
-- END CF API REQUEST
---

--- 2026-05-26T08:29:00.212Z debug
-- START CF API RESPONSE: OK 200
---

--- 2026-05-26T08:29:00.212Z debug
HEADERS: omitted; set WRANGLER_LOG_SANITIZE=false to include sanitized data
---

--- 2026-05-26T08:29:00.213Z debug
RESPONSE: omitted; set WRANGLER_LOG_SANITIZE=false to include sanitized data
---

--- 2026-05-26T08:29:00.213Z debug
-- END CF API RESPONSE
---

--- 2026-05-26T08:29:00.249Z debug
-- START CF API REQUEST: GET https://api.cloudflare.com/client/v4/accounts/8a97ba904bc5bcdb34042cf2f5443825/pages/projects/divine-compass/upload-token
---

--- 2026-05-26T08:29:00.249Z debug
QUERY STRING: omitted; set WRANGLER_LOG_SANITIZE=false to include sanitized data
---

--- 2026-05-26T08:29:00.249Z debug
HEADERS: omitted; set WRANGLER_LOG_SANITIZE=false to include sanitized data
---

--- 2026-05-26T08:29:00.249Z debug
INIT: omitted; set WRANGLER_LOG_SANITIZE=false to include sanitized data
---

--- 2026-05-26T08:29:00.249Z debug
-- END CF API REQUEST
---

--- 2026-05-26T08:29:02.174Z debug
-- START CF API RESPONSE: OK 200
---

--- 2026-05-26T08:29:02.175Z debug
HEADERS: omitted; set WRANGLER_LOG_SANITIZE=false to include sanitized data
---

--- 2026-05-26T08:29:02.175Z debug
RESPONSE: omitted; set WRANGLER_LOG_SANITIZE=false to include sanitized data
---

--- 2026-05-26T08:29:02.175Z debug
-- END CF API RESPONSE
---

--- 2026-05-26T08:29:02.176Z debug
-- START CF API REQUEST: POST https://api.cloudflare.com/client/v4/pages/assets/check-missing
---

--- 2026-05-26T08:29:02.176Z debug
QUERY STRING: omitted; set WRANGLER_LOG_SANITIZE=false to include sanitized data
---

--- 2026-05-26T08:29:02.177Z debug
HEADERS: omitted; set WRANGLER_LOG_SANITIZE=false to include sanitized data
---

--- 2026-05-26T08:29:02.177Z debug
INIT: omitted; set WRANGLER_LOG_SANITIZE=false to include sanitized data
---

--- 2026-05-26T08:29:02.177Z debug
-- END CF API REQUEST
---

--- 2026-05-26T08:29:02.460Z debug
-- START CF API RESPONSE: OK 200
---

--- 2026-05-26T08:29:02.460Z debug
HEADERS: omitted; set WRANGLER_LOG_SANITIZE=false to include sanitized data
---

--- 2026-05-26T08:29:02.460Z debug
RESPONSE: omitted; set WRANGLER_LOG_SANITIZE=false to include sanitized data
---

--- 2026-05-26T08:29:02.460Z debug
-- END CF API RESPONSE
---

--- 2026-05-26T08:29:02.462Z log
✨ Success! Uploaded 0 files (37 already uploaded) (0.29 sec)

---

--- 2026-05-26T08:29:02.463Z debug
-- START CF API REQUEST: POST https://api.cloudflare.com/client/v4/pages/assets/upsert-hashes
---

--- 2026-05-26T08:29:02.463Z debug
QUERY STRING: omitted; set WRANGLER_LOG_SANITIZE=false to include sanitized data
---

--- 2026-05-26T08:29:02.463Z debug
HEADERS: omitted; set WRANGLER_LOG_SANITIZE=false to include sanitized data
---

--- 2026-05-26T08:29:02.463Z debug
INIT: omitted; set WRANGLER_LOG_SANITIZE=false to include sanitized data
---

--- 2026-05-26T08:29:02.463Z debug
-- END CF API REQUEST
---

--- 2026-05-26T08:29:02.751Z debug
-- START CF API RESPONSE: OK 200
---

--- 2026-05-26T08:29:02.752Z debug
HEADERS: omitted; set WRANGLER_LOG_SANITIZE=false to include sanitized data
---

--- 2026-05-26T08:29:02.752Z debug
RESPONSE: omitted; set WRANGLER_LOG_SANITIZE=false to include sanitized data
---

--- 2026-05-26T08:29:02.752Z debug
-- END CF API RESPONSE
---

--- 2026-05-26T08:29:02.753Z log
✨ Uploading _redirects
---

--- 2026-05-26T08:29:02.757Z log
✨ Uploading Functions bundle
---

--- 2026-05-26T08:29:02.758Z debug
-- START CF API REQUEST: POST https://api.cloudflare.com/client/v4/accounts/8a97ba904bc5bcdb34042cf2f5443825/pages/projects/divine-compass/deployments
---

--- 2026-05-26T08:29:02.758Z debug
QUERY STRING: omitted; set WRANGLER_LOG_SANITIZE=false to include sanitized data
---

--- 2026-05-26T08:29:02.758Z debug
HEADERS: omitted; set WRANGLER_LOG_SANITIZE=false to include sanitized data
---

--- 2026-05-26T08:29:02.758Z debug
INIT: omitted; set WRANGLER_LOG_SANITIZE=false to include sanitized data
---

--- 2026-05-26T08:29:02.759Z debug
BODY: omitted; set WRANGLER_LOG_SANITIZE=false to include sanitized data
---

--- 2026-05-26T08:29:02.760Z debug
-- END CF API REQUEST
---

--- 2026-05-26T08:29:06.045Z debug
-- START CF API RESPONSE: OK 200
---

--- 2026-05-26T08:29:06.045Z debug
HEADERS: omitted; set WRANGLER_LOG_SANITIZE=false to include sanitized data
---

--- 2026-05-26T08:29:06.045Z debug
RESPONSE: omitted; set WRANGLER_LOG_SANITIZE=false to include sanitized data
---

--- 2026-05-26T08:29:06.046Z debug
-- END CF API RESPONSE
---

--- 2026-05-26T08:29:06.046Z debug
Saving to cache: {"account_id":"8a97ba904bc5bcdb34042cf2f5443825","project_name":"divine-compass"}
---

--- 2026-05-26T08:29:06.047Z log
🌎 Deploying...
---

--- 2026-05-26T08:29:07.052Z debug
attempt #1: Attempting to fetch status for deployment with id "95a9c19e-5d12-4aec-9de4-c264320be416" ...
---

--- 2026-05-26T08:29:07.053Z debug
-- START CF API REQUEST: GET https://api.cloudflare.com/client/v4/accounts/8a97ba904bc5bcdb34042cf2f5443825/pages/projects/divine-compass/deployments/95a9c19e-5d12-4aec-9de4-c264320be416
---

--- 2026-05-26T08:29:07.053Z debug
QUERY STRING: omitted; set WRANGLER_LOG_SANITIZE=false to include sanitized data
---

--- 2026-05-26T08:29:07.053Z debug
HEADERS: omitted; set WRANGLER_LOG_SANITIZE=false to include sanitized data
---

--- 2026-05-26T08:29:07.053Z debug
INIT: omitted; set WRANGLER_LOG_SANITIZE=false to include sanitized data
---

--- 2026-05-26T08:29:07.053Z debug
-- END CF API REQUEST
---

--- 2026-05-26T08:29:09.411Z debug
-- START CF API RESPONSE: OK 200
---

--- 2026-05-26T08:29:09.412Z debug
HEADERS: omitted; set WRANGLER_LOG_SANITIZE=false to include sanitized data
---

--- 2026-05-26T08:29:09.412Z debug
RESPONSE: omitted; set WRANGLER_LOG_SANITIZE=false to include sanitized data
---

--- 2026-05-26T08:29:09.412Z debug
-- END CF API RESPONSE
---

--- 2026-05-26T08:29:09.413Z log
✨ Deployment complete! Take a peek over at https://95a9c19e.divine-compass.pages.dev
---

--- 2026-05-26T08:29:09.414Z debug
Metrics dispatcher: Posting data {"deviceId":"db2a9084-803f-4f5f-a7bf-10025247991f","event":"create pages deployment","timestamp":1779784149414,"properties":{"amplitude_session_id":1779784149413,"amplitude_event_id":0,"wranglerVersion":"4.92.0","wranglerMajorVersion":4,"wranglerMinorVersion":92,"wranglerPatchVersion":0,"osPlatform":"Windows","osVersion":"Windows 10 Home Single Language","nodeVersion":24,"packageManager":"npm","isFirstUsage":false,"configFileType":"none","isCI":false,"isPagesCI":false,"isWorkersCI":false,"isInteractive":true,"hasAssets":false,"agent":null,"category":"Workers","os":"win32:x64"}}
---

--- 2026-05-26T08:29:09.417Z debug
Metrics dispatcher: Posting data {"deviceId":"db2a9084-803f-4f5f-a7bf-10025247991f","event":"wrangler command completed","timestamp":1779784149416,"properties":{"amplitude_session_id":1779784133078,"amplitude_event_id":1,"wranglerVersion":"4.92.0","wranglerMajorVersion":4,"wranglerMinorVersion":92,"wranglerPatchVersion":0,"osPlatform":"Windows","osVersion":"Windows 10 Home Single Language","nodeVersion":24,"packageManager":"npm","isFirstUsage":false,"configFileType":"none","isCI":false,"isPagesCI":false,"isWorkersCI":false,"isInteractive":true,"hasAssets":false,"agent":null,"argsUsed":["projectName"],"argsCombination":"projectName","sanitizedCommand":"pages deploy","sanitizedArgs":{},"durationMs":16346}}
---
