
--- 2026-05-25T18:35:01.629Z debug
🪵  Writing logs to "D:\Ai reel Agent\.wrangler-tmp\.wrangler\logs\wrangler-2026-05-25_18-35-01_378.log"
---

--- 2026-05-25T18:35:01.629Z debug
.env file not found at "D:\Ai reel Agent\divine-compass-main\.env". Continuing... For more details, refer to https://developers.cloudflare.com/workers/wrangler/system-environment-variables/
---

--- 2026-05-25T18:35:01.630Z debug
.env file not found at "D:\Ai reel Agent\divine-compass-main\.env.local". Continuing... For more details, refer to https://developers.cloudflare.com/workers/wrangler/system-environment-variables/
---

--- 2026-05-25T18:35:01.640Z log

 ⛅️ wrangler 4.92.0 (update available 4.94.0)
─────────────────────────────────────────────
---

--- 2026-05-25T18:35:01.650Z debug
Metrics dispatcher: Posting data {"deviceId":"db2a9084-803f-4f5f-a7bf-10025247991f","event":"wrangler command started","timestamp":1779734101650,"properties":{"amplitude_session_id":1779734101648,"amplitude_event_id":0,"wranglerVersion":"4.92.0","wranglerMajorVersion":4,"wranglerMinorVersion":92,"wranglerPatchVersion":0,"osPlatform":"Windows","osVersion":"Windows 10 Home Single Language","nodeVersion":24,"isFirstUsage":false,"configFileType":"none","isCI":false,"isPagesCI":false,"isWorkersCI":false,"isInteractive":true,"hasAssets":false,"agent":null,"argsUsed":[],"argsCombination":"","sanitizedCommand":"whoami","sanitizedArgs":{}}}
---

--- 2026-05-25T18:35:01.673Z log
Getting User settings...
---

--- 2026-05-25T18:35:01.684Z debug
-- START CF API REQUEST: GET https://api.cloudflare.com/client/v4/user
---

--- 2026-05-25T18:35:01.684Z debug
QUERY STRING: omitted; set WRANGLER_LOG_SANITIZE=false to include sanitized data
---

--- 2026-05-25T18:35:01.685Z debug
HEADERS: omitted; set WRANGLER_LOG_SANITIZE=false to include sanitized data
---

--- 2026-05-25T18:35:01.685Z debug
INIT: omitted; set WRANGLER_LOG_SANITIZE=false to include sanitized data
---

--- 2026-05-25T18:35:01.685Z debug
-- END CF API REQUEST
---

--- 2026-05-25T18:35:03.193Z debug
-- START CF API RESPONSE: OK 200
---

--- 2026-05-25T18:35:03.194Z debug
HEADERS: omitted; set WRANGLER_LOG_SANITIZE=false to include sanitized data
---

--- 2026-05-25T18:35:03.194Z debug
RESPONSE: omitted; set WRANGLER_LOG_SANITIZE=false to include sanitized data
---

--- 2026-05-25T18:35:03.194Z debug
-- END CF API RESPONSE
---

--- 2026-05-25T18:35:03.199Z debug
-- START CF API REQUEST: GET https://api.cloudflare.com/client/v4/accounts
---

--- 2026-05-25T18:35:03.199Z debug
QUERY STRING: omitted; set WRANGLER_LOG_SANITIZE=false to include sanitized data
---

--- 2026-05-25T18:35:03.199Z debug
HEADERS: omitted; set WRANGLER_LOG_SANITIZE=false to include sanitized data
---

--- 2026-05-25T18:35:03.199Z debug
INIT: omitted; set WRANGLER_LOG_SANITIZE=false to include sanitized data
---

--- 2026-05-25T18:35:03.200Z debug
-- END CF API REQUEST
---

--- 2026-05-25T18:35:03.202Z debug
-- START CF API REQUEST: GET https://api.cloudflare.com/client/v4/memberships
---

--- 2026-05-25T18:35:03.202Z debug
QUERY STRING: omitted; set WRANGLER_LOG_SANITIZE=false to include sanitized data
---

--- 2026-05-25T18:35:03.202Z debug
HEADERS: omitted; set WRANGLER_LOG_SANITIZE=false to include sanitized data
---

--- 2026-05-25T18:35:03.203Z debug
INIT: omitted; set WRANGLER_LOG_SANITIZE=false to include sanitized data
---

--- 2026-05-25T18:35:03.203Z debug
-- END CF API REQUEST
---

--- 2026-05-25T18:35:03.757Z debug
-- START CF API RESPONSE: OK 200
---

--- 2026-05-25T18:35:03.757Z debug
HEADERS: omitted; set WRANGLER_LOG_SANITIZE=false to include sanitized data
---

--- 2026-05-25T18:35:03.757Z debug
RESPONSE: omitted; set WRANGLER_LOG_SANITIZE=false to include sanitized data
---

--- 2026-05-25T18:35:03.757Z debug
-- END CF API RESPONSE
---

--- 2026-05-25T18:35:05.358Z debug
-- START CF API RESPONSE: OK 200
---

--- 2026-05-25T18:35:05.358Z debug
HEADERS: omitted; set WRANGLER_LOG_SANITIZE=false to include sanitized data
---

--- 2026-05-25T18:35:05.359Z debug
RESPONSE: omitted; set WRANGLER_LOG_SANITIZE=false to include sanitized data
---

--- 2026-05-25T18:35:05.359Z debug
-- END CF API RESPONSE
---

--- 2026-05-25T18:35:05.360Z log
👋 You are logged in with an OAuth Token, associated with the email arjunchandru9110@gmail.com.
---

--- 2026-05-25T18:35:05.368Z log
┌──────────────────────────────────────┬──────────────────────────────────┐
│ Account Name                         │ Account ID                       │
├──────────────────────────────────────┼──────────────────────────────────┤
│ Arjunchandru9110@gmail.com's Account │ 8a97ba904bc5bcdb34042cf2f5443825 │
└──────────────────────────────────────┴──────────────────────────────────┘
---

--- 2026-05-25T18:35:05.368Z log
🔓 Token Permissions:
---

--- 2026-05-25T18:35:05.368Z log
Scope (Access)
---

--- 2026-05-25T18:35:05.369Z log
- account (read)
---

--- 2026-05-25T18:35:05.369Z log
- user (read)
---

--- 2026-05-25T18:35:05.369Z log
- workers (write)
---

--- 2026-05-25T18:35:05.369Z log
- workers_kv (write)
---

--- 2026-05-25T18:35:05.370Z log
- workers_routes (write)
---

--- 2026-05-25T18:35:05.370Z log
- workers_scripts (write)
---

--- 2026-05-25T18:35:05.370Z log
- workers_tail (read)
---

--- 2026-05-25T18:35:05.370Z log
- d1 (write)
---

--- 2026-05-25T18:35:05.370Z log
- pages (write)
---

--- 2026-05-25T18:35:05.370Z log
- zone (read)
---

--- 2026-05-25T18:35:05.371Z log
- ssl_certs (write)
---

--- 2026-05-25T18:35:05.371Z log
- ai (write)
---

--- 2026-05-25T18:35:05.371Z log
- ai-search (write)
---

--- 2026-05-25T18:35:05.371Z log
- ai-search (run)
---

--- 2026-05-25T18:35:05.371Z log
- queues (write)
---

--- 2026-05-25T18:35:05.371Z log
- pipelines (write)
---

--- 2026-05-25T18:35:05.372Z log
- secrets_store (write)
---

--- 2026-05-25T18:35:05.372Z log
- artifacts (write)
---

--- 2026-05-25T18:35:05.372Z log
- flagship (write)
---

--- 2026-05-25T18:35:05.372Z log
- containers (write)
---

--- 2026-05-25T18:35:05.372Z log
- cloudchamber (write)
---

--- 2026-05-25T18:35:05.372Z log
- connectivity (admin)
---

--- 2026-05-25T18:35:05.373Z log
- email_routing (write)
---

--- 2026-05-25T18:35:05.373Z log
- email_sending (write)
---

--- 2026-05-25T18:35:05.373Z log
- browser (write)
---

--- 2026-05-25T18:35:05.373Z log
- offline_access 
---

--- 2026-05-25T18:35:05.375Z debug
Metrics dispatcher: Posting data {"deviceId":"db2a9084-803f-4f5f-a7bf-10025247991f","event":"view accounts","timestamp":1779734105374,"properties":{"amplitude_session_id":1779734105374,"amplitude_event_id":0,"wranglerVersion":"4.92.0","wranglerMajorVersion":4,"wranglerMinorVersion":92,"wranglerPatchVersion":0,"osPlatform":"Windows","osVersion":"Windows 10 Home Single Language","nodeVersion":24,"isFirstUsage":false,"configFileType":"none","isCI":false,"isPagesCI":false,"isWorkersCI":false,"isInteractive":true,"hasAssets":false,"agent":null,"category":"Workers","os":"win32:x64"}}
---

--- 2026-05-25T18:35:05.377Z debug
Metrics dispatcher: Posting data {"deviceId":"db2a9084-803f-4f5f-a7bf-10025247991f","event":"wrangler command completed","timestamp":1779734105376,"properties":{"amplitude_session_id":1779734101648,"amplitude_event_id":1,"wranglerVersion":"4.92.0","wranglerMajorVersion":4,"wranglerMinorVersion":92,"wranglerPatchVersion":0,"osPlatform":"Windows","osVersion":"Windows 10 Home Single Language","nodeVersion":24,"isFirstUsage":false,"configFileType":"none","isCI":false,"isPagesCI":false,"isWorkersCI":false,"isInteractive":true,"hasAssets":false,"agent":null,"argsUsed":[],"argsCombination":"","sanitizedCommand":"whoami","sanitizedArgs":{},"durationMs":3745}}
---
