
--- 2026-05-25T12:57:22.593Z debug
🪵  Writing logs to "D:\Ai reel Agent\.wrangler-tmp\.wrangler\logs\wrangler-2026-05-25_12-57-22_346.log"
---

--- 2026-05-25T12:57:22.593Z debug
.env file not found at "D:\Ai reel Agent\.env.local". Continuing... For more details, refer to https://developers.cloudflare.com/workers/wrangler/system-environment-variables/
---

--- 2026-05-25T12:57:22.630Z log

 ⛅️ wrangler 4.92.0
───────────────────
---

--- 2026-05-25T12:57:22.641Z debug
Metrics dispatcher: Posting data {"deviceId":"db2a9084-803f-4f5f-a7bf-10025247991f","event":"wrangler command started","timestamp":1779713842640,"properties":{"amplitude_session_id":1779713842638,"amplitude_event_id":0,"wranglerVersion":"4.92.0","wranglerMajorVersion":4,"wranglerMinorVersion":92,"wranglerPatchVersion":0,"osPlatform":"Windows","osVersion":"Windows 10 Home Single Language","nodeVersion":24,"isFirstUsage":false,"configFileType":"none","isCI":false,"isPagesCI":false,"isWorkersCI":false,"isInteractive":true,"hasAssets":false,"agent":null,"argsUsed":[],"argsCombination":"","sanitizedCommand":"login","sanitizedArgs":{}}}
---

--- 2026-05-25T12:57:22.667Z log
Attempting to login via OAuth...
---

--- 2026-05-25T12:57:22.677Z log
Opening a link in your default browser: https://dash.cloudflare.com/oauth2/auth?response_type=code&client_id=54d11594-84e4-41aa-b438-e81b8fa78ee7&redirect_uri=http%3A%2F%2Flocalhost%3A8976%2Foauth%2Fcallback&scope=account%3Aread%20user%3Aread%20workers%3Awrite%20workers_kv%3Awrite%20workers_routes%3Awrite%20workers_scripts%3Awrite%20workers_tail%3Aread%20d1%3Awrite%20pages%3Awrite%20zone%3Aread%20ssl_certs%3Awrite%20ai%3Awrite%20ai-search%3Awrite%20ai-search%3Arun%20queues%3Awrite%20pipelines%3Awrite%20secrets_store%3Awrite%20artifacts%3Awrite%20flagship%3Awrite%20containers%3Awrite%20cloudchamber%3Awrite%20connectivity%3Aadmin%20email_routing%3Awrite%20email_sending%3Awrite%20browser%3Awrite%20offline_access&state=otGxRquaUv7iKTVmhzN54GDjMzWnOLT0&code_challenge=KAlA0whlmQ5MosDso6etp8UWh_kDLF5hPtiGcJKCqD0&code_challenge_method=S256
---

--- 2026-05-25T12:57:22.735Z debug
Metrics dispatcher: Failed to send request: fetch failed
---

--- 2026-05-25T12:59:22.689Z debug
Metrics dispatcher: Posting data {"deviceId":"db2a9084-803f-4f5f-a7bf-10025247991f","event":"wrangler command errored","timestamp":1779713962689,"properties":{"amplitude_session_id":1779713842638,"amplitude_event_id":1,"wranglerVersion":"4.92.0","wranglerMajorVersion":4,"wranglerMinorVersion":92,"wranglerPatchVersion":0,"osPlatform":"Windows","osVersion":"Windows 10 Home Single Language","nodeVersion":24,"isFirstUsage":false,"configFileType":"none","isCI":false,"isPagesCI":false,"isWorkersCI":false,"isInteractive":true,"hasAssets":false,"agent":null,"argsUsed":[],"argsCombination":"","sanitizedCommand":"login","sanitizedArgs":{},"durationMs":120092,"errorType":"UserError","errorMessage":"user oauth authorization timeout"}}
---
