
--- 2026-05-25T13:00:39.378Z debug
🪵  Writing logs to "D:\Ai reel Agent\.wrangler-tmp\.wrangler\logs\wrangler-2026-05-25_13-00-39_081.log"
---

--- 2026-05-25T13:00:39.378Z debug
.env file not found at "D:\Ai reel Agent\divine-compass-pages-test\.env". Continuing... For more details, refer to https://developers.cloudflare.com/workers/wrangler/system-environment-variables/
---

--- 2026-05-25T13:00:39.379Z debug
.env file not found at "D:\Ai reel Agent\divine-compass-pages-test\.env.local". Continuing... For more details, refer to https://developers.cloudflare.com/workers/wrangler/system-environment-variables/
---

--- 2026-05-25T13:00:39.484Z log

 ⛅️ wrangler 4.92.0
───────────────────
---

--- 2026-05-25T13:00:39.496Z debug
Metrics dispatcher: Posting data {"deviceId":"db2a9084-803f-4f5f-a7bf-10025247991f","event":"wrangler command started","timestamp":1779714039495,"properties":{"amplitude_session_id":1779714039492,"amplitude_event_id":0,"wranglerVersion":"4.92.0","wranglerMajorVersion":4,"wranglerMinorVersion":92,"wranglerPatchVersion":0,"osPlatform":"Windows","osVersion":"Windows 10 Home Single Language","nodeVersion":24,"isFirstUsage":false,"configFileType":"none","isCI":false,"isPagesCI":false,"isWorkersCI":false,"isInteractive":true,"hasAssets":false,"agent":null,"argsUsed":[],"argsCombination":"","sanitizedCommand":"login","sanitizedArgs":{}}}
---

--- 2026-05-25T13:00:39.525Z log
Attempting to login via OAuth...
---

--- 2026-05-25T13:00:39.532Z log
Opening a link in your default browser: https://dash.cloudflare.com/oauth2/auth?response_type=code&client_id=54d11594-84e4-41aa-b438-e81b8fa78ee7&redirect_uri=http%3A%2F%2Flocalhost%3A8976%2Foauth%2Fcallback&scope=account%3Aread%20user%3Aread%20workers%3Awrite%20workers_kv%3Awrite%20workers_routes%3Awrite%20workers_scripts%3Awrite%20workers_tail%3Aread%20d1%3Awrite%20pages%3Awrite%20zone%3Aread%20ssl_certs%3Awrite%20ai%3Awrite%20ai-search%3Awrite%20ai-search%3Arun%20queues%3Awrite%20pipelines%3Awrite%20secrets_store%3Awrite%20artifacts%3Awrite%20flagship%3Awrite%20containers%3Awrite%20cloudchamber%3Awrite%20connectivity%3Aadmin%20email_routing%3Awrite%20email_sending%3Awrite%20browser%3Awrite%20offline_access&state=0FSvRBekc-aKskcKW.C_6NbvoYA~T2Vr&code_challenge=uY2ubNsP55NuyphQVX__voPabkgm8HQlSE1uTI5bQt0&code_challenge_method=S256
---

--- 2026-05-25T13:01:08.615Z debug
fetching auth token grant_type=authorization_code&code=_dsmeC-nHbm2SzfADsgL8gHSqLA0mkiq3EQ2JvEtw3A.3gOb7isoVQF482oKoRA5_QkDYYnVHis69ilvQgHFyUs&redirect_uri=http%3A%2F%2Flocalhost%3A8976%2Foauth%2Fcallback&client_id=54d11594-84e4-41aa-b438-e81b8fa78ee7&code_verifier=enJlMFVrWmFsOGlhMUZYLkYxc2J2SmoyYWk3TEkyQi5CTnFQOFNWdW1tM2JvVEktNXRGWHR0Q1RHS3hPNXBpX3pTLXhNelYxNjNORzN0ckhfMH5jSzFBd3JHcGhNalRS
---

--- 2026-05-25T13:01:08.615Z debug
Checking if domain has Access enabled: dash.cloudflare.com
---

--- 2026-05-25T13:01:08.615Z debug
Access switch not cached for: dash.cloudflare.com
---

--- 2026-05-25T13:01:08.664Z debug
Caching access switch for: dash.cloudflare.com
---

--- 2026-05-25T13:01:08.665Z debug
Fetching auth token from https://dash.cloudflare.com/oauth2/token
---

--- 2026-05-25T13:01:09.440Z log
Successfully logged in.
---

--- 2026-05-25T13:01:09.442Z debug
Metrics dispatcher: Posting data {"deviceId":"db2a9084-803f-4f5f-a7bf-10025247991f","event":"login user","timestamp":1779714069441,"properties":{"amplitude_session_id":1779714069441,"amplitude_event_id":0,"wranglerVersion":"4.92.0","wranglerMajorVersion":4,"wranglerMinorVersion":92,"wranglerPatchVersion":0,"osPlatform":"Windows","osVersion":"Windows 10 Home Single Language","nodeVersion":24,"isFirstUsage":false,"configFileType":"none","isCI":false,"isPagesCI":false,"isWorkersCI":false,"isInteractive":true,"hasAssets":false,"agent":null,"category":"Workers","os":"win32:x64"}}
---

--- 2026-05-25T13:01:09.444Z debug
Metrics dispatcher: Posting data {"deviceId":"db2a9084-803f-4f5f-a7bf-10025247991f","event":"wrangler command completed","timestamp":1779714069444,"properties":{"amplitude_session_id":1779714039492,"amplitude_event_id":1,"wranglerVersion":"4.92.0","wranglerMajorVersion":4,"wranglerMinorVersion":92,"wranglerPatchVersion":0,"osPlatform":"Windows","osVersion":"Windows 10 Home Single Language","nodeVersion":24,"isFirstUsage":false,"configFileType":"none","isCI":false,"isPagesCI":false,"isWorkersCI":false,"isInteractive":true,"hasAssets":false,"agent":null,"argsUsed":[],"argsCombination":"","sanitizedCommand":"login","sanitizedArgs":{},"durationMs":30063}}
---
