
--- 2026-05-25T13:30:52.991Z debug
🪵  Writing logs to "D:\Ai reel Agent\.wrangler-tmp\.wrangler\logs\wrangler-2026-05-25_13-30-52_705.log"
---

--- 2026-05-25T13:30:52.990Z debug
.env file not found at "D:\Ai reel Agent\divine-compass-pages-test\.env". Continuing... For more details, refer to https://developers.cloudflare.com/workers/wrangler/system-environment-variables/
---

--- 2026-05-25T13:30:52.992Z debug
.env file not found at "D:\Ai reel Agent\divine-compass-pages-test\.env.local". Continuing... For more details, refer to https://developers.cloudflare.com/workers/wrangler/system-environment-variables/
---

--- 2026-05-25T13:30:53.005Z log

 ⛅️ wrangler 4.92.0 (update available 4.94.0)
─────────────────────────────────────────────
---

--- 2026-05-25T13:30:53.010Z debug
Metrics dispatcher: Posting data {"deviceId":"db2a9084-803f-4f5f-a7bf-10025247991f","event":"wrangler command started","timestamp":1779715853010,"properties":{"amplitude_session_id":1779715853007,"amplitude_event_id":0,"wranglerVersion":"4.92.0","wranglerMajorVersion":4,"wranglerMinorVersion":92,"wranglerPatchVersion":0,"osPlatform":"Windows","osVersion":"Windows 10 Home Single Language","nodeVersion":24,"isFirstUsage":false,"configFileType":"none","isCI":false,"isPagesCI":false,"isWorkersCI":false,"isInteractive":true,"hasAssets":false,"agent":null,"argsUsed":["projectName"],"argsCombination":"projectName","sanitizedCommand":"pages deploy","sanitizedArgs":{}}}
---

--- 2026-05-25T13:30:53.055Z debug
Retrieving cached values for account_id and project_name from node_modules\.cache\wrangler
---

--- 2026-05-25T13:30:53.071Z debug
-- START CF API REQUEST: GET https://api.cloudflare.com/client/v4/accounts/8a97ba904bc5bcdb34042cf2f5443825/pages/projects/divine-compass-staging
---

--- 2026-05-25T13:30:53.071Z debug
QUERY STRING: omitted; set WRANGLER_LOG_SANITIZE=false to include sanitized data
---

--- 2026-05-25T13:30:53.072Z debug
HEADERS: omitted; set WRANGLER_LOG_SANITIZE=false to include sanitized data
---

--- 2026-05-25T13:30:53.072Z debug
INIT: omitted; set WRANGLER_LOG_SANITIZE=false to include sanitized data
---

--- 2026-05-25T13:30:53.073Z debug
-- END CF API REQUEST
---

--- 2026-05-25T13:30:55.114Z debug
-- START CF API RESPONSE: OK 200
---

--- 2026-05-25T13:30:55.115Z debug
HEADERS: omitted; set WRANGLER_LOG_SANITIZE=false to include sanitized data
---

--- 2026-05-25T13:30:55.115Z debug
RESPONSE: omitted; set WRANGLER_LOG_SANITIZE=false to include sanitized data
---

--- 2026-05-25T13:30:55.115Z debug
-- END CF API RESPONSE
---

--- 2026-05-25T13:30:55.118Z debug
pages deploy: Detecting git repository information...
---

--- 2026-05-25T13:30:55.171Z debug
pages deploy: Git repository detected
---

--- 2026-05-25T13:30:55.223Z debug
pages deploy: Working directory dirty status: true
---

--- 2026-05-25T13:30:55.268Z debug
pages deploy: Detected branch: "main"
---

--- 2026-05-25T13:30:55.314Z debug
pages deploy: Detected commit hash: "d8d3f7ebc71d2e2641914c21ceb8504588455a8d"
---

--- 2026-05-25T13:30:55.345Z debug
pages deploy: Detected commit message: "Updated premium AI reel app"
---

--- 2026-05-25T13:30:55.345Z debug
pages deploy: Git information summary - branch: main, commitHash: d8d3f7ebc71d2e2641914c21ceb8504588455a8d, commitDirty: true
---

--- 2026-05-25T13:30:55.346Z debug
-- START CF API REQUEST: GET https://api.cloudflare.com/client/v4/accounts/8a97ba904bc5bcdb34042cf2f5443825/pages/projects/divine-compass-staging
---

--- 2026-05-25T13:30:55.346Z debug
QUERY STRING: omitted; set WRANGLER_LOG_SANITIZE=false to include sanitized data
---

--- 2026-05-25T13:30:55.347Z debug
HEADERS: omitted; set WRANGLER_LOG_SANITIZE=false to include sanitized data
---

--- 2026-05-25T13:30:55.347Z debug
INIT: omitted; set WRANGLER_LOG_SANITIZE=false to include sanitized data
---

--- 2026-05-25T13:30:55.347Z debug
-- END CF API REQUEST
---

--- 2026-05-25T13:30:57.207Z debug
-- START CF API RESPONSE: OK 200
---

--- 2026-05-25T13:30:57.207Z debug
HEADERS: omitted; set WRANGLER_LOG_SANITIZE=false to include sanitized data
---

--- 2026-05-25T13:30:57.207Z debug
RESPONSE: omitted; set WRANGLER_LOG_SANITIZE=false to include sanitized data
---

--- 2026-05-25T13:30:57.207Z debug
-- END CF API RESPONSE
---

--- 2026-05-25T13:30:57.303Z log
✨ Compiled Worker successfully
---

--- 2026-05-25T13:30:57.304Z debug
-- START CF API REQUEST: GET https://api.cloudflare.com/client/v4/accounts/8a97ba904bc5bcdb34042cf2f5443825/pages/projects/divine-compass-staging/upload-token
---

--- 2026-05-25T13:30:57.304Z debug
QUERY STRING: omitted; set WRANGLER_LOG_SANITIZE=false to include sanitized data
---

--- 2026-05-25T13:30:57.305Z debug
HEADERS: omitted; set WRANGLER_LOG_SANITIZE=false to include sanitized data
---

--- 2026-05-25T13:30:57.305Z debug
INIT: omitted; set WRANGLER_LOG_SANITIZE=false to include sanitized data
---

--- 2026-05-25T13:30:57.305Z debug
-- END CF API REQUEST
---

--- 2026-05-25T13:30:59.186Z debug
-- START CF API RESPONSE: OK 200
---

--- 2026-05-25T13:30:59.186Z debug
HEADERS: omitted; set WRANGLER_LOG_SANITIZE=false to include sanitized data
---

--- 2026-05-25T13:30:59.186Z debug
RESPONSE: omitted; set WRANGLER_LOG_SANITIZE=false to include sanitized data
---

--- 2026-05-25T13:30:59.186Z debug
-- END CF API RESPONSE
---

--- 2026-05-25T13:30:59.216Z debug
-- START CF API REQUEST: GET https://api.cloudflare.com/client/v4/accounts/8a97ba904bc5bcdb34042cf2f5443825/pages/projects/divine-compass-staging/upload-token
---

--- 2026-05-25T13:30:59.216Z debug
QUERY STRING: omitted; set WRANGLER_LOG_SANITIZE=false to include sanitized data
---

--- 2026-05-25T13:30:59.216Z debug
HEADERS: omitted; set WRANGLER_LOG_SANITIZE=false to include sanitized data
---

--- 2026-05-25T13:30:59.217Z debug
INIT: omitted; set WRANGLER_LOG_SANITIZE=false to include sanitized data
---

--- 2026-05-25T13:30:59.217Z debug
-- END CF API REQUEST
---

--- 2026-05-25T13:31:01.173Z debug
-- START CF API RESPONSE: OK 200
---

--- 2026-05-25T13:31:01.173Z debug
HEADERS: omitted; set WRANGLER_LOG_SANITIZE=false to include sanitized data
---

--- 2026-05-25T13:31:01.173Z debug
RESPONSE: omitted; set WRANGLER_LOG_SANITIZE=false to include sanitized data
---

--- 2026-05-25T13:31:01.173Z debug
-- END CF API RESPONSE
---

--- 2026-05-25T13:31:01.174Z debug
-- START CF API REQUEST: POST https://api.cloudflare.com/client/v4/pages/assets/check-missing
---

--- 2026-05-25T13:31:01.174Z debug
QUERY STRING: omitted; set WRANGLER_LOG_SANITIZE=false to include sanitized data
---

--- 2026-05-25T13:31:01.174Z debug
HEADERS: omitted; set WRANGLER_LOG_SANITIZE=false to include sanitized data
---

--- 2026-05-25T13:31:01.174Z debug
INIT: omitted; set WRANGLER_LOG_SANITIZE=false to include sanitized data
---

--- 2026-05-25T13:31:01.175Z debug
-- END CF API REQUEST
---

--- 2026-05-25T13:31:01.625Z debug
-- START CF API RESPONSE: OK 200
---

--- 2026-05-25T13:31:01.626Z debug
HEADERS: omitted; set WRANGLER_LOG_SANITIZE=false to include sanitized data
---

--- 2026-05-25T13:31:01.626Z debug
RESPONSE: omitted; set WRANGLER_LOG_SANITIZE=false to include sanitized data
---

--- 2026-05-25T13:31:01.626Z debug
-- END CF API RESPONSE
---

--- 2026-05-25T13:31:01.629Z debug
POST /pages/assets/upload
---

--- 2026-05-25T13:31:01.629Z debug
-- START CF API REQUEST: POST https://api.cloudflare.com/client/v4/pages/assets/upload
---

--- 2026-05-25T13:31:01.629Z debug
QUERY STRING: omitted; set WRANGLER_LOG_SANITIZE=false to include sanitized data
---

--- 2026-05-25T13:31:01.629Z debug
HEADERS: omitted; set WRANGLER_LOG_SANITIZE=false to include sanitized data
---

--- 2026-05-25T13:31:01.630Z debug
INIT: omitted; set WRANGLER_LOG_SANITIZE=false to include sanitized data
---

--- 2026-05-25T13:31:01.630Z debug
-- END CF API REQUEST
---

--- 2026-05-25T13:31:01.631Z debug
POST /pages/assets/upload
---

--- 2026-05-25T13:31:01.631Z debug
-- START CF API REQUEST: POST https://api.cloudflare.com/client/v4/pages/assets/upload
---

--- 2026-05-25T13:31:01.631Z debug
QUERY STRING: omitted; set WRANGLER_LOG_SANITIZE=false to include sanitized data
---

--- 2026-05-25T13:31:01.631Z debug
HEADERS: omitted; set WRANGLER_LOG_SANITIZE=false to include sanitized data
---

--- 2026-05-25T13:31:01.632Z debug
INIT: omitted; set WRANGLER_LOG_SANITIZE=false to include sanitized data
---

--- 2026-05-25T13:31:01.632Z debug
-- END CF API REQUEST
---

--- 2026-05-25T13:31:01.635Z debug
POST /pages/assets/upload
---

--- 2026-05-25T13:31:01.635Z debug
-- START CF API REQUEST: POST https://api.cloudflare.com/client/v4/pages/assets/upload
---

--- 2026-05-25T13:31:01.636Z debug
QUERY STRING: omitted; set WRANGLER_LOG_SANITIZE=false to include sanitized data
---

--- 2026-05-25T13:31:01.636Z debug
HEADERS: omitted; set WRANGLER_LOG_SANITIZE=false to include sanitized data
---

--- 2026-05-25T13:31:01.637Z debug
INIT: omitted; set WRANGLER_LOG_SANITIZE=false to include sanitized data
---

--- 2026-05-25T13:31:01.638Z debug
-- END CF API REQUEST
---

--- 2026-05-25T13:31:02.256Z debug
-- START CF API RESPONSE: OK 200
---

--- 2026-05-25T13:31:02.256Z debug
HEADERS: omitted; set WRANGLER_LOG_SANITIZE=false to include sanitized data
---

--- 2026-05-25T13:31:02.257Z debug
RESPONSE: omitted; set WRANGLER_LOG_SANITIZE=false to include sanitized data
---

--- 2026-05-25T13:31:02.257Z debug
-- END CF API RESPONSE
---

--- 2026-05-25T13:31:02.257Z debug
result: { successful_key_count: 1, unsuccessful_keys: [] }
---

--- 2026-05-25T13:31:02.286Z debug
-- START CF API RESPONSE: OK 200
---

--- 2026-05-25T13:31:02.286Z debug
HEADERS: omitted; set WRANGLER_LOG_SANITIZE=false to include sanitized data
---

--- 2026-05-25T13:31:02.286Z debug
RESPONSE: omitted; set WRANGLER_LOG_SANITIZE=false to include sanitized data
---

--- 2026-05-25T13:31:02.286Z debug
-- END CF API RESPONSE
---

--- 2026-05-25T13:31:02.287Z debug
result: { successful_key_count: 1, unsuccessful_keys: [] }
---

--- 2026-05-25T13:31:02.710Z debug
-- START CF API RESPONSE: OK 200
---

--- 2026-05-25T13:31:02.711Z debug
HEADERS: omitted; set WRANGLER_LOG_SANITIZE=false to include sanitized data
---

--- 2026-05-25T13:31:02.711Z debug
RESPONSE: omitted; set WRANGLER_LOG_SANITIZE=false to include sanitized data
---

--- 2026-05-25T13:31:02.711Z debug
-- END CF API RESPONSE
---

--- 2026-05-25T13:31:02.711Z debug
result: { successful_key_count: 1, unsuccessful_keys: [] }
---

--- 2026-05-25T13:31:02.712Z log
✨ Success! Uploaded 3 files (4 already uploaded) (1.54 sec)

---

--- 2026-05-25T13:31:02.712Z debug
-- START CF API REQUEST: POST https://api.cloudflare.com/client/v4/pages/assets/upsert-hashes
---

--- 2026-05-25T13:31:02.712Z debug
QUERY STRING: omitted; set WRANGLER_LOG_SANITIZE=false to include sanitized data
---

--- 2026-05-25T13:31:02.712Z debug
HEADERS: omitted; set WRANGLER_LOG_SANITIZE=false to include sanitized data
---

--- 2026-05-25T13:31:02.712Z debug
INIT: omitted; set WRANGLER_LOG_SANITIZE=false to include sanitized data
---

--- 2026-05-25T13:31:02.713Z debug
-- END CF API REQUEST
---

--- 2026-05-25T13:31:02.989Z debug
-- START CF API RESPONSE: OK 200
---

--- 2026-05-25T13:31:02.989Z debug
HEADERS: omitted; set WRANGLER_LOG_SANITIZE=false to include sanitized data
---

--- 2026-05-25T13:31:02.989Z debug
RESPONSE: omitted; set WRANGLER_LOG_SANITIZE=false to include sanitized data
---

--- 2026-05-25T13:31:02.989Z debug
-- END CF API RESPONSE
---

--- 2026-05-25T13:31:02.994Z log
✨ Uploading Functions bundle
---

--- 2026-05-25T13:31:02.994Z debug
-- START CF API REQUEST: POST https://api.cloudflare.com/client/v4/accounts/8a97ba904bc5bcdb34042cf2f5443825/pages/projects/divine-compass-staging/deployments
---

--- 2026-05-25T13:31:02.994Z debug
QUERY STRING: omitted; set WRANGLER_LOG_SANITIZE=false to include sanitized data
---

--- 2026-05-25T13:31:02.995Z debug
HEADERS: omitted; set WRANGLER_LOG_SANITIZE=false to include sanitized data
---

--- 2026-05-25T13:31:02.995Z debug
INIT: omitted; set WRANGLER_LOG_SANITIZE=false to include sanitized data
---

--- 2026-05-25T13:31:02.996Z debug
BODY: omitted; set WRANGLER_LOG_SANITIZE=false to include sanitized data
---

--- 2026-05-25T13:31:02.996Z debug
-- END CF API REQUEST
---

--- 2026-05-25T13:31:05.937Z debug
-- START CF API RESPONSE: OK 200
---

--- 2026-05-25T13:31:05.937Z debug
HEADERS: omitted; set WRANGLER_LOG_SANITIZE=false to include sanitized data
---

--- 2026-05-25T13:31:05.937Z debug
RESPONSE: omitted; set WRANGLER_LOG_SANITIZE=false to include sanitized data
---

--- 2026-05-25T13:31:05.937Z debug
-- END CF API RESPONSE
---

--- 2026-05-25T13:31:05.938Z debug
Saving to cache: {"account_id":"8a97ba904bc5bcdb34042cf2f5443825","project_name":"divine-compass-staging"}
---

--- 2026-05-25T13:31:05.939Z log
🌎 Deploying...
---

--- 2026-05-25T13:31:06.943Z debug
attempt #1: Attempting to fetch status for deployment with id "33d10eed-8d2a-4422-9bd9-b3413630ebc2" ...
---

--- 2026-05-25T13:31:06.943Z debug
-- START CF API REQUEST: GET https://api.cloudflare.com/client/v4/accounts/8a97ba904bc5bcdb34042cf2f5443825/pages/projects/divine-compass-staging/deployments/33d10eed-8d2a-4422-9bd9-b3413630ebc2
---

--- 2026-05-25T13:31:06.943Z debug
QUERY STRING: omitted; set WRANGLER_LOG_SANITIZE=false to include sanitized data
---

--- 2026-05-25T13:31:06.943Z debug
HEADERS: omitted; set WRANGLER_LOG_SANITIZE=false to include sanitized data
---

--- 2026-05-25T13:31:06.944Z debug
INIT: omitted; set WRANGLER_LOG_SANITIZE=false to include sanitized data
---

--- 2026-05-25T13:31:06.944Z debug
-- END CF API REQUEST
---

--- 2026-05-25T13:31:09.001Z debug
-- START CF API RESPONSE: OK 200
---

--- 2026-05-25T13:31:09.001Z debug
HEADERS: omitted; set WRANGLER_LOG_SANITIZE=false to include sanitized data
---

--- 2026-05-25T13:31:09.001Z debug
RESPONSE: omitted; set WRANGLER_LOG_SANITIZE=false to include sanitized data
---

--- 2026-05-25T13:31:09.001Z debug
-- END CF API RESPONSE
---

--- 2026-05-25T13:31:09.002Z log
✨ Deployment complete! Take a peek over at https://33d10eed.divine-compass-staging.pages.dev
---

--- 2026-05-25T13:31:09.003Z debug
Metrics dispatcher: Posting data {"deviceId":"db2a9084-803f-4f5f-a7bf-10025247991f","event":"create pages deployment","timestamp":1779715869003,"properties":{"amplitude_session_id":1779715869002,"amplitude_event_id":0,"wranglerVersion":"4.92.0","wranglerMajorVersion":4,"wranglerMinorVersion":92,"wranglerPatchVersion":0,"osPlatform":"Windows","osVersion":"Windows 10 Home Single Language","nodeVersion":24,"isFirstUsage":false,"configFileType":"none","isCI":false,"isPagesCI":false,"isWorkersCI":false,"isInteractive":true,"hasAssets":false,"agent":null,"category":"Workers","os":"win32:x64"}}
---

--- 2026-05-25T13:31:09.005Z debug
Metrics dispatcher: Posting data {"deviceId":"db2a9084-803f-4f5f-a7bf-10025247991f","event":"wrangler command completed","timestamp":1779715869005,"properties":{"amplitude_session_id":1779715853007,"amplitude_event_id":1,"wranglerVersion":"4.92.0","wranglerMajorVersion":4,"wranglerMinorVersion":92,"wranglerPatchVersion":0,"osPlatform":"Windows","osVersion":"Windows 10 Home Single Language","nodeVersion":24,"isFirstUsage":false,"configFileType":"none","isCI":false,"isPagesCI":false,"isWorkersCI":false,"isInteractive":true,"hasAssets":false,"agent":null,"argsUsed":["projectName"],"argsCombination":"projectName","sanitizedCommand":"pages deploy","sanitizedArgs":{},"durationMs":16010}}
---
