
--- 2026-05-26T12:22:26.997Z debug
🪵  Writing logs to "D:\Ai reel Agent\.wrangler-tmp\.wrangler\logs\wrangler-2026-05-26_12-22-26_763.log"
---

--- 2026-05-26T12:22:26.996Z debug
.env file not found at "D:\Ai reel Agent\divine-compass-main\.env". Continuing... For more details, refer to https://developers.cloudflare.com/workers/wrangler/system-environment-variables/
---

--- 2026-05-26T12:22:26.998Z debug
.env file not found at "D:\Ai reel Agent\divine-compass-main\.env.local". Continuing... For more details, refer to https://developers.cloudflare.com/workers/wrangler/system-environment-variables/
---

--- 2026-05-26T12:22:27.007Z log

 ⛅️ wrangler 4.92.0 (update available 4.94.0)
─────────────────────────────────────────────
---

--- 2026-05-26T12:22:27.010Z debug
Metrics dispatcher: Posting data {"deviceId":"db2a9084-803f-4f5f-a7bf-10025247991f","event":"wrangler command started","timestamp":1779798147010,"properties":{"amplitude_session_id":1779798147008,"amplitude_event_id":0,"wranglerVersion":"4.92.0","wranglerMajorVersion":4,"wranglerMinorVersion":92,"wranglerPatchVersion":0,"osPlatform":"Windows","osVersion":"Windows 10 Home Single Language","nodeVersion":24,"packageManager":"npm","isFirstUsage":false,"configFileType":"none","isCI":false,"isPagesCI":false,"isWorkersCI":false,"isInteractive":true,"hasAssets":false,"agent":null,"argsUsed":["projectName"],"argsCombination":"projectName","sanitizedCommand":"pages deploy","sanitizedArgs":{}}}
---

--- 2026-05-26T12:22:27.033Z debug
Retrieving cached values for account_id and project_name from node_modules\.cache\wrangler
---

--- 2026-05-26T12:22:27.044Z debug
-- START CF API REQUEST: GET https://api.cloudflare.com/client/v4/accounts/8a97ba904bc5bcdb34042cf2f5443825/pages/projects/divine-compass
---

--- 2026-05-26T12:22:27.044Z debug
QUERY STRING: omitted; set WRANGLER_LOG_SANITIZE=false to include sanitized data
---

--- 2026-05-26T12:22:27.045Z debug
HEADERS: omitted; set WRANGLER_LOG_SANITIZE=false to include sanitized data
---

--- 2026-05-26T12:22:27.045Z debug
INIT: omitted; set WRANGLER_LOG_SANITIZE=false to include sanitized data
---

--- 2026-05-26T12:22:27.045Z debug
-- END CF API REQUEST
---

--- 2026-05-26T12:22:29.530Z debug
-- START CF API RESPONSE: OK 200
---

--- 2026-05-26T12:22:29.531Z debug
HEADERS: omitted; set WRANGLER_LOG_SANITIZE=false to include sanitized data
---

--- 2026-05-26T12:22:29.531Z debug
RESPONSE: omitted; set WRANGLER_LOG_SANITIZE=false to include sanitized data
---

--- 2026-05-26T12:22:29.531Z debug
-- END CF API RESPONSE
---

--- 2026-05-26T12:22:29.534Z debug
pages deploy: Detecting git repository information...
---

--- 2026-05-26T12:22:29.582Z debug
pages deploy: Git repository detected
---

--- 2026-05-26T12:22:29.634Z debug
pages deploy: Working directory dirty status: true
---

--- 2026-05-26T12:22:29.679Z debug
pages deploy: Detected branch: "main"
---

--- 2026-05-26T12:22:29.723Z debug
pages deploy: Detected commit hash: "d8d3f7ebc71d2e2641914c21ceb8504588455a8d"
---

--- 2026-05-26T12:22:29.755Z debug
pages deploy: Detected commit message: "Updated premium AI reel app"
---

--- 2026-05-26T12:22:29.755Z debug
pages deploy: Git information summary - branch: main, commitHash: d8d3f7ebc71d2e2641914c21ceb8504588455a8d, commitDirty: true
---

--- 2026-05-26T12:22:29.757Z debug
-- START CF API REQUEST: GET https://api.cloudflare.com/client/v4/accounts/8a97ba904bc5bcdb34042cf2f5443825/pages/projects/divine-compass
---

--- 2026-05-26T12:22:29.757Z debug
QUERY STRING: omitted; set WRANGLER_LOG_SANITIZE=false to include sanitized data
---

--- 2026-05-26T12:22:29.757Z debug
HEADERS: omitted; set WRANGLER_LOG_SANITIZE=false to include sanitized data
---

--- 2026-05-26T12:22:29.757Z debug
INIT: omitted; set WRANGLER_LOG_SANITIZE=false to include sanitized data
---

--- 2026-05-26T12:22:29.757Z debug
-- END CF API REQUEST
---

--- 2026-05-26T12:22:34.932Z debug
-- START CF API RESPONSE: OK 200
---

--- 2026-05-26T12:22:34.932Z debug
HEADERS: omitted; set WRANGLER_LOG_SANITIZE=false to include sanitized data
---

--- 2026-05-26T12:22:34.932Z debug
RESPONSE: omitted; set WRANGLER_LOG_SANITIZE=false to include sanitized data
---

--- 2026-05-26T12:22:34.932Z debug
-- END CF API RESPONSE
---

--- 2026-05-26T12:22:34.998Z log
✨ Compiled Worker successfully
---

--- 2026-05-26T12:22:34.999Z debug
-- START CF API REQUEST: GET https://api.cloudflare.com/client/v4/accounts/8a97ba904bc5bcdb34042cf2f5443825/pages/projects/divine-compass/upload-token
---

--- 2026-05-26T12:22:34.999Z debug
QUERY STRING: omitted; set WRANGLER_LOG_SANITIZE=false to include sanitized data
---

--- 2026-05-26T12:22:34.999Z debug
HEADERS: omitted; set WRANGLER_LOG_SANITIZE=false to include sanitized data
---

--- 2026-05-26T12:22:34.999Z debug
INIT: omitted; set WRANGLER_LOG_SANITIZE=false to include sanitized data
---

--- 2026-05-26T12:22:34.999Z debug
-- END CF API REQUEST
---

--- 2026-05-26T12:22:37.165Z debug
-- START CF API RESPONSE: OK 200
---

--- 2026-05-26T12:22:37.166Z debug
HEADERS: omitted; set WRANGLER_LOG_SANITIZE=false to include sanitized data
---

--- 2026-05-26T12:22:37.166Z debug
RESPONSE: omitted; set WRANGLER_LOG_SANITIZE=false to include sanitized data
---

--- 2026-05-26T12:22:37.166Z debug
-- END CF API RESPONSE
---

--- 2026-05-26T12:22:37.258Z debug
-- START CF API REQUEST: GET https://api.cloudflare.com/client/v4/accounts/8a97ba904bc5bcdb34042cf2f5443825/pages/projects/divine-compass/upload-token
---

--- 2026-05-26T12:22:37.258Z debug
QUERY STRING: omitted; set WRANGLER_LOG_SANITIZE=false to include sanitized data
---

--- 2026-05-26T12:22:37.259Z debug
HEADERS: omitted; set WRANGLER_LOG_SANITIZE=false to include sanitized data
---

--- 2026-05-26T12:22:37.259Z debug
INIT: omitted; set WRANGLER_LOG_SANITIZE=false to include sanitized data
---

--- 2026-05-26T12:22:37.259Z debug
-- END CF API REQUEST
---

--- 2026-05-26T12:22:39.119Z debug
-- START CF API RESPONSE: OK 200
---

--- 2026-05-26T12:22:39.119Z debug
HEADERS: omitted; set WRANGLER_LOG_SANITIZE=false to include sanitized data
---

--- 2026-05-26T12:22:39.119Z debug
RESPONSE: omitted; set WRANGLER_LOG_SANITIZE=false to include sanitized data
---

--- 2026-05-26T12:22:39.119Z debug
-- END CF API RESPONSE
---

--- 2026-05-26T12:22:39.120Z debug
-- START CF API REQUEST: POST https://api.cloudflare.com/client/v4/pages/assets/check-missing
---

--- 2026-05-26T12:22:39.120Z debug
QUERY STRING: omitted; set WRANGLER_LOG_SANITIZE=false to include sanitized data
---

--- 2026-05-26T12:22:39.120Z debug
HEADERS: omitted; set WRANGLER_LOG_SANITIZE=false to include sanitized data
---

--- 2026-05-26T12:22:39.121Z debug
INIT: omitted; set WRANGLER_LOG_SANITIZE=false to include sanitized data
---

--- 2026-05-26T12:22:39.121Z debug
-- END CF API REQUEST
---

--- 2026-05-26T12:22:43.916Z debug
-- START CF API RESPONSE: OK 200
---

--- 2026-05-26T12:22:43.916Z debug
HEADERS: omitted; set WRANGLER_LOG_SANITIZE=false to include sanitized data
---

--- 2026-05-26T12:22:43.916Z debug
RESPONSE: omitted; set WRANGLER_LOG_SANITIZE=false to include sanitized data
---

--- 2026-05-26T12:22:43.916Z debug
-- END CF API RESPONSE
---

--- 2026-05-26T12:22:43.919Z debug
POST /pages/assets/upload
---

--- 2026-05-26T12:22:43.919Z debug
-- START CF API REQUEST: POST https://api.cloudflare.com/client/v4/pages/assets/upload
---

--- 2026-05-26T12:22:43.919Z debug
QUERY STRING: omitted; set WRANGLER_LOG_SANITIZE=false to include sanitized data
---

--- 2026-05-26T12:22:43.919Z debug
HEADERS: omitted; set WRANGLER_LOG_SANITIZE=false to include sanitized data
---

--- 2026-05-26T12:22:43.920Z debug
INIT: omitted; set WRANGLER_LOG_SANITIZE=false to include sanitized data
---

--- 2026-05-26T12:22:43.920Z debug
-- END CF API REQUEST
---

--- 2026-05-26T12:22:44.486Z debug
-- START CF API RESPONSE: OK 200
---

--- 2026-05-26T12:22:44.487Z debug
HEADERS: omitted; set WRANGLER_LOG_SANITIZE=false to include sanitized data
---

--- 2026-05-26T12:22:44.487Z debug
RESPONSE: omitted; set WRANGLER_LOG_SANITIZE=false to include sanitized data
---

--- 2026-05-26T12:22:44.487Z debug
-- END CF API RESPONSE
---

--- 2026-05-26T12:22:44.487Z debug
result: { successful_key_count: 1, unsuccessful_keys: [] }
---

--- 2026-05-26T12:22:44.488Z log
✨ Success! Uploaded 1 files (41 already uploaded) (5.37 sec)

---

--- 2026-05-26T12:22:44.489Z debug
-- START CF API REQUEST: POST https://api.cloudflare.com/client/v4/pages/assets/upsert-hashes
---

--- 2026-05-26T12:22:44.489Z debug
QUERY STRING: omitted; set WRANGLER_LOG_SANITIZE=false to include sanitized data
---

--- 2026-05-26T12:22:44.489Z debug
HEADERS: omitted; set WRANGLER_LOG_SANITIZE=false to include sanitized data
---

--- 2026-05-26T12:22:44.489Z debug
INIT: omitted; set WRANGLER_LOG_SANITIZE=false to include sanitized data
---

--- 2026-05-26T12:22:44.489Z debug
-- END CF API REQUEST
---

--- 2026-05-26T12:22:45.046Z debug
-- START CF API RESPONSE: OK 200
---

--- 2026-05-26T12:22:45.047Z debug
HEADERS: omitted; set WRANGLER_LOG_SANITIZE=false to include sanitized data
---

--- 2026-05-26T12:22:45.047Z debug
RESPONSE: omitted; set WRANGLER_LOG_SANITIZE=false to include sanitized data
---

--- 2026-05-26T12:22:45.047Z debug
-- END CF API RESPONSE
---

--- 2026-05-26T12:22:45.048Z log
✨ Uploading _redirects
---

--- 2026-05-26T12:22:45.052Z log
✨ Uploading Functions bundle
---

--- 2026-05-26T12:22:45.053Z debug
-- START CF API REQUEST: POST https://api.cloudflare.com/client/v4/accounts/8a97ba904bc5bcdb34042cf2f5443825/pages/projects/divine-compass/deployments
---

--- 2026-05-26T12:22:45.053Z debug
QUERY STRING: omitted; set WRANGLER_LOG_SANITIZE=false to include sanitized data
---

--- 2026-05-26T12:22:45.053Z debug
HEADERS: omitted; set WRANGLER_LOG_SANITIZE=false to include sanitized data
---

--- 2026-05-26T12:22:45.053Z debug
INIT: omitted; set WRANGLER_LOG_SANITIZE=false to include sanitized data
---

--- 2026-05-26T12:22:45.055Z debug
BODY: omitted; set WRANGLER_LOG_SANITIZE=false to include sanitized data
---

--- 2026-05-26T12:22:45.056Z debug
-- END CF API REQUEST
---

--- 2026-05-26T12:23:06.575Z debug
failed: TypeError: fetch failed
    at Object.processResponse (C:\Users\win\AppData\Roaming\npm\node_modules\wrangler\wrangler-dist\cli.js:24204:21)
    at C:\Users\win\AppData\Roaming\npm\node_modules\wrangler\wrangler-dist\cli.js:24590:23
    at node:internal/process/task_queues:150:7
    at AsyncResource.runInAsyncScope (node:async_hooks:227:14)
    at AsyncResource.runMicrotask (node:internal/process/task_queues:147:8) {
  [cause]: Error: read ECONNRESET
      at TLSWrap.onStreamRead (node:internal/stream_base_commons:216:20) {
    errno: -4077,
    code: 'ECONNRESET',
    syscall: 'read'
  }
}
---

--- 2026-05-26T12:23:06.577Z debug
Metrics dispatcher: Posting data {"deviceId":"db2a9084-803f-4f5f-a7bf-10025247991f","event":"wrangler command errored","timestamp":1779798186577,"properties":{"amplitude_session_id":1779798147008,"amplitude_event_id":1,"wranglerVersion":"4.92.0","wranglerMajorVersion":4,"wranglerMinorVersion":92,"wranglerPatchVersion":0,"osPlatform":"Windows","osVersion":"Windows 10 Home Single Language","nodeVersion":24,"packageManager":"npm","isFirstUsage":false,"configFileType":"none","isCI":false,"isPagesCI":false,"isWorkersCI":false,"isInteractive":true,"hasAssets":false,"agent":null,"argsUsed":["projectName"],"argsCombination":"projectName","sanitizedCommand":"pages deploy","sanitizedArgs":{},"durationMs":39577,"errorType":"TypeError"}}
---

--- 2026-05-26T12:23:06.579Z log

---

--- 2026-05-26T12:23:06.639Z warn
▲ [WARNING] A fetch request failed, likely due to a connectivity issue.

  
  Common causes:
    - No internet connection or network connectivity problems
    - Firewall or VPN blocking the request
    - Network proxy configuration issues
  
  Please check your network connection and try again.


---

--- 2026-05-26T12:23:06.640Z error
X [ERROR] fetch failed


---

--- 2026-05-26T12:23:06.640Z debug
TypeError: fetch failed
    at Object.processResponse (C:\Users\win\AppData\Roaming\npm\node_modules\wrangler\wrangler-dist\cli.js:24204:21)
    at C:\Users\win\AppData\Roaming\npm\node_modules\wrangler\wrangler-dist\cli.js:24590:23
    at node:internal/process/task_queues:150:7
    at AsyncResource.runInAsyncScope (node:async_hooks:227:14)
    at AsyncResource.runMicrotask (node:internal/process/task_queues:147:8)
---

--- 2026-05-26T12:23:06.640Z log
If you think this is a bug then please create an issue at https://github.com/cloudflare/workers-sdk/issues/new/choose
---

--- 2026-05-26T12:23:06.644Z log
Note that there is a newer version of Wrangler available (4.94.0). Consider checking whether upgrading resolves this error.
---
