
--- 2026-05-26T08:56:16.677Z debug
🪵  Writing logs to "D:\Ai reel Agent\.wrangler-tmp\.wrangler\logs\wrangler-2026-05-26_08-56-16_432.log"
---

--- 2026-05-26T08:56:16.676Z debug
.env file not found at "D:\Ai reel Agent\divine-compass-antigravity-recovered\.env". Continuing... For more details, refer to https://developers.cloudflare.com/workers/wrangler/system-environment-variables/
---

--- 2026-05-26T08:56:16.678Z debug
.env file not found at "D:\Ai reel Agent\divine-compass-antigravity-recovered\.env.local". Continuing... For more details, refer to https://developers.cloudflare.com/workers/wrangler/system-environment-variables/
---

--- 2026-05-26T08:56:16.688Z log

 ⛅️ wrangler 4.92.0 (update available 4.94.0)
─────────────────────────────────────────────
---

--- 2026-05-26T08:56:16.692Z debug
Metrics dispatcher: Posting data {"deviceId":"db2a9084-803f-4f5f-a7bf-10025247991f","event":"wrangler command started","timestamp":1779785776692,"properties":{"amplitude_session_id":1779785776690,"amplitude_event_id":0,"wranglerVersion":"4.92.0","wranglerMajorVersion":4,"wranglerMinorVersion":92,"wranglerPatchVersion":0,"osPlatform":"Windows","osVersion":"Windows 10 Home Single Language","nodeVersion":24,"packageManager":"npm","isFirstUsage":false,"configFileType":"none","isCI":false,"isPagesCI":false,"isWorkersCI":false,"isInteractive":true,"hasAssets":false,"agent":null,"argsUsed":["projectName"],"argsCombination":"projectName","sanitizedCommand":"pages deploy","sanitizedArgs":{}}}
---

--- 2026-05-26T08:56:16.715Z debug
Retrieving cached values for account_id and project_name from node_modules\.cache\wrangler
---

--- 2026-05-26T08:56:16.726Z debug
-- START CF API REQUEST: GET https://api.cloudflare.com/client/v4/accounts/8a97ba904bc5bcdb34042cf2f5443825/pages/projects/divine-compass
---

--- 2026-05-26T08:56:16.726Z debug
QUERY STRING: omitted; set WRANGLER_LOG_SANITIZE=false to include sanitized data
---

--- 2026-05-26T08:56:16.727Z debug
HEADERS: omitted; set WRANGLER_LOG_SANITIZE=false to include sanitized data
---

--- 2026-05-26T08:56:16.727Z debug
INIT: omitted; set WRANGLER_LOG_SANITIZE=false to include sanitized data
---

--- 2026-05-26T08:56:16.727Z debug
-- END CF API REQUEST
---

--- 2026-05-26T08:56:18.953Z debug
-- START CF API RESPONSE: OK 200
---

--- 2026-05-26T08:56:18.953Z debug
HEADERS: omitted; set WRANGLER_LOG_SANITIZE=false to include sanitized data
---

--- 2026-05-26T08:56:18.953Z debug
RESPONSE: omitted; set WRANGLER_LOG_SANITIZE=false to include sanitized data
---

--- 2026-05-26T08:56:18.953Z debug
-- END CF API RESPONSE
---

--- 2026-05-26T08:56:18.956Z debug
pages deploy: Detecting git repository information...
---

--- 2026-05-26T08:56:19.012Z debug
pages deploy: Git repository detected
---

--- 2026-05-26T08:56:19.068Z debug
pages deploy: Working directory dirty status: true
---

--- 2026-05-26T08:56:19.117Z debug
pages deploy: Detected branch: "main"
---

--- 2026-05-26T08:56:19.164Z debug
pages deploy: Detected commit hash: "d8d3f7ebc71d2e2641914c21ceb8504588455a8d"
---

--- 2026-05-26T08:56:19.198Z debug
pages deploy: Detected commit message: "Updated premium AI reel app"
---

--- 2026-05-26T08:56:19.198Z debug
pages deploy: Git information summary - branch: main, commitHash: d8d3f7ebc71d2e2641914c21ceb8504588455a8d, commitDirty: true
---

--- 2026-05-26T08:56:19.199Z debug
-- START CF API REQUEST: GET https://api.cloudflare.com/client/v4/accounts/8a97ba904bc5bcdb34042cf2f5443825/pages/projects/divine-compass
---

--- 2026-05-26T08:56:19.199Z debug
QUERY STRING: omitted; set WRANGLER_LOG_SANITIZE=false to include sanitized data
---

--- 2026-05-26T08:56:19.199Z debug
HEADERS: omitted; set WRANGLER_LOG_SANITIZE=false to include sanitized data
---

--- 2026-05-26T08:56:19.200Z debug
INIT: omitted; set WRANGLER_LOG_SANITIZE=false to include sanitized data
---

--- 2026-05-26T08:56:19.200Z debug
-- END CF API REQUEST
---

--- 2026-05-26T08:56:21.946Z debug
-- START CF API RESPONSE: OK 200
---

--- 2026-05-26T08:56:21.947Z debug
HEADERS: omitted; set WRANGLER_LOG_SANITIZE=false to include sanitized data
---

--- 2026-05-26T08:56:21.947Z debug
RESPONSE: omitted; set WRANGLER_LOG_SANITIZE=false to include sanitized data
---

--- 2026-05-26T08:56:21.947Z debug
-- END CF API RESPONSE
---

--- 2026-05-26T08:56:22.003Z log
✨ Compiled Worker successfully
---

--- 2026-05-26T08:56:22.004Z debug
-- START CF API REQUEST: GET https://api.cloudflare.com/client/v4/accounts/8a97ba904bc5bcdb34042cf2f5443825/pages/projects/divine-compass/upload-token
---

--- 2026-05-26T08:56:22.004Z debug
QUERY STRING: omitted; set WRANGLER_LOG_SANITIZE=false to include sanitized data
---

--- 2026-05-26T08:56:22.004Z debug
HEADERS: omitted; set WRANGLER_LOG_SANITIZE=false to include sanitized data
---

--- 2026-05-26T08:56:22.005Z debug
INIT: omitted; set WRANGLER_LOG_SANITIZE=false to include sanitized data
---

--- 2026-05-26T08:56:22.005Z debug
-- END CF API REQUEST
---

--- 2026-05-26T08:56:23.944Z debug
-- START CF API RESPONSE: OK 200
---

--- 2026-05-26T08:56:23.944Z debug
HEADERS: omitted; set WRANGLER_LOG_SANITIZE=false to include sanitized data
---

--- 2026-05-26T08:56:23.944Z debug
RESPONSE: omitted; set WRANGLER_LOG_SANITIZE=false to include sanitized data
---

--- 2026-05-26T08:56:23.944Z debug
-- END CF API RESPONSE
---

--- 2026-05-26T08:56:24.046Z debug
-- START CF API REQUEST: GET https://api.cloudflare.com/client/v4/accounts/8a97ba904bc5bcdb34042cf2f5443825/pages/projects/divine-compass/upload-token
---

--- 2026-05-26T08:56:24.046Z debug
QUERY STRING: omitted; set WRANGLER_LOG_SANITIZE=false to include sanitized data
---

--- 2026-05-26T08:56:24.046Z debug
HEADERS: omitted; set WRANGLER_LOG_SANITIZE=false to include sanitized data
---

--- 2026-05-26T08:56:24.046Z debug
INIT: omitted; set WRANGLER_LOG_SANITIZE=false to include sanitized data
---

--- 2026-05-26T08:56:24.047Z debug
-- END CF API REQUEST
---

--- 2026-05-26T08:56:33.439Z debug
-- START CF API RESPONSE: OK 200
---

--- 2026-05-26T08:56:33.439Z debug
HEADERS: omitted; set WRANGLER_LOG_SANITIZE=false to include sanitized data
---

--- 2026-05-26T08:56:33.439Z debug
RESPONSE: omitted; set WRANGLER_LOG_SANITIZE=false to include sanitized data
---

--- 2026-05-26T08:56:33.440Z debug
-- END CF API RESPONSE
---

--- 2026-05-26T08:56:33.440Z debug
-- START CF API REQUEST: POST https://api.cloudflare.com/client/v4/pages/assets/check-missing
---

--- 2026-05-26T08:56:33.441Z debug
QUERY STRING: omitted; set WRANGLER_LOG_SANITIZE=false to include sanitized data
---

--- 2026-05-26T08:56:33.441Z debug
HEADERS: omitted; set WRANGLER_LOG_SANITIZE=false to include sanitized data
---

--- 2026-05-26T08:56:33.441Z debug
INIT: omitted; set WRANGLER_LOG_SANITIZE=false to include sanitized data
---

--- 2026-05-26T08:56:33.441Z debug
-- END CF API REQUEST
---

--- 2026-05-26T08:56:33.721Z debug
-- START CF API RESPONSE: OK 200
---

--- 2026-05-26T08:56:33.722Z debug
HEADERS: omitted; set WRANGLER_LOG_SANITIZE=false to include sanitized data
---

--- 2026-05-26T08:56:33.722Z debug
RESPONSE: omitted; set WRANGLER_LOG_SANITIZE=false to include sanitized data
---

--- 2026-05-26T08:56:33.722Z debug
-- END CF API RESPONSE
---

--- 2026-05-26T08:56:33.727Z debug
POST /pages/assets/upload
---

--- 2026-05-26T08:56:33.727Z debug
-- START CF API REQUEST: POST https://api.cloudflare.com/client/v4/pages/assets/upload
---

--- 2026-05-26T08:56:33.728Z debug
QUERY STRING: omitted; set WRANGLER_LOG_SANITIZE=false to include sanitized data
---

--- 2026-05-26T08:56:33.728Z debug
HEADERS: omitted; set WRANGLER_LOG_SANITIZE=false to include sanitized data
---

--- 2026-05-26T08:56:33.728Z debug
INIT: omitted; set WRANGLER_LOG_SANITIZE=false to include sanitized data
---

--- 2026-05-26T08:56:33.728Z debug
-- END CF API REQUEST
---

--- 2026-05-26T08:56:33.730Z debug
POST /pages/assets/upload
---

--- 2026-05-26T08:56:33.731Z debug
-- START CF API REQUEST: POST https://api.cloudflare.com/client/v4/pages/assets/upload
---

--- 2026-05-26T08:56:33.732Z debug
QUERY STRING: omitted; set WRANGLER_LOG_SANITIZE=false to include sanitized data
---

--- 2026-05-26T08:56:33.732Z debug
HEADERS: omitted; set WRANGLER_LOG_SANITIZE=false to include sanitized data
---

--- 2026-05-26T08:56:33.733Z debug
INIT: omitted; set WRANGLER_LOG_SANITIZE=false to include sanitized data
---

--- 2026-05-26T08:56:33.733Z debug
-- END CF API REQUEST
---

--- 2026-05-26T08:56:33.740Z debug
POST /pages/assets/upload
---

--- 2026-05-26T08:56:33.742Z debug
-- START CF API REQUEST: POST https://api.cloudflare.com/client/v4/pages/assets/upload
---

--- 2026-05-26T08:56:33.742Z debug
QUERY STRING: omitted; set WRANGLER_LOG_SANITIZE=false to include sanitized data
---

--- 2026-05-26T08:56:33.742Z debug
HEADERS: omitted; set WRANGLER_LOG_SANITIZE=false to include sanitized data
---

--- 2026-05-26T08:56:33.745Z debug
INIT: omitted; set WRANGLER_LOG_SANITIZE=false to include sanitized data
---

--- 2026-05-26T08:56:33.745Z debug
-- END CF API REQUEST
---

--- 2026-05-26T08:56:34.451Z debug
-- START CF API RESPONSE: OK 200
---

--- 2026-05-26T08:56:34.451Z debug
HEADERS: omitted; set WRANGLER_LOG_SANITIZE=false to include sanitized data
---

--- 2026-05-26T08:56:34.451Z debug
RESPONSE: omitted; set WRANGLER_LOG_SANITIZE=false to include sanitized data
---

--- 2026-05-26T08:56:34.451Z debug
-- END CF API RESPONSE
---

--- 2026-05-26T08:56:34.452Z debug
result: { successful_key_count: 1, unsuccessful_keys: [] }
---

--- 2026-05-26T08:56:50.358Z debug
-- START CF API RESPONSE: OK 200
---

--- 2026-05-26T08:56:50.358Z debug
HEADERS: omitted; set WRANGLER_LOG_SANITIZE=false to include sanitized data
---

--- 2026-05-26T08:56:50.359Z debug
RESPONSE: omitted; set WRANGLER_LOG_SANITIZE=false to include sanitized data
---

--- 2026-05-26T08:56:50.359Z debug
-- END CF API RESPONSE
---

--- 2026-05-26T08:56:50.359Z debug
result: { successful_key_count: 1, unsuccessful_keys: [] }
---

--- 2026-05-26T08:58:04.766Z debug
failed: TypeError: fetch failed
    at Object.processResponse (C:\Users\win\AppData\Roaming\npm\node_modules\wrangler\wrangler-dist\cli.js:24204:21)
    at C:\Users\win\AppData\Roaming\npm\node_modules\wrangler\wrangler-dist\cli.js:24590:23
    at node:internal/process/task_queues:150:7
    at AsyncResource.runInAsyncScope (node:async_hooks:227:14)
    at AsyncResource.runMicrotask (node:internal/process/task_queues:147:8) {
  [cause]: Error: read ECONNRESET
      at TLSWrap.onStreamRead (node:internal/stream_base_commons:216:20) {
    errno: -4077,
    code: 'ECONNRESET',
    syscall: 'read'
  }
} retrying...
---

--- 2026-05-26T08:58:05.781Z debug
POST /pages/assets/upload
---

--- 2026-05-26T08:58:05.782Z debug
-- START CF API REQUEST: POST https://api.cloudflare.com/client/v4/pages/assets/upload
---

--- 2026-05-26T08:58:05.783Z debug
QUERY STRING: omitted; set WRANGLER_LOG_SANITIZE=false to include sanitized data
---

--- 2026-05-26T08:58:05.783Z debug
HEADERS: omitted; set WRANGLER_LOG_SANITIZE=false to include sanitized data
---

--- 2026-05-26T08:58:05.786Z debug
INIT: omitted; set WRANGLER_LOG_SANITIZE=false to include sanitized data
---

--- 2026-05-26T08:58:05.786Z debug
-- END CF API REQUEST
---

--- 2026-05-26T08:58:07.066Z debug
-- START CF API RESPONSE: OK 200
---

--- 2026-05-26T08:58:07.067Z debug
HEADERS: omitted; set WRANGLER_LOG_SANITIZE=false to include sanitized data
---

--- 2026-05-26T08:58:07.067Z debug
RESPONSE: omitted; set WRANGLER_LOG_SANITIZE=false to include sanitized data
---

--- 2026-05-26T08:58:07.067Z debug
-- END CF API RESPONSE
---

--- 2026-05-26T08:58:07.067Z debug
result: { successful_key_count: 1, unsuccessful_keys: [] }
---

--- 2026-05-26T08:58:07.068Z log
✨ Success! Uploaded 3 files (36 already uploaded) (93.63 sec)

---

--- 2026-05-26T08:58:07.069Z debug
-- START CF API REQUEST: POST https://api.cloudflare.com/client/v4/pages/assets/upsert-hashes
---

--- 2026-05-26T08:58:07.069Z debug
QUERY STRING: omitted; set WRANGLER_LOG_SANITIZE=false to include sanitized data
---

--- 2026-05-26T08:58:07.069Z debug
HEADERS: omitted; set WRANGLER_LOG_SANITIZE=false to include sanitized data
---

--- 2026-05-26T08:58:07.069Z debug
INIT: omitted; set WRANGLER_LOG_SANITIZE=false to include sanitized data
---

--- 2026-05-26T08:58:07.069Z debug
-- END CF API REQUEST
---

--- 2026-05-26T08:58:07.398Z debug
-- START CF API RESPONSE: OK 200
---

--- 2026-05-26T08:58:07.398Z debug
HEADERS: omitted; set WRANGLER_LOG_SANITIZE=false to include sanitized data
---

--- 2026-05-26T08:58:07.398Z debug
RESPONSE: omitted; set WRANGLER_LOG_SANITIZE=false to include sanitized data
---

--- 2026-05-26T08:58:07.398Z debug
-- END CF API RESPONSE
---

--- 2026-05-26T08:58:07.399Z log
✨ Uploading _redirects
---

--- 2026-05-26T08:58:07.403Z log
✨ Uploading Functions bundle
---

--- 2026-05-26T08:58:07.404Z debug
-- START CF API REQUEST: POST https://api.cloudflare.com/client/v4/accounts/8a97ba904bc5bcdb34042cf2f5443825/pages/projects/divine-compass/deployments
---

--- 2026-05-26T08:58:07.404Z debug
QUERY STRING: omitted; set WRANGLER_LOG_SANITIZE=false to include sanitized data
---

--- 2026-05-26T08:58:07.404Z debug
HEADERS: omitted; set WRANGLER_LOG_SANITIZE=false to include sanitized data
---

--- 2026-05-26T08:58:07.404Z debug
INIT: omitted; set WRANGLER_LOG_SANITIZE=false to include sanitized data
---

--- 2026-05-26T08:58:07.406Z debug
BODY: omitted; set WRANGLER_LOG_SANITIZE=false to include sanitized data
---

--- 2026-05-26T08:58:07.406Z debug
-- END CF API REQUEST
---

--- 2026-05-26T08:58:10.596Z debug
-- START CF API RESPONSE: OK 200
---

--- 2026-05-26T08:58:10.597Z debug
HEADERS: omitted; set WRANGLER_LOG_SANITIZE=false to include sanitized data
---

--- 2026-05-26T08:58:10.597Z debug
RESPONSE: omitted; set WRANGLER_LOG_SANITIZE=false to include sanitized data
---

--- 2026-05-26T08:58:10.597Z debug
-- END CF API RESPONSE
---

--- 2026-05-26T08:58:10.598Z debug
Saving to cache: {"account_id":"8a97ba904bc5bcdb34042cf2f5443825","project_name":"divine-compass"}
---

--- 2026-05-26T08:58:10.599Z log
🌎 Deploying...
---

--- 2026-05-26T08:58:11.610Z debug
attempt #1: Attempting to fetch status for deployment with id "9929c1bb-5707-4853-8fc4-d731873ecc8d" ...
---

--- 2026-05-26T08:58:11.610Z debug
-- START CF API REQUEST: GET https://api.cloudflare.com/client/v4/accounts/8a97ba904bc5bcdb34042cf2f5443825/pages/projects/divine-compass/deployments/9929c1bb-5707-4853-8fc4-d731873ecc8d
---

--- 2026-05-26T08:58:11.610Z debug
QUERY STRING: omitted; set WRANGLER_LOG_SANITIZE=false to include sanitized data
---

--- 2026-05-26T08:58:11.610Z debug
HEADERS: omitted; set WRANGLER_LOG_SANITIZE=false to include sanitized data
---

--- 2026-05-26T08:58:11.610Z debug
INIT: omitted; set WRANGLER_LOG_SANITIZE=false to include sanitized data
---

--- 2026-05-26T08:58:11.610Z debug
-- END CF API REQUEST
---

--- 2026-05-26T08:58:13.547Z debug
-- START CF API RESPONSE: OK 200
---

--- 2026-05-26T08:58:13.547Z debug
HEADERS: omitted; set WRANGLER_LOG_SANITIZE=false to include sanitized data
---

--- 2026-05-26T08:58:13.547Z debug
RESPONSE: omitted; set WRANGLER_LOG_SANITIZE=false to include sanitized data
---

--- 2026-05-26T08:58:13.547Z debug
-- END CF API RESPONSE
---

--- 2026-05-26T08:58:13.548Z log
✨ Deployment complete! Take a peek over at https://9929c1bb.divine-compass.pages.dev
---

--- 2026-05-26T08:58:13.549Z debug
Metrics dispatcher: Posting data {"deviceId":"db2a9084-803f-4f5f-a7bf-10025247991f","event":"create pages deployment","timestamp":1779785893549,"properties":{"amplitude_session_id":1779785893548,"amplitude_event_id":0,"wranglerVersion":"4.92.0","wranglerMajorVersion":4,"wranglerMinorVersion":92,"wranglerPatchVersion":0,"osPlatform":"Windows","osVersion":"Windows 10 Home Single Language","nodeVersion":24,"packageManager":"npm","isFirstUsage":false,"configFileType":"none","isCI":false,"isPagesCI":false,"isWorkersCI":false,"isInteractive":true,"hasAssets":false,"agent":null,"category":"Workers","os":"win32:x64"}}
---

--- 2026-05-26T08:58:13.552Z debug
Metrics dispatcher: Posting data {"deviceId":"db2a9084-803f-4f5f-a7bf-10025247991f","event":"wrangler command completed","timestamp":1779785893552,"properties":{"amplitude_session_id":1779785776690,"amplitude_event_id":1,"wranglerVersion":"4.92.0","wranglerMajorVersion":4,"wranglerMinorVersion":92,"wranglerPatchVersion":0,"osPlatform":"Windows","osVersion":"Windows 10 Home Single Language","nodeVersion":24,"packageManager":"npm","isFirstUsage":false,"configFileType":"none","isCI":false,"isPagesCI":false,"isWorkersCI":false,"isInteractive":true,"hasAssets":false,"agent":null,"argsUsed":["projectName"],"argsCombination":"projectName","sanitizedCommand":"pages deploy","sanitizedArgs":{},"durationMs":116872}}
---
