
--- 2026-05-26T12:08:19.947Z debug
🪵  Writing logs to "D:\Ai reel Agent\.wrangler-tmp\.wrangler\logs\wrangler-2026-05-26_12-08-19_652.log"
---

--- 2026-05-26T12:08:19.947Z debug
.env file not found at "D:\Ai reel Agent\divine-compass-antigravity-recovered\.env". Continuing... For more details, refer to https://developers.cloudflare.com/workers/wrangler/system-environment-variables/
---

--- 2026-05-26T12:08:19.949Z debug
.env file not found at "D:\Ai reel Agent\divine-compass-antigravity-recovered\.env.local". Continuing... For more details, refer to https://developers.cloudflare.com/workers/wrangler/system-environment-variables/
---

--- 2026-05-26T12:08:19.962Z log

 ⛅️ wrangler 4.92.0 (update available 4.94.0)
─────────────────────────────────────────────
---

--- 2026-05-26T12:08:19.975Z debug
Metrics dispatcher: Posting data {"deviceId":"db2a9084-803f-4f5f-a7bf-10025247991f","event":"wrangler command started","timestamp":1779797299975,"properties":{"amplitude_session_id":1779797299971,"amplitude_event_id":0,"wranglerVersion":"4.92.0","wranglerMajorVersion":4,"wranglerMinorVersion":92,"wranglerPatchVersion":0,"osPlatform":"Windows","osVersion":"Windows 10 Home Single Language","nodeVersion":24,"isFirstUsage":false,"configFileType":"none","isCI":false,"isPagesCI":false,"isWorkersCI":false,"isInteractive":true,"hasAssets":false,"agent":null,"argsUsed":[],"argsCombination":"","sanitizedCommand":"login","sanitizedArgs":{}}}
---

--- 2026-05-26T12:08:20.010Z log
Attempting to login via OAuth...
---

--- 2026-05-26T12:08:20.034Z log
Opening a link in your default browser: https://dash.cloudflare.com/oauth2/auth?response_type=code&client_id=54d11594-84e4-41aa-b438-e81b8fa78ee7&redirect_uri=http%3A%2F%2Flocalhost%3A8976%2Foauth%2Fcallback&scope=account%3Aread%20user%3Aread%20workers%3Awrite%20workers_kv%3Awrite%20workers_routes%3Awrite%20workers_scripts%3Awrite%20workers_tail%3Aread%20d1%3Awrite%20pages%3Awrite%20zone%3Aread%20ssl_certs%3Awrite%20ai%3Awrite%20ai-search%3Awrite%20ai-search%3Arun%20queues%3Awrite%20pipelines%3Awrite%20secrets_store%3Awrite%20artifacts%3Awrite%20flagship%3Awrite%20containers%3Awrite%20cloudchamber%3Awrite%20connectivity%3Aadmin%20email_routing%3Awrite%20email_sending%3Awrite%20browser%3Awrite%20offline_access&state=4.En0qC3Fx4u55auQ0M3FV_ncKGofLBQ&code_challenge=RTKjbAj8VazaEUOvO1u8RzLDH9vndGvCS-t5JP6sjI8&code_challenge_method=S256
---

--- 2026-05-26T12:08:34.345Z debug
fetching auth token grant_type=authorization_code&code=v4BMXaPKU09LknbaQV377b3oaJrnWfOQ3xIIr1B3RuM.xSruIhIGR7XAO3VDhlZdM0NO1A-ftVwaze8Ua_y58s0&redirect_uri=http%3A%2F%2Flocalhost%3A8976%2Foauth%2Fcallback&client_id=54d11594-84e4-41aa-b438-e81b8fa78ee7&code_verifier=QVdmYi1WUmk4a1NKNWRyUlh3XzJBbVpFfkFpWThJZTh6UGJHa2luZ1FmfkRfdmRfZnRta1dCdHFCZ3lqSjFMazUtVEwzMjN3bkh2Y1licGtoc2gyQlBUMC1acEJ4N0k4
---

--- 2026-05-26T12:08:34.346Z debug
Checking if domain has Access enabled: dash.cloudflare.com
---

--- 2026-05-26T12:08:34.346Z debug
Access switch not cached for: dash.cloudflare.com
---

--- 2026-05-26T12:08:34.388Z debug
Caching access switch for: dash.cloudflare.com
---

--- 2026-05-26T12:08:34.388Z debug
Fetching auth token from https://dash.cloudflare.com/oauth2/token
---

--- 2026-05-26T12:08:35.124Z log
Successfully logged in.
---

--- 2026-05-26T12:08:35.127Z debug
Metrics dispatcher: Posting data {"deviceId":"db2a9084-803f-4f5f-a7bf-10025247991f","event":"login user","timestamp":1779797315127,"properties":{"amplitude_session_id":1779797315126,"amplitude_event_id":0,"wranglerVersion":"4.92.0","wranglerMajorVersion":4,"wranglerMinorVersion":92,"wranglerPatchVersion":0,"osPlatform":"Windows","osVersion":"Windows 10 Home Single Language","nodeVersion":24,"isFirstUsage":false,"configFileType":"none","isCI":false,"isPagesCI":false,"isWorkersCI":false,"isInteractive":true,"hasAssets":false,"agent":null,"category":"Workers","os":"win32:x64"}}
---

--- 2026-05-26T12:08:35.130Z debug
Metrics dispatcher: Posting data {"deviceId":"db2a9084-803f-4f5f-a7bf-10025247991f","event":"wrangler command completed","timestamp":1779797315130,"properties":{"amplitude_session_id":1779797299971,"amplitude_event_id":1,"wranglerVersion":"4.92.0","wranglerMajorVersion":4,"wranglerMinorVersion":92,"wranglerPatchVersion":0,"osPlatform":"Windows","osVersion":"Windows 10 Home Single Language","nodeVersion":24,"isFirstUsage":false,"configFileType":"none","isCI":false,"isPagesCI":false,"isWorkersCI":false,"isInteractive":true,"hasAssets":false,"agent":null,"argsUsed":[],"argsCombination":"","sanitizedCommand":"login","sanitizedArgs":{},"durationMs":15178}}
---
