
--- 2026-05-25T12:55:41.251Z debug
🪵  Writing logs to "D:\Ai reel Agent\.wrangler-tmp\.wrangler\logs\wrangler-2026-05-25_12-55-40_975.log"
---

--- 2026-05-25T12:55:41.251Z debug
.env file not found at "D:\Ai reel Agent\.env.local". Continuing... For more details, refer to https://developers.cloudflare.com/workers/wrangler/system-environment-variables/
---

--- 2026-05-25T12:55:41.287Z log

 ⛅️ wrangler 4.92.0
───────────────────
---

--- 2026-05-25T12:55:41.313Z debug
Metrics dispatcher: Posting data {"deviceId":"db2a9084-803f-4f5f-a7bf-10025247991f","event":"wrangler command started","timestamp":1779713741312,"properties":{"amplitude_session_id":1779713741302,"amplitude_event_id":0,"wranglerVersion":"4.92.0","wranglerMajorVersion":4,"wranglerMinorVersion":92,"wranglerPatchVersion":0,"osPlatform":"Windows","osVersion":"Windows 10 Home Single Language","nodeVersion":24,"isFirstUsage":true,"configFileType":"none","isCI":false,"isPagesCI":false,"isWorkersCI":false,"isInteractive":false,"hasAssets":false,"agent":null,"argsUsed":[],"argsCombination":"","sanitizedCommand":"whoami","sanitizedArgs":{}}}
---

--- 2026-05-25T12:55:41.343Z log
Getting User settings...
---

--- 2026-05-25T12:55:41.348Z log
You are not authenticated. Please run `wrangler login`.
---

--- 2026-05-25T12:55:41.350Z debug
Metrics dispatcher: Posting data {"deviceId":"db2a9084-803f-4f5f-a7bf-10025247991f","event":"view accounts","timestamp":1779713741350,"properties":{"amplitude_session_id":1779713741348,"amplitude_event_id":0,"wranglerVersion":"4.92.0","wranglerMajorVersion":4,"wranglerMinorVersion":92,"wranglerPatchVersion":0,"osPlatform":"Windows","osVersion":"Windows 10 Home Single Language","nodeVersion":24,"isFirstUsage":false,"configFileType":"none","isCI":false,"isPagesCI":false,"isWorkersCI":false,"isInteractive":false,"hasAssets":false,"agent":null,"category":"Workers","os":"win32:x64"}}
---

--- 2026-05-25T12:55:41.354Z debug
Metrics dispatcher: Posting data {"deviceId":"db2a9084-803f-4f5f-a7bf-10025247991f","event":"wrangler command completed","timestamp":1779713741354,"properties":{"amplitude_session_id":1779713741302,"amplitude_event_id":1,"wranglerVersion":"4.92.0","wranglerMajorVersion":4,"wranglerMinorVersion":92,"wranglerPatchVersion":0,"osPlatform":"Windows","osVersion":"Windows 10 Home Single Language","nodeVersion":24,"isFirstUsage":false,"configFileType":"none","isCI":false,"isPagesCI":false,"isWorkersCI":false,"isInteractive":false,"hasAssets":false,"agent":null,"argsUsed":[],"argsCombination":"","sanitizedCommand":"whoami","sanitizedArgs":{},"durationMs":99}}
---

--- 2026-05-25T12:55:41.366Z debug
Metrics dispatcher: Failed to send request: fetch failed
---

--- 2026-05-25T12:55:41.367Z debug
Metrics dispatcher: Failed to send request: fetch failed
---

--- 2026-05-25T12:55:41.368Z debug
Metrics dispatcher: Failed to send request: fetch failed
---
