
--- 2026-05-25T13:02:24.582Z debug
🪵  Writing logs to "D:\Ai reel Agent\.wrangler-tmp\.wrangler\logs\wrangler-2026-05-25_13-02-24_320.log"
---

--- 2026-05-25T13:02:24.582Z debug
.env file not found at "D:\Ai reel Agent\divine-compass-pages-test\.env". Continuing... For more details, refer to https://developers.cloudflare.com/workers/wrangler/system-environment-variables/
---

--- 2026-05-25T13:02:24.583Z debug
.env file not found at "D:\Ai reel Agent\divine-compass-pages-test\.env.local". Continuing... For more details, refer to https://developers.cloudflare.com/workers/wrangler/system-environment-variables/
---

--- 2026-05-25T13:02:24.593Z log

 ⛅️ wrangler 4.92.0 (update available 4.94.0)
─────────────────────────────────────────────
---

--- 2026-05-25T13:02:24.598Z debug
Metrics dispatcher: Posting data {"deviceId":"db2a9084-803f-4f5f-a7bf-10025247991f","event":"wrangler command started","timestamp":1779714144598,"properties":{"amplitude_session_id":1779714144595,"amplitude_event_id":0,"wranglerVersion":"4.92.0","wranglerMajorVersion":4,"wranglerMinorVersion":92,"wranglerPatchVersion":0,"osPlatform":"Windows","osVersion":"Windows 10 Home Single Language","nodeVersion":24,"isFirstUsage":false,"configFileType":"none","isCI":false,"isPagesCI":false,"isWorkersCI":false,"isInteractive":true,"hasAssets":false,"agent":null,"argsUsed":["projectName"],"argsCombination":"projectName","sanitizedCommand":"pages deploy","sanitizedArgs":{}}}
---

--- 2026-05-25T13:02:24.630Z debug
Retrieving cached values for account_id and project_name from node_modules\.cache\wrangler
---

--- 2026-05-25T13:02:24.642Z debug
-- START CF API REQUEST: GET https://api.cloudflare.com/client/v4/accounts/8a97ba904bc5bcdb34042cf2f5443825/pages/projects/divine-compass-staging
---

--- 2026-05-25T13:02:24.642Z debug
QUERY STRING: omitted; set WRANGLER_LOG_SANITIZE=false to include sanitized data
---

--- 2026-05-25T13:02:24.643Z debug
HEADERS: omitted; set WRANGLER_LOG_SANITIZE=false to include sanitized data
---

--- 2026-05-25T13:02:24.643Z debug
INIT: omitted; set WRANGLER_LOG_SANITIZE=false to include sanitized data
---

--- 2026-05-25T13:02:24.643Z debug
-- END CF API REQUEST
---

--- 2026-05-25T13:02:27.119Z debug
-- START CF API RESPONSE: OK 200
---

--- 2026-05-25T13:02:27.120Z debug
HEADERS: omitted; set WRANGLER_LOG_SANITIZE=false to include sanitized data
---

--- 2026-05-25T13:02:27.120Z debug
RESPONSE: omitted; set WRANGLER_LOG_SANITIZE=false to include sanitized data
---

--- 2026-05-25T13:02:27.120Z debug
-- END CF API RESPONSE
---

--- 2026-05-25T13:02:27.123Z debug
pages deploy: Detecting git repository information...
---

--- 2026-05-25T13:02:27.239Z debug
pages deploy: Git repository detected
---

--- 2026-05-25T13:02:27.342Z debug
pages deploy: Working directory dirty status: true
---

--- 2026-05-25T13:02:27.436Z debug
pages deploy: Detected branch: "main"
---

--- 2026-05-25T13:02:27.528Z debug
pages deploy: Detected commit hash: "d8d3f7ebc71d2e2641914c21ceb8504588455a8d"
---

--- 2026-05-25T13:02:27.643Z debug
pages deploy: Detected commit message: "Updated premium AI reel app"
---

--- 2026-05-25T13:02:27.762Z warn
▲ [WARNING] Warning: Your working directory is a git repo and has uncommitted changes

  To silence this warning, pass in --commit-dirty=true


---

--- 2026-05-25T13:02:27.763Z debug
pages deploy: Git information summary - branch: main, commitHash: d8d3f7ebc71d2e2641914c21ceb8504588455a8d, commitDirty: true
---

--- 2026-05-25T13:02:27.765Z debug
-- START CF API REQUEST: GET https://api.cloudflare.com/client/v4/accounts/8a97ba904bc5bcdb34042cf2f5443825/pages/projects/divine-compass-staging
---

--- 2026-05-25T13:02:27.765Z debug
QUERY STRING: omitted; set WRANGLER_LOG_SANITIZE=false to include sanitized data
---

--- 2026-05-25T13:02:27.765Z debug
HEADERS: omitted; set WRANGLER_LOG_SANITIZE=false to include sanitized data
---

--- 2026-05-25T13:02:27.766Z debug
INIT: omitted; set WRANGLER_LOG_SANITIZE=false to include sanitized data
---

--- 2026-05-25T13:02:27.766Z debug
-- END CF API REQUEST
---

--- 2026-05-25T13:02:29.647Z debug
-- START CF API RESPONSE: OK 200
---

--- 2026-05-25T13:02:29.647Z debug
HEADERS: omitted; set WRANGLER_LOG_SANITIZE=false to include sanitized data
---

--- 2026-05-25T13:02:29.647Z debug
RESPONSE: omitted; set WRANGLER_LOG_SANITIZE=false to include sanitized data
---

--- 2026-05-25T13:02:29.647Z debug
-- END CF API RESPONSE
---

--- 2026-05-25T13:02:29.787Z log
✨ Compiled Worker successfully
---

--- 2026-05-25T13:02:29.789Z debug
-- START CF API REQUEST: GET https://api.cloudflare.com/client/v4/accounts/8a97ba904bc5bcdb34042cf2f5443825/pages/projects/divine-compass-staging/upload-token
---

--- 2026-05-25T13:02:29.789Z debug
QUERY STRING: omitted; set WRANGLER_LOG_SANITIZE=false to include sanitized data
---

--- 2026-05-25T13:02:29.789Z debug
HEADERS: omitted; set WRANGLER_LOG_SANITIZE=false to include sanitized data
---

--- 2026-05-25T13:02:29.789Z debug
INIT: omitted; set WRANGLER_LOG_SANITIZE=false to include sanitized data
---

--- 2026-05-25T13:02:29.789Z debug
-- END CF API REQUEST
---

--- 2026-05-25T13:02:31.641Z debug
-- START CF API RESPONSE: OK 200
---

--- 2026-05-25T13:02:31.641Z debug
HEADERS: omitted; set WRANGLER_LOG_SANITIZE=false to include sanitized data
---

--- 2026-05-25T13:02:31.641Z debug
RESPONSE: omitted; set WRANGLER_LOG_SANITIZE=false to include sanitized data
---

--- 2026-05-25T13:02:31.641Z debug
-- END CF API RESPONSE
---

--- 2026-05-25T13:02:31.675Z debug
-- START CF API REQUEST: GET https://api.cloudflare.com/client/v4/accounts/8a97ba904bc5bcdb34042cf2f5443825/pages/projects/divine-compass-staging/upload-token
---

--- 2026-05-25T13:02:31.675Z debug
QUERY STRING: omitted; set WRANGLER_LOG_SANITIZE=false to include sanitized data
---

--- 2026-05-25T13:02:31.675Z debug
HEADERS: omitted; set WRANGLER_LOG_SANITIZE=false to include sanitized data
---

--- 2026-05-25T13:02:31.675Z debug
INIT: omitted; set WRANGLER_LOG_SANITIZE=false to include sanitized data
---

--- 2026-05-25T13:02:31.675Z debug
-- END CF API REQUEST
---

--- 2026-05-25T13:02:33.610Z debug
-- START CF API RESPONSE: OK 200
---

--- 2026-05-25T13:02:33.611Z debug
HEADERS: omitted; set WRANGLER_LOG_SANITIZE=false to include sanitized data
---

--- 2026-05-25T13:02:33.611Z debug
RESPONSE: omitted; set WRANGLER_LOG_SANITIZE=false to include sanitized data
---

--- 2026-05-25T13:02:33.611Z debug
-- END CF API RESPONSE
---

--- 2026-05-25T13:02:33.612Z debug
-- START CF API REQUEST: POST https://api.cloudflare.com/client/v4/pages/assets/check-missing
---

--- 2026-05-25T13:02:33.612Z debug
QUERY STRING: omitted; set WRANGLER_LOG_SANITIZE=false to include sanitized data
---

--- 2026-05-25T13:02:33.612Z debug
HEADERS: omitted; set WRANGLER_LOG_SANITIZE=false to include sanitized data
---

--- 2026-05-25T13:02:33.612Z debug
INIT: omitted; set WRANGLER_LOG_SANITIZE=false to include sanitized data
---

--- 2026-05-25T13:02:33.612Z debug
-- END CF API REQUEST
---

--- 2026-05-25T13:02:34.220Z debug
-- START CF API RESPONSE: OK 200
---

--- 2026-05-25T13:02:34.220Z debug
HEADERS: omitted; set WRANGLER_LOG_SANITIZE=false to include sanitized data
---

--- 2026-05-25T13:02:34.220Z debug
RESPONSE: omitted; set WRANGLER_LOG_SANITIZE=false to include sanitized data
---

--- 2026-05-25T13:02:34.220Z debug
-- END CF API RESPONSE
---

--- 2026-05-25T13:02:34.224Z debug
POST /pages/assets/upload
---

--- 2026-05-25T13:02:34.225Z debug
-- START CF API REQUEST: POST https://api.cloudflare.com/client/v4/pages/assets/upload
---

--- 2026-05-25T13:02:34.225Z debug
QUERY STRING: omitted; set WRANGLER_LOG_SANITIZE=false to include sanitized data
---

--- 2026-05-25T13:02:34.225Z debug
HEADERS: omitted; set WRANGLER_LOG_SANITIZE=false to include sanitized data
---

--- 2026-05-25T13:02:34.225Z debug
INIT: omitted; set WRANGLER_LOG_SANITIZE=false to include sanitized data
---

--- 2026-05-25T13:02:34.225Z debug
-- END CF API REQUEST
---

--- 2026-05-25T13:02:34.228Z debug
POST /pages/assets/upload
---

--- 2026-05-25T13:02:34.229Z debug
-- START CF API REQUEST: POST https://api.cloudflare.com/client/v4/pages/assets/upload
---

--- 2026-05-25T13:02:34.229Z debug
QUERY STRING: omitted; set WRANGLER_LOG_SANITIZE=false to include sanitized data
---

--- 2026-05-25T13:02:34.229Z debug
HEADERS: omitted; set WRANGLER_LOG_SANITIZE=false to include sanitized data
---

--- 2026-05-25T13:02:34.231Z debug
INIT: omitted; set WRANGLER_LOG_SANITIZE=false to include sanitized data
---

--- 2026-05-25T13:02:34.231Z debug
-- END CF API REQUEST
---

--- 2026-05-25T13:02:34.238Z debug
POST /pages/assets/upload
---

--- 2026-05-25T13:02:34.244Z debug
-- START CF API REQUEST: POST https://api.cloudflare.com/client/v4/pages/assets/upload
---

--- 2026-05-25T13:02:34.244Z debug
QUERY STRING: omitted; set WRANGLER_LOG_SANITIZE=false to include sanitized data
---

--- 2026-05-25T13:02:34.244Z debug
HEADERS: omitted; set WRANGLER_LOG_SANITIZE=false to include sanitized data
---

--- 2026-05-25T13:02:34.249Z debug
INIT: omitted; set WRANGLER_LOG_SANITIZE=false to include sanitized data
---

--- 2026-05-25T13:02:34.249Z debug
-- END CF API REQUEST
---

--- 2026-05-25T13:02:34.847Z debug
-- START CF API RESPONSE: OK 200
---

--- 2026-05-25T13:02:34.847Z debug
HEADERS: omitted; set WRANGLER_LOG_SANITIZE=false to include sanitized data
---

--- 2026-05-25T13:02:34.847Z debug
RESPONSE: omitted; set WRANGLER_LOG_SANITIZE=false to include sanitized data
---

--- 2026-05-25T13:02:34.847Z debug
-- END CF API RESPONSE
---

--- 2026-05-25T13:02:34.848Z debug
result: { successful_key_count: 2, unsuccessful_keys: [] }
---

--- 2026-05-25T13:02:35.162Z debug
-- START CF API RESPONSE: OK 200
---

--- 2026-05-25T13:02:35.162Z debug
HEADERS: omitted; set WRANGLER_LOG_SANITIZE=false to include sanitized data
---

--- 2026-05-25T13:02:35.162Z debug
RESPONSE: omitted; set WRANGLER_LOG_SANITIZE=false to include sanitized data
---

--- 2026-05-25T13:02:35.162Z debug
-- END CF API RESPONSE
---

--- 2026-05-25T13:02:35.163Z debug
result: { successful_key_count: 2, unsuccessful_keys: [] }
---

--- 2026-05-25T13:02:37.117Z debug
-- START CF API RESPONSE: OK 200
---

--- 2026-05-25T13:02:37.117Z debug
HEADERS: omitted; set WRANGLER_LOG_SANITIZE=false to include sanitized data
---

--- 2026-05-25T13:02:37.117Z debug
RESPONSE: omitted; set WRANGLER_LOG_SANITIZE=false to include sanitized data
---

--- 2026-05-25T13:02:37.117Z debug
-- END CF API RESPONSE
---

--- 2026-05-25T13:02:37.117Z debug
result: { successful_key_count: 3, unsuccessful_keys: [] }
---

--- 2026-05-25T13:02:37.118Z log
✨ Success! Uploaded 7 files (3.51 sec)

---

--- 2026-05-25T13:02:37.118Z debug
-- START CF API REQUEST: POST https://api.cloudflare.com/client/v4/pages/assets/upsert-hashes
---

--- 2026-05-25T13:02:37.119Z debug
QUERY STRING: omitted; set WRANGLER_LOG_SANITIZE=false to include sanitized data
---

--- 2026-05-25T13:02:37.119Z debug
HEADERS: omitted; set WRANGLER_LOG_SANITIZE=false to include sanitized data
---

--- 2026-05-25T13:02:37.119Z debug
INIT: omitted; set WRANGLER_LOG_SANITIZE=false to include sanitized data
---

--- 2026-05-25T13:02:37.119Z debug
-- END CF API REQUEST
---

--- 2026-05-25T13:02:37.402Z debug
-- START CF API RESPONSE: OK 200
---

--- 2026-05-25T13:02:37.402Z debug
HEADERS: omitted; set WRANGLER_LOG_SANITIZE=false to include sanitized data
---

--- 2026-05-25T13:02:37.402Z debug
RESPONSE: omitted; set WRANGLER_LOG_SANITIZE=false to include sanitized data
---

--- 2026-05-25T13:02:37.402Z debug
-- END CF API RESPONSE
---

--- 2026-05-25T13:02:37.407Z log
✨ Uploading Functions bundle
---

--- 2026-05-25T13:02:37.408Z debug
-- START CF API REQUEST: POST https://api.cloudflare.com/client/v4/accounts/8a97ba904bc5bcdb34042cf2f5443825/pages/projects/divine-compass-staging/deployments
---

--- 2026-05-25T13:02:37.408Z debug
QUERY STRING: omitted; set WRANGLER_LOG_SANITIZE=false to include sanitized data
---

--- 2026-05-25T13:02:37.408Z debug
HEADERS: omitted; set WRANGLER_LOG_SANITIZE=false to include sanitized data
---

--- 2026-05-25T13:02:37.408Z debug
INIT: omitted; set WRANGLER_LOG_SANITIZE=false to include sanitized data
---

--- 2026-05-25T13:02:37.409Z debug
BODY: omitted; set WRANGLER_LOG_SANITIZE=false to include sanitized data
---

--- 2026-05-25T13:02:37.409Z debug
-- END CF API REQUEST
---

--- 2026-05-25T13:02:40.802Z debug
-- START CF API RESPONSE: OK 200
---

--- 2026-05-25T13:02:40.802Z debug
HEADERS: omitted; set WRANGLER_LOG_SANITIZE=false to include sanitized data
---

--- 2026-05-25T13:02:40.802Z debug
RESPONSE: omitted; set WRANGLER_LOG_SANITIZE=false to include sanitized data
---

--- 2026-05-25T13:02:40.802Z debug
-- END CF API RESPONSE
---

--- 2026-05-25T13:02:40.803Z debug
Saving to cache: {"account_id":"8a97ba904bc5bcdb34042cf2f5443825","project_name":"divine-compass-staging"}
---

--- 2026-05-25T13:02:40.804Z log
🌎 Deploying...
---

--- 2026-05-25T13:02:41.811Z debug
attempt #1: Attempting to fetch status for deployment with id "28287b39-1203-4b85-bfd3-6a78c1ebdf1b" ...
---

--- 2026-05-25T13:02:41.811Z debug
-- START CF API REQUEST: GET https://api.cloudflare.com/client/v4/accounts/8a97ba904bc5bcdb34042cf2f5443825/pages/projects/divine-compass-staging/deployments/28287b39-1203-4b85-bfd3-6a78c1ebdf1b
---

--- 2026-05-25T13:02:41.811Z debug
QUERY STRING: omitted; set WRANGLER_LOG_SANITIZE=false to include sanitized data
---

--- 2026-05-25T13:02:41.811Z debug
HEADERS: omitted; set WRANGLER_LOG_SANITIZE=false to include sanitized data
---

--- 2026-05-25T13:02:41.811Z debug
INIT: omitted; set WRANGLER_LOG_SANITIZE=false to include sanitized data
---

--- 2026-05-25T13:02:41.811Z debug
-- END CF API REQUEST
---

--- 2026-05-25T13:02:43.682Z debug
-- START CF API RESPONSE: OK 200
---

--- 2026-05-25T13:02:43.682Z debug
HEADERS: omitted; set WRANGLER_LOG_SANITIZE=false to include sanitized data
---

--- 2026-05-25T13:02:43.682Z debug
RESPONSE: omitted; set WRANGLER_LOG_SANITIZE=false to include sanitized data
---

--- 2026-05-25T13:02:43.682Z debug
-- END CF API RESPONSE
---

--- 2026-05-25T13:02:43.683Z log
✨ Deployment complete! Take a peek over at https://28287b39.divine-compass-staging.pages.dev
---

--- 2026-05-25T13:02:43.685Z debug
Metrics dispatcher: Posting data {"deviceId":"db2a9084-803f-4f5f-a7bf-10025247991f","event":"create pages deployment","timestamp":1779714163685,"properties":{"amplitude_session_id":1779714163684,"amplitude_event_id":0,"wranglerVersion":"4.92.0","wranglerMajorVersion":4,"wranglerMinorVersion":92,"wranglerPatchVersion":0,"osPlatform":"Windows","osVersion":"Windows 10 Home Single Language","nodeVersion":24,"isFirstUsage":false,"configFileType":"none","isCI":false,"isPagesCI":false,"isWorkersCI":false,"isInteractive":true,"hasAssets":false,"agent":null,"category":"Workers","os":"win32:x64"}}
---

--- 2026-05-25T13:02:43.689Z debug
Metrics dispatcher: Posting data {"deviceId":"db2a9084-803f-4f5f-a7bf-10025247991f","event":"wrangler command completed","timestamp":1779714163689,"properties":{"amplitude_session_id":1779714144595,"amplitude_event_id":1,"wranglerVersion":"4.92.0","wranglerMajorVersion":4,"wranglerMinorVersion":92,"wranglerPatchVersion":0,"osPlatform":"Windows","osVersion":"Windows 10 Home Single Language","nodeVersion":24,"isFirstUsage":false,"configFileType":"none","isCI":false,"isPagesCI":false,"isWorkersCI":false,"isInteractive":true,"hasAssets":false,"agent":null,"argsUsed":["projectName"],"argsCombination":"projectName","sanitizedCommand":"pages deploy","sanitizedArgs":{},"durationMs":19104}}
---
